93.207.27.54 - - [10/Apr/2013:19:37:06 +0200] "POST /includes/suche_item.php HTTP/1.1" 200 308 "http://rom.byte-artist.de/items_uebersicht.php?sort=pa&ri=a&pos=6630&schritte=30" "Mozilla/5.0 (Windows NT 6.0) AppleWebKit/537.31 (KHTML, like Gecko) Chrome/26.0.1410.64 Safari/537.31" rom.byte-artist.de
93.207.27.54 - - [10/Apr/2013:19:37:43 +0200] "GET /items_uebersicht.php?sort=g&ri=d&pos=9710&schritte=30 HTTP/1.1" 200 38701 "http://www.google.de/url?sa=t&rct=j&q=kerkerschloss%20rom&source=web&cd=6&sqi=2&ved=0CFMQFjAF&url=http%3A%2F%2From.byte-artist.de%2Fitems_uebersicht.php%3Fsort%3Dg%26ri%3Dd%26pos%3D9710%26schritte%3D30&ei=WqNlUcKsN4nStAbE1YCwBw&usg=AFQjCNG7xYGQ0ze4QBCVQ32Q1bvBAY18Kg" "Mozilla/5.0 (Windows NT 6.0) AppleWebKit/537.31 (KHTML, like Gecko) Chrome/26.0.1410.64 Safari/537.31" rom.byte-artist.de
93.207.27.54 - - [10/Apr/2013:19:37:43 +0200] "GET /favicon.ico HTTP/1.1" 404 277 "-" "Mozilla/5.0 (Windows NT 6.0) AppleWebKit/537.31 (KHTML, like Gecko) Chrome/26.0.1410.64 Safari/537.31" rom.byte-artist.de
93.207.27.54 - - [10/Apr/2013:19:37:44 +0200] "POST /includes/suche_item.php HTTP/1.1" 200 253 "http://rom.byte-artist.de/items_uebersicht.php?sort=g&ri=d&pos=9710&schritte=30" "Mozilla/5.0 (Windows NT 6.0) AppleWebKit/537.31 (KHTML, like Gecko) Chrome/26.0.1410.64 Safari/537.31" rom.byte-artist.de
93.207.27.54 - - [10/Apr/2013:19:37:45 +0200] "POST /includes/suche_item.php HTTP/1.1" 200 256 "http://rom.byte-artist.de/items_uebersicht.php?sort=g&ri=d&pos=9710&schritte=30" "Mozilla/5.0 (Windows NT 6.0) AppleWebKit/537.31 (KHTML, like Gecko) Chrome/26.0.1410.64 Safari/537.31" rom.byte-artist.de
93.207.27.54 - - [10/Apr/2013:19:37:45 +0200] "POST /includes/suche_item.php HTTP/1.1" 200 252 "http://rom.byte-artist.de/items_uebersicht.php?sort=g&ri=d&pos=9710&schritte=30" "Mozilla/5.0 (Windows NT 6.0) AppleWebKit/537.31 (KHTML, like Gecko) Chrome/26.0.1410.64 Safari/537.31" rom.byte-artist.de
93.207.27.54 - - [10/Apr/2013:19:37:46 +0200] "POST /includes/suche_item.php HTTP/1.1" 200 256 "http://rom.byte-artist.de/items_uebersicht.php?sort=g&ri=d&pos=9710&schritte=30" "Mozilla/5.0 (Windows NT 6.0) AppleWebKit/537.31 (KHTML, like Gecko) Chrome/26.0.1410.64 Safari/537.31" rom.byte-artist.de
93.207.27.54 - - [10/Apr/2013:19:37:49 +0200] "POST /includes/suche_item.php HTTP/1.1" 200 253 "http://rom.byte-artist.de/items_uebersicht.php?sort=g&ri=d&pos=9710&schritte=30" "Mozilla/5.0 (Windows NT 6.0) AppleWebKit/537.31 (KHTML, like Gecko) Chrome/26.0.1410.64 Safari/537.31" rom.byte-artist.de
93.207.27.54 - - [10/Apr/2013:19:37:51 +0200] "POST /includes/suche_item.php HTTP/1.1" 200 242 "http://rom.byte-artist.de/items_uebersicht.php?sort=g&ri=d&pos=9710&schritte=30" "Mozilla/5.0 (Windows NT 6.0) AppleWebKit/537.31 (KHTML, like Gecko) Chrome/26.0.1410.64 Safari/537.31" rom.byte-artist.de
93.207.27.54 - - [10/Apr/2013:19:37:52 +0200] "GET /item_info.php?id=2261 HTTP/1.1" 200 1442 "http://rom.byte-artist.de/items_uebersicht.php?sort=g&ri=d&pos=9710&schritte=30" "Mozilla/5.0 (Windows NT 6.0) AppleWebKit/537.31 (KHTML, like Gecko) Chrome/26.0.1410.64 Safari/537.31" rom.byte-artist.de
93.207.27.54 - - [10/Apr/2013:19:37:52 +0200] "GET /loader.gif HTTP/1.1" 404 276 "http://rom.byte-artist.de/item_info.php?id=2261" "Mozilla/5.0 (Windows NT 6.0) AppleWebKit/537.31 (KHTML, like Gecko) Chrome/26.0.1410.64 Safari/537.31" rom.byte-artist.de
93.207.27.54 - - [10/Apr/2013:19:37:52 +0200] "GET /favicon.ico HTTP/1.1" 404 277 "-" "Mozilla/5.0 (Windows NT 6.0) AppleWebKit/537.31 (KHTML, like Gecko) Chrome/26.0.1410.64 Safari/537.31" rom.byte-artist.de
93.207.27.54 - - [10/Apr/2013:19:37:55 +0200] "GET /items_uebersicht.php?sort=g&ri=d&pos=9710&schritte=30 HTTP/1.1" 200 38701 "http://www.google.de/url?sa=t&rct=j&q=kerkerschloss%20rom&source=web&cd=6&sqi=2&ved=0CFMQFjAF&url=http%3A%2F%2From.byte-artist.de%2Fitems_uebersicht.php%3Fsort%3Dg%26ri%3Dd%26pos%3D9710%26schritte%3D30&ei=WqNlUcKsN4nStAbE1YCwBw&usg=AFQjCNG7xYGQ0ze4QBCVQ32Q1bvBAY18Kg" "Mozilla/5.0 (Windows NT 6.0) AppleWebKit/537.31 (KHTML, like Gecko) Chrome/26.0.1410.64 Safari/537.31" rom.byte-artist.de
93.207.27.54 - - [10/Apr/2013:19:37:55 +0200] "GET /favicon.ico HTTP/1.1" 404 277 "-" "Mozilla/5.0 (Windows NT 6.0) AppleWebKit/537.31 (KHTML, like Gecko) Chrome/26.0.1410.64 Safari/537.31" rom.byte-artist.de
93.207.27.54 - - [10/Apr/2013:19:37:56 +0200] "POST /includes/suche_item.php HTTP/1.1" 200 252 "http://rom.byte-artist.de/items_uebersicht.php?sort=g&ri=d&pos=9710&schritte=30" "Mozilla/5.0 (Windows NT 6.0) AppleWebKit/537.31 (KHTML, like Gecko) Chrome/26.0.1410.64 Safari/537.31" rom.byte-artist.de
93.207.27.54 - - [10/Apr/2013:19:37:56 +0200] "POST /includes/suche_item.php HTTP/1.1" 200 256 "http://rom.byte-artist.de/items_uebersicht.php?sort=g&ri=d&pos=9710&schritte=30" "Mozilla/5.0 (Windows NT 6.0) AppleWebKit/537.31 (KHTML, like Gecko) Chrome/26.0.1410.64 Safari/537.31" rom.byte-artist.de
93.207.27.54 - - [10/Apr/2013:19:37:56 +0200] "POST /includes/suche_item.php HTTP/1.1" 200 253 "http://rom.byte-artist.de/items_uebersicht.php?sort=g&ri=d&pos=9710&schritte=30" "Mozilla/5.0 (Windows NT 6.0) AppleWebKit/537.31 (KHTML, like Gecko) Chrome/26.0.1410.64 Safari/537.31" rom.byte-artist.de
208.115.111.69 - - [10/Apr/2013:20:15:43 +0200] "GET /item_info.php?id=1150 HTTP/1.1" 200 1442 "-" "Mozilla/5.0 (compatible; Ezooms/1.0; ezooms.bot@gmail.com)" rom.byte-artist.de
208.115.111.69 - - [10/Apr/2013:20:15:44 +0200] "GET /item_info.php?id=1183 HTTP/1.1" 200 1442 "-" "Mozilla/5.0 (compatible; Ezooms/1.0; ezooms.bot@gmail.com)" rom.byte-artist.de
208.115.111.69 - - [10/Apr/2013:20:15:46 +0200] "GET /item_info.php?id=13544 HTTP/1.1" 200 1442 "-" "Mozilla/5.0 (compatible; Ezooms/1.0; ezooms.bot@gmail.com)" rom.byte-artist.de
208.115.111.69 - - [10/Apr/2013:20:15:47 +0200] "GET /item_info.php?id=14127 HTTP/1.1" 200 1442 "-" "Mozilla/5.0 (compatible; Ezooms/1.0; ezooms.bot@gmail.com)" rom.byte-artist.de
208.115.111.69 - - [10/Apr/2013:20:15:48 +0200] "GET /item_info.php?id=14227 HTTP/1.1" 200 1442 "-" "Mozilla/5.0 (compatible; Ezooms/1.0; ezooms.bot@gmail.com)" rom.byte-artist.de
208.115.111.69 - - [10/Apr/2013:20:15:49 +0200] "GET /item_info.php?id=14761 HTTP/1.1" 200 1442 "-" "Mozilla/5.0 (compatible; Ezooms/1.0; ezooms.bot@gmail.com)" rom.byte-artist.de
208.115.111.69 - - [10/Apr/2013:20:15:50 +0200] "GET /item_info.php?id=177 HTTP/1.1" 200 1442 "-" "Mozilla/5.0 (compatible; Ezooms/1.0; ezooms.bot@gmail.com)" rom.byte-artist.de
208.115.111.69 - - [10/Apr/2013:20:15:51 +0200] "GET /item_info.php?id=3130 HTTP/1.1" 200 1442 "-" "Mozilla/5.0 (compatible; Ezooms/1.0; ezooms.bot@gmail.com)" rom.byte-artist.de
208.115.111.69 - - [10/Apr/2013:20:15:52 +0200] "GET /item_info.php?id=4341 HTTP/1.1" 200 1442 "-" "Mozilla/5.0 (compatible; Ezooms/1.0; ezooms.bot@gmail.com)" rom.byte-artist.de
208.115.111.69 - - [10/Apr/2013:20:15:53 +0200] "GET /item_info.php?id=5396 HTTP/1.1" 200 1442 "-" "Mozilla/5.0 (compatible; Ezooms/1.0; ezooms.bot@gmail.com)" rom.byte-artist.de
208.115.111.69 - - [10/Apr/2013:20:15:54 +0200] "GET /item_info.php?id=64 HTTP/1.1" 200 1442 "-" "Mozilla/5.0 (compatible; Ezooms/1.0; ezooms.bot@gmail.com)" rom.byte-artist.de
208.115.111.69 - - [10/Apr/2013:20:15:55 +0200] "GET /item_info.php?id=91 HTTP/1.1" 200 1442 "-" "Mozilla/5.0 (compatible; Ezooms/1.0; ezooms.bot@gmail.com)" rom.byte-artist.de
208.115.111.69 - - [10/Apr/2013:20:15:56 +0200] "GET /items_uebersicht.php?pos=30&schritte=30&sort=sn&ri=a HTTP/1.1" 200 39461 "-" "Mozilla/5.0 (compatible; Ezooms/1.0; ezooms.bot@gmail.com)" rom.byte-artist.de
208.115.111.69 - - [10/Apr/2013:20:15:57 +0200] "GET /items_uebersicht.php?pos=60&schritte=30&sort=g&ri=a HTTP/1.1" 200 38533 "-" "Mozilla/5.0 (compatible; Ezooms/1.0; ezooms.bot@gmail.com)" rom.byte-artist.de
208.115.111.69 - - [10/Apr/2013:20:15:58 +0200] "GET /items_uebersicht.php?sort=as&ri=d&pos=120&schritte=30 HTTP/1.1" 200 40133 "-" "Mozilla/5.0 (compatible; Ezooms/1.0; ezooms.bot@gmail.com)" rom.byte-artist.de
208.115.111.69 - - [10/Apr/2013:20:15:59 +0200] "GET /items_uebersicht.php?sort=ma&ri=a&pos=120&schritte=30 HTTP/1.1" 200 39465 "-" "Mozilla/5.0 (compatible; Ezooms/1.0; ezooms.bot@gmail.com)" rom.byte-artist.de
208.115.111.69 - - [10/Apr/2013:20:16:00 +0200] "GET /items_uebersicht.php?sort=sn&ri=d&pos=60&schritte=30 HTTP/1.1" 200 39829 "-" "Mozilla/5.0 (compatible; Ezooms/1.0; ezooms.bot@gmail.com)" rom.byte-artist.de
208.115.111.69 - - [10/Apr/2013:20:16:01 +0200] "GET /software/ HTTP/1.1" 404 21527 "-" "Mozilla/5.0 (compatible; Ezooms/1.0; ezooms.bot@gmail.com)" forum.byte-artist.de
208.115.111.69 - - [10/Apr/2013:20:16:03 +0200] "GET /software/betriebsysteme/implicit-declaration-of-function--__skb_append-.html HTTP/1.1" 404 21868 "-" "Mozilla/5.0 (compatible; Ezooms/1.0; ezooms.bot@gmail.com)" forum.byte-artist.de
88.74.152.12 - - [10/Apr/2013:20:16:23 +0200] "GET /feed-rss/blog HTTP/1.1" 200 525 "-" "Mozilla/5.0 (X11; Linux x86_64; rv:17.0) Gecko/20130329 Thunderbird/17.0.5 Lightning/1.9.1" www.byte-artist.de
88.74.152.12 - - [10/Apr/2013:20:16:23 +0200] "GET /feed-rss/projekte HTTP/1.1" 200 34559 "-" "Mozilla/5.0 (X11; Linux x86_64; rv:17.0) Gecko/20130329 Thunderbird/17.0.5 Lightning/1.9.1" www.byte-artist.de
5.9.86.85 - - [10/Apr/2013:20:16:31 +0200] "GET /?pid=101 HTTP/1.1" 200 10707 "-" "Mozilla/5.0 (compatible; Infohelfer/1.3.3; +http://www.infohelfer.de/crawler.php)" forum.byte-artist.de
5.9.88.119 - - [10/Apr/2013:20:18:03 +0200] "GET /software/sicherheit/ HTTP/1.1" 404 7615 "-" "Mozilla/5.0 (compatible; Infohelfer/1.3.3; +http://www.infohelfer.de/crawler.php)" forum.byte-artist.de
5.9.88.119 - - [10/Apr/2013:20:19:44 +0200] "GET /games/cabal/wizard-aenderungen.html HTTP/1.1" 200 27113 "-" "Mozilla/5.0 (compatible; Infohelfer/1.3.3; +http://www.infohelfer.de/crawler.php)" forum.byte-artist.de
130.83.167.153 - - [10/Apr/2013:20:20:51 +0200] "GET /index.php?id=6 HTTP/1.1" 302 299 "-" "findlinks/2.6 (+http://wortschatz.uni-leipzig.de/findlinks/)" scripte.byte-artist.de
130.83.167.153 - - [10/Apr/2013:20:20:51 +0200] "GET /scripteindex.php?id=6 HTTP/1.1" 301 319 "-" "findlinks/2.6 (+http://wortschatz.uni-leipzig.de/findlinks/)" byte-artist.de
130.83.167.153 - - [10/Apr/2013:20:20:51 +0200] "GET /scripteindex.php?id=6 HTTP/1.1" 200 9070 "-" "findlinks/2.6 (+http://wortschatz.uni-leipzig.de/findlinks/)" www.byte-artist.de
130.83.167.153 - - [10/Apr/2013:20:20:51 +0200] "GET /index.php?id=6 HTTP/1.1" 302 299 "-" "findlinks/2.6 (+http://wortschatz.uni-leipzig.de/findlinks/)" scripte.byte-artist.de
130.83.167.153 - - [10/Apr/2013:20:20:51 +0200] "GET /scripteindex.php?id=6 HTTP/1.1" 301 319 "-" "findlinks/2.6 (+http://wortschatz.uni-leipzig.de/findlinks/)" byte-artist.de
130.83.167.153 - - [10/Apr/2013:20:20:51 +0200] "GET /scripteindex.php?id=6 HTTP/1.1" 200 9070 "-" "findlinks/2.6 (+http://wortschatz.uni-leipzig.de/findlinks/)" www.byte-artist.de
109.233.156.56 - - [10/Apr/2013:20:21:18 +0200] "GET /feed-rss/blog HTTP/1.1" 200 525 "-" "Mozilla/5.0" www.byte-artist.de
5.9.88.119 - - [10/Apr/2013:20:21:21 +0200] "GET /games/kingdoms-of-camelot/barbarenlager-farmen.html HTTP/1.1" 200 11224 "-" "Mozilla/5.0 (compatible; Infohelfer/1.3.3; +http://www.infohelfer.de/crawler.php)" forum.byte-artist.de
5.9.31.15 - - [10/Apr/2013:20:25:41 +0200] "GET /internes/ HTTP/1.1" 404 6892 "-" "Mozilla/5.0 (compatible; Infohelfer/1.3.3; +http://www.infohelfer.de/crawler.php)" forum.byte-artist.de
5.9.31.15 - - [10/Apr/2013:20:28:09 +0200] "GET /games/cabal/news-01-02-2008.html HTTP/1.1" 200 11744 "-" "Mozilla/5.0 (compatible; Infohelfer/1.3.3; +http://www.infohelfer.de/crawler.php)" forum.byte-artist.de
141.8.147.22 - - [10/Apr/2013:20:34:31 +0200] "GET /robots.txt HTTP/1.1" 200 9070 "-" "Mozilla/5.0 (compatible; YandexBot/3.0; +http://yandex.com/bots)" www.byte-artist.de
141.8.147.22 - - [10/Apr/2013:20:35:46 +0200] "GET /robots.txt HTTP/1.1" 302 297 "-" "Mozilla/5.0 (compatible; YandexBot/3.0; +http://yandex.com/bots)" projekte.byte-artist.de
208.115.113.85 - - [10/Apr/2013:20:39:39 +0200] "GET /robots.txt HTTP/1.1" 404 276 "-" "Mozilla/5.0 (compatible; Ezooms/1.0; ezooms.bot@gmail.com)" rom.byte-artist.de
208.115.113.85 - - [10/Apr/2013:20:39:39 +0200] "GET /robots.txt HTTP/1.1" 302 297 "-" "Mozilla/5.0 (compatible; Ezooms/1.0; ezooms.bot@gmail.com)" projekte.byte-artist.de
208.115.113.85 - - [10/Apr/2013:20:39:39 +0200] "GET /robots.txt HTTP/1.1" 404 6655 "-" "Mozilla/5.0 (compatible; Ezooms/1.0; ezooms.bot@gmail.com)" forum.byte-artist.de
208.115.113.85 - - [10/Apr/2013:20:39:39 +0200] "GET /robots.txt HTTP/1.1" 200 9070 "-" "Mozilla/5.0 (compatible; Ezooms/1.0; ezooms.bot@gmail.com)" www.byte-artist.de
208.115.113.85 - - [10/Apr/2013:20:39:43 +0200] "GET /projekterobots.txt HTTP/1.1" 301 316 "-" "Mozilla/5.0 (compatible; Ezooms/1.0; ezooms.bot@gmail.com)" byte-artist.de
208.115.113.85 - - [10/Apr/2013:20:39:44 +0200] "GET /projekterobots.txt HTTP/1.1" 200 9070 "-" "Mozilla/5.0 (compatible; Ezooms/1.0; ezooms.bot@gmail.com)" www.byte-artist.de
141.8.147.22 - - [10/Apr/2013:20:40:38 +0200] "GET /robots.txt HTTP/1.1" 302 295 "-" "Mozilla/5.0 (compatible; YandexBot/3.0; +http://yandex.com/bots)" scripte.byte-artist.de
141.8.147.22 - - [10/Apr/2013:20:41:01 +0200] "GET /feed-rss/projekte/name/unser-kruemel-de-v2/ HTTP/1.1" 200 2053 "-" "Mozilla/5.0 (compatible; YandexBot/3.0; +http://yandex.com/bots)" www.byte-artist.de
141.8.147.22 - - [10/Apr/2013:20:44:58 +0200] "GET /projekte/name/unser-kruemel-de-v2/ HTTP/1.1" 200 9215 "-" "Mozilla/5.0 (compatible; YandexBot/3.0; +http://yandex.com/bots)" www.byte-artist.de
66.249.76.107 - - [10/Apr/2013:20:46:26 +0200] "GET /items_uebersicht.php?sort=k&ri=a&pos=12120&schritte=30 HTTP/1.1" 200 39221 "-" "Mozilla/5.0 (compatible; Googlebot/2.1; +http://www.google.com/bot.html)" rom.byte-artist.de
141.8.147.22 - - [10/Apr/2013:20:49:05 +0200] "GET /feed-rss/projekte/ HTTP/1.1" 200 34559 "-" "Mozilla/5.0 (compatible; YandexBot/3.0; +http://yandex.com/bots)" www.byte-artist.de
141.8.147.22 - - [10/Apr/2013:20:57:35 +0200] "GET /feed-rss/projekte/id/32/ HTTP/1.1" 200 2028 "-" "Mozilla/5.0 (compatible; YandexBot/3.0; +http://yandex.com/bots)" www.byte-artist.de
141.8.147.22 - - [10/Apr/2013:21:01:39 +0200] "GET /projekte/show/id/21/ HTTP/1.1" 200 15126 "-" "Mozilla/5.0 (compatible; YandexBot/3.0; +http://yandex.com/bots)" www.byte-artist.de
66.249.76.205 - - [10/Apr/2013:21:04:26 +0200] "GET /butler/create-thumb/file/L3Zhci93d3cvd2ViNzc5L2h0bWwvd2Vic2l0ZS9wdWJsaWMvaW1hZ2VzL2NvbnRlbnQvZHluYW1pc2NoL3Byb2pla3RlLzM3L3RpbnRlbm1hbmFnZXJfdWViZXJzaWNodC5wbmc=/width/250/height/250 HTTP/1.1" 200 - "-" "Googlebot-Image/1.0" www.byte-artist.de
141.8.147.22 - - [10/Apr/2013:21:05:43 +0200] "GET /feed-rss/projekte/kommentare/26 HTTP/1.1" 200 1987 "-" "Mozilla/5.0 (compatible; YandexBot/3.0; +http://yandex.com/bots)" www.byte-artist.de
141.8.147.22 - - [10/Apr/2013:21:09:47 +0200] "GET /projekte/show/id/15/ HTTP/1.1" 200 15393 "-" "Mozilla/5.0 (compatible; YandexBot/3.0; +http://yandex.com/bots)" www.byte-artist.de
66.249.76.205 - - [10/Apr/2013:21:10:19 +0200] "GET /projekte/mastercad-auf-lycos- HTTP/1.1" 200 149219 "-" "Mozilla/5.0 (compatible; Googlebot/2.1; +http://www.google.com/bot.html)" www.byte-artist.de
109.233.156.56 - - [10/Apr/2013:21:11:29 +0200] "GET /feed-rss/blog HTTP/1.1" 200 525 "-" "Mozilla/5.0" www.byte-artist.de
141.8.147.22 - - [10/Apr/2013:21:13:50 +0200] "GET /projekte/name/agh-manager/ HTTP/1.1" 200 9215 "-" "Mozilla/5.0 (compatible; YandexBot/3.0; +http://yandex.com/bots)" www.byte-artist.de
141.8.147.22 - - [10/Apr/2013:21:17:53 +0200] "GET /feed-rss/scripte/id/9/ HTTP/1.1" 200 2331 "-" "Mozilla/5.0 (compatible; YandexBot/3.0; +http://yandex.com/bots)" www.byte-artist.de
141.8.147.22 - - [10/Apr/2013:21:21:57 +0200] "GET /feed-rss/projekte/kommentare/shop HTTP/1.1" 200 1593 "-" "Mozilla/5.0 (compatible; YandexBot/3.0; +http://yandex.com/bots)" www.byte-artist.de
66.249.76.107 - - [10/Apr/2013:21:25:10 +0200] "GET / HTTP/1.1" 200 23365 "-" "Mozilla/5.0 (compatible; Googlebot/2.1; +http://www.google.com/bot.html)" rom.byte-artist.de
141.8.147.22 - - [10/Apr/2013:21:26:00 +0200] "GET /feed-rss/scripte/id/8/ HTTP/1.1" 200 2117 "-" "Mozilla/5.0 (compatible; YandexBot/3.0; +http://yandex.com/bots)" www.byte-artist.de
141.8.147.22 - - [10/Apr/2013:21:30:03 +0200] "GET /feed-rss/projekte/name/webauftritt-von-anne HTTP/1.1" 200 3157 "-" "Mozilla/5.0 (compatible; YandexBot/3.0; +http://yandex.com/bots)" www.byte-artist.de
66.249.76.205 - - [10/Apr/2013:21:30:27 +0200] "GET /projekte/show/id/11 HTTP/1.1" 200 139956 "-" "Mozilla/5.0 (compatible; Googlebot/2.1; +http://www.google.com/bot.html)" www.byte-artist.de
141.8.147.22 - - [10/Apr/2013:21:34:06 +0200] "GET /projekte/status/abgeschlossen/ HTTP/1.1" 200 9215 "-" "Mozilla/5.0 (compatible; YandexBot/3.0; +http://yandex.com/bots)" www.byte-artist.de
66.249.76.107 - - [10/Apr/2013:21:34:14 +0200] "GET /items_uebersicht.php?pos=8070&schritte=30&sort=mv&ri=a HTTP/1.1" 200 39312 "-" "Mozilla/5.0 (compatible; Googlebot/2.1; +http://www.google.com/bot.html)" rom.byte-artist.de
66.249.76.107 - - [10/Apr/2013:21:35:01 +0200] "GET /items_uebersicht.php?pos=14190&schritte=30&sort=ma&ri=d HTTP/1.1" 200 38993 "-" "Mozilla/5.0 (compatible; Googlebot/2.1; +http://www.google.com/bot.html)" rom.byte-artist.de
66.249.76.107 - - [10/Apr/2013:21:36:15 +0200] "GET /items_uebersicht.php?pos=1650&schritte=30&sort=as&ri=d HTTP/1.1" 200 39441 "-" "Mozilla/5.0 (compatible; Googlebot/2.1; +http://www.google.com/bot.html)" rom.byte-artist.de
66.249.76.107 - - [10/Apr/2013:21:38:07 +0200] "GET /items_uebersicht.php?sort=k&ri=a&pos=7160&schritte=30 HTTP/1.1" 200 39557 "-" "Mozilla/5.0 (compatible; Googlebot/2.1; +http://www.google.com/bot.html)" rom.byte-artist.de
141.8.147.22 - - [10/Apr/2013:21:38:09 +0200] "GET /feed-rss/projekte/kommentare/28/ HTTP/1.1" 200 2044 "-" "Mozilla/5.0 (compatible; YandexBot/3.0; +http://yandex.com/bots)" www.byte-artist.de
139.18.2.209 - - [10/Apr/2013:21:40:29 +0200] "GET /?seite=tools HTTP/1.1" 301 307 "-" "findlinks/2.6 (+http://wortschatz.uni-leipzig.de/findlinks/)" www.byte-artist.de
139.18.2.209 - - [10/Apr/2013:21:40:29 +0200] "GET /tools HTTP/1.1" 200 9070 "-" "findlinks/2.6 (+http://wortschatz.uni-leipzig.de/findlinks/)" www.byte-artist.de
139.18.2.209 - - [10/Apr/2013:21:40:29 +0200] "GET /?seite=tools HTTP/1.1" 301 307 "-" "findlinks/2.6 (+http://wortschatz.uni-leipzig.de/findlinks/)" www.byte-artist.de
139.18.2.209 - - [10/Apr/2013:21:40:29 +0200] "GET /tools HTTP/1.1" 200 9070 "-" "findlinks/2.6 (+http://wortschatz.uni-leipzig.de/findlinks/)" www.byte-artist.de
141.8.147.22 - - [10/Apr/2013:21:42:18 +0200] "GET /schnipsel/tags/Chrome HTTP/1.1" 200 125376 "-" "Mozilla/5.0 (compatible; YandexBot/3.0; +http://yandex.com/bots)" www.byte-artist.de
66.249.76.107 - - [10/Apr/2013:21:42:28 +0200] "GET /items_uebersicht.php?sort=n&ri=d&pos=11820&schritte=30 HTTP/1.1" 200 39494 "-" "Mozilla/5.0 (compatible; Googlebot/2.1; +http://www.google.com/bot.html)" rom.byte-artist.de
66.249.76.107 - - [10/Apr/2013:21:45:39 +0200] "GET /items_uebersicht.php?pos=1640&schritte=30&sort=l&ri=d HTTP/1.1" 200 39916 "-" "Mozilla/5.0 (compatible; Googlebot/2.1; +http://www.google.com/bot.html)" rom.byte-artist.de
141.8.147.22 - - [10/Apr/2013:21:46:32 +0200] "GET /projekte/show/id/19/ HTTP/1.1" 200 15240 "-" "Mozilla/5.0 (compatible; YandexBot/3.0; +http://yandex.com/bots)" www.byte-artist.de
141.8.147.22 - - [10/Apr/2013:21:50:40 +0200] "GET /feed-rss/projekte/id/27/ HTTP/1.1" 200 1943 "-" "Mozilla/5.0 (compatible; YandexBot/3.0; +http://yandex.com/bots)" www.byte-artist.de
157.56.92.162 - - [10/Apr/2013:21:52:53 +0200] "GET /robots.txt HTTP/1.1" 200 9070 "-" "Mozilla/5.0 (compatible; bingbot/2.0; +http://www.bing.com/bingbot.htm)" www.byte-artist.de
66.249.76.107 - - [10/Apr/2013:21:53:30 +0200] "GET /items_uebersicht.php?pos=5030&schritte=30&sort=t&ri=a HTTP/1.1" 200 38668 "-" "Mozilla/5.0 (compatible; Googlebot/2.1; +http://www.google.com/bot.html)" rom.byte-artist.de
157.56.92.162 - - [10/Apr/2013:21:54:46 +0200] "GET /projekte?gr=beendet HTTP/1.1" 200 11041 "-" "Mozilla/5.0 (compatible; bingbot/2.0; +http://www.bing.com/bingbot.htm)" www.byte-artist.de
141.8.147.22 - - [10/Apr/2013:21:54:56 +0200] "GET /feed-rss/projekte/id/9/ HTTP/1.1" 200 7368 "-" "Mozilla/5.0 (compatible; YandexBot/3.0; +http://yandex.com/bots)" www.byte-artist.de
139.18.2.209 - - [10/Apr/2013:21:55:42 +0200] "GET /?seite=tools HTTP/1.1" 301 310 "-" "findlinks/2.6 (+http://wortschatz.uni-leipzig.de/findlinks/)" byte-artist.de
139.18.2.209 - - [10/Apr/2013:21:55:42 +0200] "GET /?seite=tools HTTP/1.1" 301 307 "-" "findlinks/2.6 (+http://wortschatz.uni-leipzig.de/findlinks/)" www.byte-artist.de
139.18.2.209 - - [10/Apr/2013:21:55:42 +0200] "GET /tools HTTP/1.1" 200 9070 "-" "findlinks/2.6 (+http://wortschatz.uni-leipzig.de/findlinks/)" www.byte-artist.de
139.18.2.209 - - [10/Apr/2013:21:55:42 +0200] "GET /?seite=tools HTTP/1.1" 301 310 "-" "findlinks/2.6 (+http://wortschatz.uni-leipzig.de/findlinks/)" byte-artist.de
139.18.2.209 - - [10/Apr/2013:21:55:42 +0200] "GET /?seite=tools HTTP/1.1" 301 307 "-" "findlinks/2.6 (+http://wortschatz.uni-leipzig.de/findlinks/)" www.byte-artist.de
139.18.2.209 - - [10/Apr/2013:21:55:42 +0200] "GET /tools HTTP/1.1" 200 9070 "-" "findlinks/2.6 (+http://wortschatz.uni-leipzig.de/findlinks/)" www.byte-artist.de
66.249.76.205 - - [10/Apr/2013:21:55:52 +0200] "GET /feed-rss/projekte HTTP/1.1" 200 34559 "-" "Mozilla/5.0 (compatible; Googlebot/2.1; +http://www.google.com/bot.html)" www.byte-artist.de
88.74.152.12 - - [10/Apr/2013:21:55:53 +0200] "GET /feed-rss/blog HTTP/1.1" 200 525 "-" "Mozilla/5.0 (X11; Linux x86_64; rv:17.0) Gecko/20130329 Thunderbird/17.0.5 Lightning/1.9.1" www.byte-artist.de
88.74.152.12 - - [10/Apr/2013:21:55:53 +0200] "GET /feed-rss/projekte HTTP/1.1" 200 34559 "-" "Mozilla/5.0 (X11; Linux x86_64; rv:17.0) Gecko/20130329 Thunderbird/17.0.5 Lightning/1.9.1" www.byte-artist.de
109.233.156.56 - - [10/Apr/2013:21:56:13 +0200] "GET /feed-rss/blog HTTP/1.1" 200 525 "-" "Mozilla/5.0" www.byte-artist.de
141.8.147.22 - - [10/Apr/2013:21:59:11 +0200] "GET /feed-rss/schnipsel/kommentare/kommentare/5 HTTP/1.1" 200 1557 "-" "Mozilla/5.0 (compatible; YandexBot/3.0; +http://yandex.com/bots)" www.byte-artist.de
66.249.76.205 - - [10/Apr/2013:22:01:34 +0200] "GET /?tip_id=98 HTTP/1.1" 200 12723 "-" "Mozilla/5.0 (compatible; Googlebot/2.1; +http://www.google.com/bot.html)" www.byte-artist.de
66.249.76.107 - - [10/Apr/2013:22:02:33 +0200] "GET /items_uebersicht.php?pos=7470&schritte=30&sort=t&ri=a HTTP/1.1" 200 39062 "-" "Mozilla/5.0 (compatible; Googlebot/2.1; +http://www.google.com/bot.html)" rom.byte-artist.de
141.8.147.22 - - [10/Apr/2013:22:03:22 +0200] "GET /schnipsel/input-felder-mit-label-versehen/ HTTP/1.1" 200 16364 "-" "Mozilla/5.0 (compatible; YandexBot/3.0; +http://yandex.com/bots)" www.byte-artist.de
66.249.76.107 - - [10/Apr/2013:22:05:20 +0200] "GET /items_uebersicht.php?pos=13250&schritte=30&sort=s&ri=a HTTP/1.1" 200 39983 "-" "Mozilla/5.0 (compatible; Googlebot/2.1; +http://www.google.com/bot.html)" rom.byte-artist.de
88.74.152.12 - - [10/Apr/2013:22:06:02 +0200] "GET /images/content/statisch/grafiken/minimize.png HTTP/1.1" 200 854 "http://www.byte-artist.de/stuff" "Mozilla/5.0 (X11; Ubuntu; Linux x86_64; rv:20.0) Gecko/20100101 Firefox/20.0" www.byte-artist.de
65.55.215.72 - - [10/Apr/2013:22:06:48 +0200] "GET /robots.txt HTTP/1.1" 404 284 "-" "msnbot-media/1.1 (+http://search.msn.com/msnbot.htm)" www.xn--unser-krmel-0hb.de
65.55.215.72 - - [10/Apr/2013:22:06:49 +0200] "GET /images/hochzeitspaar.jpg HTTP/1.1" 200 335096 "-" "msnbot-media/1.1 (+http://search.msn.com/msnbot.htm)" www.xn--unser-krmel-0hb.de
141.8.147.22 - - [10/Apr/2013:22:07:34 +0200] "GET /feed-rss/projekte/name/tintenmanager/ HTTP/1.1" 200 2023 "-" "Mozilla/5.0 (compatible; YandexBot/3.0; +http://yandex.com/bots)" www.byte-artist.de
88.74.152.12 - - [10/Apr/2013:22:07:37 +0200] "GET /images/content/statisch/grafiken/minimize.png HTTP/1.1" 200 854 "http://www.byte-artist.de/stuff" "Mozilla/5.0 (X11; Ubuntu; Linux x86_64; rv:20.0) Gecko/20100101 Firefox/20.0" www.byte-artist.de
88.74.152.12 - - [10/Apr/2013:22:11:06 +0200] "GET /images/content/statisch/grafiken/minimize.png HTTP/1.1" 200 854 "http://www.byte-artist.de/stuff" "Mozilla/5.0 (X11; Ubuntu; Linux x86_64; rv:20.0) Gecko/20100101 Firefox/20.0" www.byte-artist.de
141.8.147.22 - - [10/Apr/2013:22:11:37 +0200] "GET /feed-rss/projekte/status/shop HTTP/1.1" 200 1119 "-" "Mozilla/5.0 (compatible; YandexBot/3.0; +http://yandex.com/bots)" www.byte-artist.de
141.8.147.22 - - [10/Apr/2013:22:15:40 +0200] "GET /scripte/show/id/ HTTP/1.1" 200 221 "-" "Mozilla/5.0 (compatible; YandexBot/3.0; +http://yandex.com/bots)" www.byte-artist.de
141.8.147.22 - - [10/Apr/2013:22:19:40 +0200] "GET /feed-rss/shop HTTP/1.1" 200 81 "-" "Mozilla/5.0 (compatible; YandexBot/3.0; +http://yandex.com/bots)" www.byte-artist.de
141.8.147.22 - - [10/Apr/2013:22:23:45 +0200] "GET /scripte/show/id/11/ HTTP/1.1" 200 15622 "-" "Mozilla/5.0 (compatible; YandexBot/3.0; +http://yandex.com/bots)" www.byte-artist.de
178.13.16.182 - - [10/Apr/2013:22:27:42 +0200] "GET /hannelore/images/theater/bild02.jpg HTTP/1.1" 302 322 "http://www.vebidoo.de/sonja+kirchberger" "Mozilla/5.0 (Windows NT 6.1; WOW64; rv:19.0) Gecko/20100101 Firefox/19.0" projekte.byte-artist.de
178.13.16.182 - - [10/Apr/2013:22:27:42 +0200] "GET /hannelore/images/theater/bild02.jpg HTTP/1.1" 302 322 "http://www.vebidoo.de/sonja+kirchberger" "Mozilla/5.0 (Windows NT 6.1; WOW64; rv:19.0) Gecko/20100101 Firefox/19.0" projekte.byte-artist.de
178.13.16.182 - - [10/Apr/2013:22:27:43 +0200] "GET /projektehannelore/images/theater/bild02.jpg HTTP/1.1" 301 341 "http://www.vebidoo.de/sonja+kirchberger" "Mozilla/5.0 (Windows NT 6.1; WOW64; rv:19.0) Gecko/20100101 Firefox/19.0" byte-artist.de
141.8.147.22 - - [10/Apr/2013:22:27:46 +0200] "GET /feed-rss/projekte/id/7 HTTP/1.1" 200 2785 "-" "Mozilla/5.0 (compatible; YandexBot/3.0; +http://yandex.com/bots)" www.byte-artist.de
208.115.113.85 - - [10/Apr/2013:22:29:38 +0200] "GET /?pid=2 HTTP/1.1" 200 10557 "-" "Mozilla/5.0 (compatible; Ezooms/1.0; ezooms.bot@gmail.com)" forum.byte-artist.de
208.115.113.85 - - [10/Apr/2013:22:29:39 +0200] "GET /software/grafik/ HTTP/1.1" 404 9103 "-" "Mozilla/5.0 (compatible; Ezooms/1.0; ezooms.bot@gmail.com)" forum.byte-artist.de
208.115.113.85 - - [10/Apr/2013:22:29:41 +0200] "GET /blog HTTP/1.1" 200 16929 "-" "Mozilla/5.0 (compatible; Ezooms/1.0; ezooms.bot@gmail.com)" www.byte-artist.de
77.117.246.9 - - [10/Apr/2013:22:29:44 +0200] "GET /hannelore/images/theater/bild10.jpg HTTP/1.1" 302 322 "-" "Mozilla/5.0 (Windows NT 6.2; WOW64; rv:19.0) Gecko/20100101 Firefox/19.0" projekte.byte-artist.de
77.117.246.9 - - [10/Apr/2013:22:29:45 +0200] "GET /projektehannelore/images/theater/bild10.jpg HTTP/1.1" 301 341 "-" "Mozilla/5.0 (Windows NT 6.2; WOW64; rv:19.0) Gecko/20100101 Firefox/19.0" byte-artist.de
77.117.246.9 - - [10/Apr/2013:22:29:45 +0200] "GET /projektehannelore/images/theater/bild10.jpg HTTP/1.1" 200 9070 "-" "Mozilla/5.0 (Windows NT 6.2; WOW64; rv:19.0) Gecko/20100101 Firefox/19.0" www.byte-artist.de
208.115.113.85 - - [10/Apr/2013:22:29:46 +0200] "GET /index.php?seite=projekte&id=15 HTTP/1.1" 302 321 "-" "Mozilla/5.0 (compatible; Ezooms/1.0; ezooms.bot@gmail.com)" projekte.byte-artist.de
141.8.147.22 - - [10/Apr/2013:22:31:48 +0200] "GET /feed-rss/projekte/kommentare/1 HTTP/1.1" 200 3191 "-" "Mozilla/5.0 (compatible; YandexBot/3.0; +http://yandex.com/bots)" www.byte-artist.de
208.115.113.85 - - [10/Apr/2013:22:32:15 +0200] "GET /items_uebersicht.php?sort=s&ri=d&pos=0&schritte=30 HTTP/1.1" 200 40076 "-" "Mozilla/5.0 (compatible; Ezooms/1.0; ezooms.bot@gmail.com)" rom.byte-artist.de
208.115.113.85 - - [10/Apr/2013:22:32:17 +0200] "GET /items_uebersicht.php?sort=t&ri=a&pos=150&schritte=30 HTTP/1.1" 200 38169 "-" "Mozilla/5.0 (compatible; Ezooms/1.0; ezooms.bot@gmail.com)" rom.byte-artist.de
208.115.113.85 - - [10/Apr/2013:22:32:19 +0200] "GET /item_info.php?id=1000 HTTP/1.1" 200 1442 "-" "Mozilla/5.0 (compatible; Ezooms/1.0; ezooms.bot@gmail.com)" rom.byte-artist.de
208.115.113.85 - - [10/Apr/2013:22:32:20 +0200] "GET /item_info.php?id=1148 HTTP/1.1" 200 1442 "-" "Mozilla/5.0 (compatible; Ezooms/1.0; ezooms.bot@gmail.com)" rom.byte-artist.de
208.115.113.85 - - [10/Apr/2013:22:32:21 +0200] "GET /item_info.php?id=14170 HTTP/1.1" 200 1442 "-" "Mozilla/5.0 (compatible; Ezooms/1.0; ezooms.bot@gmail.com)" rom.byte-artist.de
208.115.113.85 - - [10/Apr/2013:22:32:22 +0200] "GET /item_info.php?id=14256 HTTP/1.1" 200 1442 "-" "Mozilla/5.0 (compatible; Ezooms/1.0; ezooms.bot@gmail.com)" rom.byte-artist.de
208.115.113.85 - - [10/Apr/2013:22:32:23 +0200] "GET /item_info.php?id=14555 HTTP/1.1" 200 1442 "-" "Mozilla/5.0 (compatible; Ezooms/1.0; ezooms.bot@gmail.com)" rom.byte-artist.de
208.115.113.85 - - [10/Apr/2013:22:32:24 +0200] "GET /item_info.php?id=14675 HTTP/1.1" 200 1442 "-" "Mozilla/5.0 (compatible; Ezooms/1.0; ezooms.bot@gmail.com)" rom.byte-artist.de
208.115.113.85 - - [10/Apr/2013:22:32:24 +0200] "GET /item_info.php?id=2337 HTTP/1.1" 200 1442 "-" "Mozilla/5.0 (compatible; Ezooms/1.0; ezooms.bot@gmail.com)" rom.byte-artist.de
208.115.113.85 - - [10/Apr/2013:22:32:25 +0200] "GET /item_info.php?id=2451 HTTP/1.1" 200 1442 "-" "Mozilla/5.0 (compatible; Ezooms/1.0; ezooms.bot@gmail.com)" rom.byte-artist.de
208.115.113.85 - - [10/Apr/2013:22:32:26 +0200] "GET /item_info.php?id=2556 HTTP/1.1" 200 1442 "-" "Mozilla/5.0 (compatible; Ezooms/1.0; ezooms.bot@gmail.com)" rom.byte-artist.de
208.115.113.85 - - [10/Apr/2013:22:32:27 +0200] "GET /item_info.php?id=5584 HTTP/1.1" 200 1442 "-" "Mozilla/5.0 (compatible; Ezooms/1.0; ezooms.bot@gmail.com)" rom.byte-artist.de
208.115.113.85 - - [10/Apr/2013:22:32:28 +0200] "GET /item_info.php?id=6857 HTTP/1.1" 200 1442 "-" "Mozilla/5.0 (compatible; Ezooms/1.0; ezooms.bot@gmail.com)" rom.byte-artist.de
208.115.113.85 - - [10/Apr/2013:22:32:29 +0200] "GET /items_uebersicht.php?sort=pv&ri=d&pos=90&schritte=30 HTTP/1.1" 200 39936 "-" "Mozilla/5.0 (compatible; Ezooms/1.0; ezooms.bot@gmail.com)" rom.byte-artist.de
66.249.76.107 - - [10/Apr/2013:22:34:41 +0200] "GET /items_uebersicht.php?pos=4020&schritte=30&sort=n&ri=a HTTP/1.1" 200 39535 "-" "Mozilla/5.0 (iPhone; U; CPU iPhone OS 4_1 like Mac OS X; en-us) AppleWebKit/532.9 (KHTML, like Gecko) Version/4.0.5 Mobile/8B117 Safari/6531.22.7 (compatible; Googlebot-Mobile/2.1; +http://www.google.com/bot.html)" rom.byte-artist.de
141.8.147.22 - - [10/Apr/2013:22:35:48 +0200] "GET /projekte/agh-manager/ HTTP/1.1" 200 15775 "-" "Mozilla/5.0 (compatible; YandexBot/3.0; +http://yandex.com/bots)" www.byte-artist.de
88.74.152.12 - - [10/Apr/2013:22:36:34 +0200] "GET /images/content/statisch/grafiken/minimize.png HTTP/1.1" 200 854 "http://www.byte-artist.de/stuff" "Mozilla/5.0 (X11; Ubuntu; Linux x86_64; rv:20.0) Gecko/20100101 Firefox/20.0" www.byte-artist.de
182.118.22.212 - - [10/Apr/2013:22:37:19 +0200] "GET / HTTP/1.1" 301 298 "http://byte-artist.de/" "Mozilla/5.0 (Windows; U; Windows NT 5.1; zh-CN; rv:1.8.0.11)  Firefox/1.5.0.11; 360Spider" byte-artist.de
182.118.22.213 - - [10/Apr/2013:22:37:21 +0200] "GET / HTTP/1.1" 200 12723 "http://www.byte-artist.de/" "Mozilla/5.0 (Windows; U; Windows NT 5.1; zh-CN; rv:1.8.0.11)  Firefox/1.5.0.11; 360Spider" www.byte-artist.de
141.8.147.22 - - [10/Apr/2013:22:39:48 +0200] "GET /feed-rss/projekte/name/kitaman/ HTTP/1.1" 200 1960 "-" "Mozilla/5.0 (compatible; YandexBot/3.0; +http://yandex.com/bots)" www.byte-artist.de
208.115.111.69 - - [10/Apr/2013:22:40:22 +0200] "GET /robots.txt HTTP/1.1" 404 276 "-" "Mozilla/5.0 (compatible; Ezooms/1.0; ezooms.bot@gmail.com)" rom.byte-artist.de
208.115.111.69 - - [10/Apr/2013:22:40:22 +0200] "GET /robots.txt HTTP/1.1" 200 9070 "-" "Mozilla/5.0 (compatible; Ezooms/1.0; ezooms.bot@gmail.com)" www.byte-artist.de
131.253.24.15 - - [10/Apr/2013:22:42:32 +0200] "GET /robots.txt HTTP/1.1" 404 6655 "-" "msnbot-media/1.1 (+http://search.msn.com/msnbot.htm)" forum.byte-artist.de
131.253.24.15 - - [10/Apr/2013:22:42:32 +0200] "GET /images/user/1/57/enormous_bone.jpg HTTP/1.1" 200 36744 "-" "msnbot-media/1.1 (+http://search.msn.com/msnbot.htm)" forum.byte-artist.de
141.8.147.22 - - [10/Apr/2013:22:43:48 +0200] "GET /scripte/show/id/7/ HTTP/1.1" 200 16523 "-" "Mozilla/5.0 (compatible; YandexBot/3.0; +http://yandex.com/bots)" www.byte-artist.de
109.233.152.56 - - [10/Apr/2013:22:46:19 +0200] "GET /feed-rss/blog HTTP/1.1" 200 525 "-" "Mozilla/5.0" www.byte-artist.de
141.8.147.22 - - [10/Apr/2013:22:47:48 +0200] "GET /scripte/show/id/9/ HTTP/1.1" 200 16210 "-" "Mozilla/5.0 (compatible; YandexBot/3.0; +http://yandex.com/bots)" www.byte-artist.de
5.9.88.119 - - [10/Apr/2013:22:49:13 +0200] "GET /software/how-to-s/ HTTP/1.1" 404 13211 "-" "Mozilla/5.0 (compatible; Infohelfer/1.3.3; +http://www.infohelfer.de/crawler.php)" forum.byte-artist.de
5.9.88.119 - - [10/Apr/2013:22:51:28 +0200] "GET /software/grafik/bilder-aus-der-zwischenablage-in-gimp-als-neues-bild-einfuegen-seite-1.html HTTP/1.1" 404 11774 "-" "Mozilla/5.0 (compatible; Infohelfer/1.3.3; +http://www.infohelfer.de/crawler.php)" forum.byte-artist.de
141.8.147.22 - - [10/Apr/2013:22:51:47 +0200] "GET /feed-rss/schnipsel/id/id/5 HTTP/1.1" 200 1496 "-" "Mozilla/5.0 (compatible; YandexBot/3.0; +http://yandex.com/bots)" www.byte-artist.de
66.249.76.107 - - [10/Apr/2013:22:52:23 +0200] "GET /items_uebersicht.php?sort=l&ri=d&pos=8130&schritte=30 HTTP/1.1" 200 39108 "-" "Mozilla/5.0 (compatible; Googlebot/2.1; +http://www.google.com/bot.html)" rom.byte-artist.de
5.9.73.202 - - [10/Apr/2013:22:53:16 +0200] "GET /off-topic/laberecke/ HTTP/1.1" 200 8987 "-" "Mozilla/5.0 (compatible; Infohelfer/1.3.3; +http://www.infohelfer.de/crawler.php)" forum.byte-artist.de
5.9.73.202 - - [10/Apr/2013:22:54:47 +0200] "GET /index.php?seite=profil HTTP/1.1" 200 6707 "-" "Mozilla/5.0 (compatible; Infohelfer/1.3.3; +http://www.infohelfer.de/crawler.php)" forum.byte-artist.de
141.8.147.22 - - [10/Apr/2013:22:55:47 +0200] "GET /projekte/name/tintenmanager/ HTTP/1.1" 200 9215 "-" "Mozilla/5.0 (compatible; YandexBot/3.0; +http://yandex.com/bots)" www.byte-artist.de
5.9.88.119 - - [10/Apr/2013:22:56:01 +0200] "GET /games/cabal/undead-ground-minimap.html HTTP/1.1" 200 18085 "-" "Mozilla/5.0 (compatible; Infohelfer/1.3.3; +http://www.infohelfer.de/crawler.php)" forum.byte-artist.de
5.9.73.202 - - [10/Apr/2013:22:57:40 +0200] "GET /games/cabal/preisliste-items.html HTTP/1.1" 200 26559 "-" "Mozilla/5.0 (compatible; Infohelfer/1.3.3; +http://www.infohelfer.de/crawler.php)" forum.byte-artist.de
141.8.147.22 - - [10/Apr/2013:22:59:46 +0200] "GET /feed-rss/projekte/id/18 HTTP/1.1" 200 2026 "-" "Mozilla/5.0 (compatible; YandexBot/3.0; +http://yandex.com/bots)" www.byte-artist.de
5.9.73.202 - - [10/Apr/2013:23:00:51 +0200] "GET /games/cabal/blader-aenderungen.html HTTP/1.1" 200 64079 "-" "Mozilla/5.0 (compatible; Infohelfer/1.3.3; +http://www.infohelfer.de/crawler.php)" forum.byte-artist.de
66.249.76.107 - - [10/Apr/2013:23:01:34 +0200] "GET /items_uebersicht.php?pos=12360&schritte=30&sort=pv&ri=a HTTP/1.1" 200 39347 "-" "Mozilla/5.0 (compatible; Googlebot/2.1; +http://www.google.com/bot.html)" rom.byte-artist.de
88.74.152.12 - - [10/Apr/2013:23:02:26 +0200] "GET /images/content/statisch/grafiken/blogging.png HTTP/1.1" 200 311052 "http://www.byte-artist.de/css/global.css" "Mozilla/5.0 (X11; Ubuntu; Linux x86_64; rv:20.0) Gecko/20100101 Firefox/20.0" www.byte-artist.de
5.9.73.202 - - [10/Apr/2013:23:03:24 +0200] "GET /index.php?seite=suche HTTP/1.1" 200 9739 "-" "Mozilla/5.0 (compatible; Infohelfer/1.3.3; +http://www.infohelfer.de/crawler.php)" forum.byte-artist.de
141.8.147.22 - - [10/Apr/2013:23:03:45 +0200] "GET /feed-rss/projekte/id/5/ HTTP/1.1" 200 2195 "-" "Mozilla/5.0 (compatible; YandexBot/3.0; +http://yandex.com/bots)" www.byte-artist.de
5.9.73.202 - - [10/Apr/2013:23:07:14 +0200] "GET /games/cabal HTTP/1.1" 200 31566 "-" "Mozilla/5.0 (compatible; Infohelfer/1.3.3; +http://www.infohelfer.de/crawler.php)" forum.byte-artist.de
141.8.147.22 - - [10/Apr/2013:23:07:42 +0200] "GET /projekte/show/id/28/ HTTP/1.1" 200 15357 "-" "Mozilla/5.0 (compatible; YandexBot/3.0; +http://yandex.com/bots)" www.byte-artist.de
66.249.76.107 - - [10/Apr/2013:23:10:47 +0200] "GET /items_uebersicht.php?sort=s&ri=a&pos=8570&schritte=30 HTTP/1.1" 200 39348 "-" "Mozilla/5.0 (compatible; Googlebot/2.1; +http://www.google.com/bot.html)" rom.byte-artist.de
66.249.76.107 - - [10/Apr/2013:23:11:09 +0200] "GET /items_uebersicht.php?sort=n&ri=d&pos=14040&schritte=30 HTTP/1.1" 200 40092 "-" "Mozilla/5.0 (compatible; Googlebot/2.1; +http://www.google.com/bot.html)" rom.byte-artist.de
141.8.147.22 - - [10/Apr/2013:23:11:40 +0200] "GET /feed-rss/projekte/kommentare/31/ HTTP/1.1" 200 2008 "-" "Mozilla/5.0 (compatible; YandexBot/3.0; +http://yandex.com/bots)" www.byte-artist.de
66.249.76.205 - - [10/Apr/2013:23:13:00 +0200] "GET /feed-rss/projekte/status/abgeschlossen HTTP/1.1" 200 32538 "-" "Mozilla/5.0 (compatible; Googlebot/2.1; +http://www.google.com/bot.html)" www.byte-artist.de
141.8.147.22 - - [10/Apr/2013:23:15:37 +0200] "GET /projekte/name/kitaman/ HTTP/1.1" 200 9215 "-" "Mozilla/5.0 (compatible; YandexBot/3.0; +http://yandex.com/bots)" www.byte-artist.de
79.195.174.187 - - [10/Apr/2013:23:18:16 +0200] "GET / HTTP/1.1" 200 23365 "http://www.google.de/url?sa=t&rct=j&q=&esrc=s&source=web&cd=3&ved=0CE0QFjAC&url=http%3A%2F%2From.byte-artist.de%2F&ei=C9dlUerOPIvMtAaF8oGIDA&usg=AFQjCNGklfVROFoBSM8HS0Du6Rd9SuYcTA&bvm=bv.44990110,d.Yms" "Mozilla/5.0 (Windows NT 6.1; WOW64; rv:19.0) Gecko/20100101 Firefox/19.0" rom.byte-artist.de
79.195.174.187 - - [10/Apr/2013:23:18:16 +0200] "GET /design/style.css HTTP/1.1" 200 21988 "http://rom.byte-artist.de/" "Mozilla/5.0 (Windows NT 6.1; WOW64; rv:19.0) Gecko/20100101 Firefox/19.0" rom.byte-artist.de
79.195.174.187 - - [10/Apr/2013:23:18:17 +0200] "GET /images/layout/loader.gif HTTP/1.1" 200 673 "http://rom.byte-artist.de/" "Mozilla/5.0 (Windows NT 6.1; WOW64; rv:19.0) Gecko/20100101 Firefox/19.0" rom.byte-artist.de
79.195.174.187 - - [10/Apr/2013:23:18:17 +0200] "GET /images/layout/trans.gif HTTP/1.1" 200 64 "http://rom.byte-artist.de/" "Mozilla/5.0 (Windows NT 6.1; WOW64; rv:19.0) Gecko/20100101 Firefox/19.0" rom.byte-artist.de
79.195.174.187 - - [10/Apr/2013:23:18:16 +0200] "GET /includes/funktionen.js HTTP/1.1" 200 175853 "http://rom.byte-artist.de/" "Mozilla/5.0 (Windows NT 6.1; WOW64; rv:19.0) Gecko/20100101 Firefox/19.0" rom.byte-artist.de
79.195.174.187 - - [10/Apr/2013:23:18:17 +0200] "GET /images/layout/drop_down_nahkampf_header.png HTTP/1.1" 200 3771 "http://rom.byte-artist.de/" "Mozilla/5.0 (Windows NT 6.1; WOW64; rv:19.0) Gecko/20100101 Firefox/19.0" rom.byte-artist.de
79.195.174.187 - - [10/Apr/2013:23:18:17 +0200] "GET /images/layout/drop_down_fernkampf_header.png HTTP/1.1" 200 3703 "http://rom.byte-artist.de/" "Mozilla/5.0 (Windows NT 6.1; WOW64; rv:19.0) Gecko/20100101 Firefox/19.0" rom.byte-artist.de
79.195.174.187 - - [10/Apr/2013:23:18:17 +0200] "GET /images/layout/drop_down_magie_header.png HTTP/1.1" 200 2541 "http://rom.byte-artist.de/" "Mozilla/5.0 (Windows NT 6.1; WOW64; rv:19.0) Gecko/20100101 Firefox/19.0" rom.byte-artist.de
79.195.174.187 - - [10/Apr/2013:23:18:17 +0200] "GET /images/layout/drop_down_magdef_header.png HTTP/1.1" 200 4580 "http://rom.byte-artist.de/" "Mozilla/5.0 (Windows NT 6.1; WOW64; rv:19.0) Gecko/20100101 Firefox/19.0" rom.byte-artist.de
79.195.174.187 - - [10/Apr/2013:23:18:17 +0200] "GET /images/layout/drop_down_sonstiges_header.png HTTP/1.1" 200 2718 "http://rom.byte-artist.de/" "Mozilla/5.0 (Windows NT 6.1; WOW64; rv:19.0) Gecko/20100101 Firefox/19.0" rom.byte-artist.de
79.195.174.187 - - [10/Apr/2013:23:18:17 +0200] "GET /images/layout/drop_down_physdef_header.png HTTP/1.1" 200 4648 "http://rom.byte-artist.de/" "Mozilla/5.0 (Windows NT 6.1; WOW64; rv:19.0) Gecko/20100101 Firefox/19.0" rom.byte-artist.de
79.195.174.187 - - [10/Apr/2013:23:18:17 +0200] "GET /images/layout/drop_down_nahkampf_bg.png HTTP/1.1" 200 21661 "http://rom.byte-artist.de/" "Mozilla/5.0 (Windows NT 6.1; WOW64; rv:19.0) Gecko/20100101 Firefox/19.0" rom.byte-artist.de
79.195.174.187 - - [10/Apr/2013:23:18:17 +0200] "GET /images/layout/drop_down_fernkampf_bg.png HTTP/1.1" 200 21661 "http://rom.byte-artist.de/" "Mozilla/5.0 (Windows NT 6.1; WOW64; rv:19.0) Gecko/20100101 Firefox/19.0" rom.byte-artist.de
79.195.174.187 - - [10/Apr/2013:23:18:17 +0200] "GET /images/layout/drop_down_magie_bg.png HTTP/1.1" 200 23987 "http://rom.byte-artist.de/" "Mozilla/5.0 (Windows NT 6.1; WOW64; rv:19.0) Gecko/20100101 Firefox/19.0" rom.byte-artist.de
79.195.174.187 - - [10/Apr/2013:23:18:17 +0200] "GET /images/layout/drop_down_magdef_bg.png HTTP/1.1" 200 22279 "http://rom.byte-artist.de/" "Mozilla/5.0 (Windows NT 6.1; WOW64; rv:19.0) Gecko/20100101 Firefox/19.0" rom.byte-artist.de
79.195.174.187 - - [10/Apr/2013:23:18:17 +0200] "GET /images/layout/drop_down_physdef_bg.png HTTP/1.1" 200 25237 "http://rom.byte-artist.de/" "Mozilla/5.0 (Windows NT 6.1; WOW64; rv:19.0) Gecko/20100101 Firefox/19.0" rom.byte-artist.de
79.195.174.187 - - [10/Apr/2013:23:18:18 +0200] "GET /images/layout/drop_down_sonstiges_bg.png HTTP/1.1" 200 328 "http://rom.byte-artist.de/" "Mozilla/5.0 (Windows NT 6.1; WOW64; rv:19.0) Gecko/20100101 Firefox/19.0" rom.byte-artist.de
79.195.174.187 - - [10/Apr/2013:23:18:18 +0200] "GET /images/layout/nahkampf.png HTTP/1.1" 200 3849 "http://rom.byte-artist.de/" "Mozilla/5.0 (Windows NT 6.1; WOW64; rv:19.0) Gecko/20100101 Firefox/19.0" rom.byte-artist.de
79.195.174.187 - - [10/Apr/2013:23:18:18 +0200] "GET /images/layout/fernkampf.png HTTP/1.1" 200 3618 "http://rom.byte-artist.de/" "Mozilla/5.0 (Windows NT 6.1; WOW64; rv:19.0) Gecko/20100101 Firefox/19.0" rom.byte-artist.de
79.195.174.187 - - [10/Apr/2013:23:18:18 +0200] "GET /images/layout/magie.png HTTP/1.1" 200 2486 "http://rom.byte-artist.de/" "Mozilla/5.0 (Windows NT 6.1; WOW64; rv:19.0) Gecko/20100101 Firefox/19.0" rom.byte-artist.de
79.195.174.187 - - [10/Apr/2013:23:18:18 +0200] "GET /images/layout/physdef.png HTTP/1.1" 200 4538 "http://rom.byte-artist.de/" "Mozilla/5.0 (Windows NT 6.1; WOW64; rv:19.0) Gecko/20100101 Firefox/19.0" rom.byte-artist.de
79.195.174.187 - - [10/Apr/2013:23:18:18 +0200] "GET /images/layout/magdef.png HTTP/1.1" 200 4483 "http://rom.byte-artist.de/" "Mozilla/5.0 (Windows NT 6.1; WOW64; rv:19.0) Gecko/20100101 Firefox/19.0" rom.byte-artist.de
79.195.174.187 - - [10/Apr/2013:23:18:18 +0200] "GET /images/layout/nahkampf_hover.png HTTP/1.1" 200 3837 "http://rom.byte-artist.de/" "Mozilla/5.0 (Windows NT 6.1; WOW64; rv:19.0) Gecko/20100101 Firefox/19.0" rom.byte-artist.de
79.195.174.187 - - [10/Apr/2013:23:18:17 +0200] "GET /includes/suche_runen.php HTTP/1.1" 200 51282 "http://rom.byte-artist.de/" "Mozilla/5.0 (Windows NT 6.1; WOW64; rv:19.0) Gecko/20100101 Firefox/19.0" rom.byte-artist.de
79.195.174.187 - - [10/Apr/2013:23:18:18 +0200] "GET /images/layout/magie_hover.png HTTP/1.1" 200 2527 "http://rom.byte-artist.de/" "Mozilla/5.0 (Windows NT 6.1; WOW64; rv:19.0) Gecko/20100101 Firefox/19.0" rom.byte-artist.de
79.195.174.187 - - [10/Apr/2013:23:18:18 +0200] "GET /images/layout/fernkampf_hover.png HTTP/1.1" 200 3772 "http://rom.byte-artist.de/" "Mozilla/5.0 (Windows NT 6.1; WOW64; rv:19.0) Gecko/20100101 Firefox/19.0" rom.byte-artist.de
79.195.174.187 - - [10/Apr/2013:23:18:18 +0200] "GET /images/layout/physdef_hover.png HTTP/1.1" 200 4665 "http://rom.byte-artist.de/" "Mozilla/5.0 (Windows NT 6.1; WOW64; rv:19.0) Gecko/20100101 Firefox/19.0" rom.byte-artist.de
79.195.174.187 - - [10/Apr/2013:23:18:18 +0200] "GET /images/layout/magdef_hover.png HTTP/1.1" 200 4883 "http://rom.byte-artist.de/" "Mozilla/5.0 (Windows NT 6.1; WOW64; rv:19.0) Gecko/20100101 Firefox/19.0" rom.byte-artist.de
79.195.174.187 - - [10/Apr/2013:23:18:18 +0200] "GET /images/layout/sonstiges_hover.png HTTP/1.1" 200 2699 "http://rom.byte-artist.de/" "Mozilla/5.0 (Windows NT 6.1; WOW64; rv:19.0) Gecko/20100101 Firefox/19.0" rom.byte-artist.de
79.195.174.187 - - [10/Apr/2013:23:18:18 +0200] "GET /images/layout/navi_out.png HTTP/1.1" 200 641 "http://rom.byte-artist.de/design/style.css" "Mozilla/5.0 (Windows NT 6.1; WOW64; rv:19.0) Gecko/20100101 Firefox/19.0" rom.byte-artist.de
79.195.174.187 - - [10/Apr/2013:23:18:18 +0200] "GET /images/layout/hilfe_icon.gif HTTP/1.1" 200 1444 "http://rom.byte-artist.de/design/style.css" "Mozilla/5.0 (Windows NT 6.1; WOW64; rv:19.0) Gecko/20100101 Firefox/19.0" rom.byte-artist.de
79.195.174.187 - - [10/Apr/2013:23:18:18 +0200] "GET /images/layout/manabalken.jpg HTTP/1.1" 200 3261 "http://rom.byte-artist.de/design/style.css" "Mozilla/5.0 (Windows NT 6.1; WOW64; rv:19.0) Gecko/20100101 Firefox/19.0" rom.byte-artist.de
79.195.174.187 - - [10/Apr/2013:23:18:18 +0200] "GET /images/layout/lebensbalken.jpg HTTP/1.1" 200 2913 "http://rom.byte-artist.de/design/style.css" "Mozilla/5.0 (Windows NT 6.1; WOW64; rv:19.0) Gecko/20100101 Firefox/19.0" rom.byte-artist.de
79.195.174.187 - - [10/Apr/2013:23:18:18 +0200] "GET /images/layout/fokusbalken.jpg HTTP/1.1" 200 2484 "http://rom.byte-artist.de/design/style.css" "Mozilla/5.0 (Windows NT 6.1; WOW64; rv:19.0) Gecko/20100101 Firefox/19.0" rom.byte-artist.de
79.195.174.187 - - [10/Apr/2013:23:18:18 +0200] "GET /images/layout/select_bg.jpg HTTP/1.1" 200 399 "http://rom.byte-artist.de/" "Mozilla/5.0 (Windows NT 6.1; WOW64; rv:19.0) Gecko/20100101 Firefox/19.0" rom.byte-artist.de
79.195.174.187 - - [10/Apr/2013:23:18:18 +0200] "GET /images/layout/char_planer.jpg HTTP/1.1" 200 197403 "http://rom.byte-artist.de/design/style.css" "Mozilla/5.0 (Windows NT 6.1; WOW64; rv:19.0) Gecko/20100101 Firefox/19.0" rom.byte-artist.de
79.195.174.187 - - [10/Apr/2013:23:18:19 +0200] "GET /favicon.ico HTTP/1.1" 404 277 "-" "Mozilla/5.0 (Windows NT 6.1; WOW64; rv:19.0) Gecko/20100101 Firefox/19.0" rom.byte-artist.de
79.195.174.187 - - [10/Apr/2013:23:18:19 +0200] "POST /includes/suche_klasse.php HTTP/1.1" 200 1884 "http://rom.byte-artist.de/" "Mozilla/5.0 (Windows NT 6.1; WOW64; rv:19.0) Gecko/20100101 Firefox/19.0" rom.byte-artist.de
79.195.174.187 - - [10/Apr/2013:23:18:19 +0200] "GET /favicon.ico HTTP/1.1" 404 277 "-" "Mozilla/5.0 (Windows NT 6.1; WOW64; rv:19.0) Gecko/20100101 Firefox/19.0" rom.byte-artist.de
141.8.147.22 - - [10/Apr/2013:23:19:33 +0200] "GET /feed-rss/projekte/kommentare/27/ HTTP/1.1" 200 2008 "-" "Mozilla/5.0 (compatible; YandexBot/3.0; +http://yandex.com/bots)" www.byte-artist.de
79.195.174.187 - - [10/Apr/2013:23:20:37 +0200] "GET / HTTP/1.1" 200 23365 "http://www.google.de/url?sa=t&rct=j&q=&esrc=s&source=web&cd=3&ved=0CEoQFjAC&url=http%3A%2F%2From.byte-artist.de%2F&ei=mtdlUbrDMInZtAbftIHIBQ&usg=AFQjCNGklfVROFoBSM8HS0Du6Rd9SuYcTA&bvm=bv.44990110,d.Yms" "Mozilla/5.0 (Windows NT 6.1; WOW64; rv:19.0) Gecko/20100101 Firefox/19.0" rom.byte-artist.de
79.195.174.187 - - [10/Apr/2013:23:20:38 +0200] "GET /includes/suche_runen.php HTTP/1.1" 200 51282 "http://rom.byte-artist.de/" "Mozilla/5.0 (Windows NT 6.1; WOW64; rv:19.0) Gecko/20100101 Firefox/19.0" rom.byte-artist.de
79.195.174.187 - - [10/Apr/2013:23:20:38 +0200] "POST /includes/suche_klasse.php HTTP/1.1" 200 1884 "http://rom.byte-artist.de/" "Mozilla/5.0 (Windows NT 6.1; WOW64; rv:19.0) Gecko/20100101 Firefox/19.0" rom.byte-artist.de
79.195.174.187 - - [10/Apr/2013:23:20:44 +0200] "GET / HTTP/1.1" 200 23365 "http://www.google.de/url?sa=t&rct=j&q=&esrc=s&source=web&cd=3&ved=0CEoQFjAC&url=http%3A%2F%2From.byte-artist.de%2F&ei=mtdlUbrDMInZtAbftIHIBQ&usg=AFQjCNGklfVROFoBSM8HS0Du6Rd9SuYcTA&bvm=bv.44990110,d.Yms" "Mozilla/5.0 (Windows NT 6.1; WOW64; rv:19.0) Gecko/20100101 Firefox/19.0" rom.byte-artist.de
79.195.174.187 - - [10/Apr/2013:23:20:44 +0200] "POST /includes/suche_klasse.php HTTP/1.1" 200 1884 "http://rom.byte-artist.de/" "Mozilla/5.0 (Windows NT 6.1; WOW64; rv:19.0) Gecko/20100101 Firefox/19.0" rom.byte-artist.de
79.195.174.187 - - [10/Apr/2013:23:21:05 +0200] "GET /item_info.php?id=9 HTTP/1.1" 200 1442 "http://www.google.de/url?sa=t&rct=j&q=&esrc=s&source=web&cd=4&ved=0CFAQFjAD&url=http%3A%2F%2From.byte-artist.de%2Fitem_info.php%3Fid%3D9&ei=mtdlUbrDMInZtAbftIHIBQ&usg=AFQjCNFFfiHpUmrvj6w5-5eBtO0s-s97EA" "Mozilla/5.0 (Windows NT 6.1; WOW64; rv:19.0) Gecko/20100101 Firefox/19.0" rom.byte-artist.de
79.195.174.187 - - [10/Apr/2013:23:21:06 +0200] "GET /loader.gif HTTP/1.1" 404 276 "http://rom.byte-artist.de/item_info.php?id=9" "Mozilla/5.0 (Windows NT 6.1; WOW64; rv:19.0) Gecko/20100101 Firefox/19.0" rom.byte-artist.de
79.195.174.187 - - [10/Apr/2013:23:21:06 +0200] "GET /includes/funktionen_items_uebersicht.js HTTP/1.1" 200 12226 "http://rom.byte-artist.de/item_info.php?id=9" "Mozilla/5.0 (Windows NT 6.1; WOW64; rv:19.0) Gecko/20100101 Firefox/19.0" rom.byte-artist.de
79.195.174.187 - - [10/Apr/2013:23:21:06 +0200] "GET /loader.gif HTTP/1.1" 404 276 "http://rom.byte-artist.de/item_info.php?id=9" "Mozilla/5.0 (Windows NT 6.1; WOW64; rv:19.0) Gecko/20100101 Firefox/19.0" rom.byte-artist.de
141.8.147.22 - - [10/Apr/2013:23:23:28 +0200] "GET /feed-rss/projekte/kommentare/30/ HTTP/1.1" 200 2065 "-" "Mozilla/5.0 (compatible; YandexBot/3.0; +http://yandex.com/bots)" www.byte-artist.de
66.249.76.107 - - [10/Apr/2013:23:25:21 +0200] "GET /items_uebersicht.php?sort=t&ri=d&pos=930&schritte=30 HTTP/1.1" 200 38917 "-" "Mozilla/5.0 (compatible; Googlebot/2.1; +http://www.google.com/bot.html)" rom.byte-artist.de
141.8.147.22 - - [10/Apr/2013:23:27:21 +0200] "GET /projekte/unser-kruemel-de-v2/ HTTP/1.1" 200 15916 "-" "Mozilla/5.0 (compatible; YandexBot/3.0; +http://yandex.com/bots)" www.byte-artist.de
