66.249.75.107 - - [09/Apr/2013:07:46:08 +0200] "GET /items_uebersicht.php?pos=9350&schritte=30&sort=n&ri=d HTTP/1.1" 200 39199 "-" "Mozilla/5.0 (compatible; Googlebot/2.1; +http://www.google.com/bot.html)" rom.byte-artist.de
141.8.147.22 - - [09/Apr/2013:07:46:29 +0200] "GET /feed-rss/schnipsel/sprache/css HTTP/1.1" 200 1812 "-" "Mozilla/5.0 (compatible; YandexBot/3.0; +http://yandex.com/bots)" www.byte-artist.de
66.249.75.107 - - [09/Apr/2013:07:48:27 +0200] "GET /items_uebersicht.php?pos=13860&schritte=30&sort=mv&ri=d HTTP/1.1" 200 39586 "-" "Mozilla/5.0 (compatible; Googlebot/2.1; +http://www.google.com/bot.html)" rom.byte-artist.de
66.249.75.107 - - [09/Apr/2013:07:48:36 +0200] "GET /items_uebersicht.php?sort=t&ri=d&pos=1020&schritte=30 HTTP/1.1" 200 39421 "-" "Mozilla/5.0 (compatible; Googlebot/2.1; +http://www.google.com/bot.html)" rom.byte-artist.de
66.249.75.107 - - [09/Apr/2013:07:49:12 +0200] "GET /items_uebersicht.php?pos=14150&schritte=30&sort=t&ri=a HTTP/1.1" 200 39470 "-" "Mozilla/5.0 (compatible; Googlebot/2.1; +http://www.google.com/bot.html)" rom.byte-artist.de
65.55.215.80 - - [09/Apr/2013:07:49:31 +0200] "GET /robots.txt HTTP/1.1" 301 308 "-" "msnbot-media/1.1 (+http://search.msn.com/msnbot.htm)" byte-artist.de
65.55.215.80 - - [09/Apr/2013:07:49:31 +0200] "GET /robots.txt HTTP/1.1" 200 9070 "-" "msnbot-media/1.1 (+http://search.msn.com/msnbot.htm)" www.byte-artist.de
65.55.215.80 - - [09/Apr/2013:07:49:32 +0200] "GET /images/content/statisch/layout/ajax-loader_black_trans.gif HTTP/1.1" 301 356 "-" "msnbot-media/1.1 (+http://search.msn.com/msnbot.htm)" byte-artist.de
65.55.215.80 - - [09/Apr/2013:07:49:32 +0200] "GET /robots.txt HTTP/1.1" 200 9070 "-" "msnbot-media/1.1 (+http://search.msn.com/msnbot.htm)" www.byte-artist.de
65.55.215.80 - - [09/Apr/2013:07:49:33 +0200] "GET /images/content/statisch/layout/ajax-loader_black_trans.gif HTTP/1.1" 200 9070 "-" "msnbot-media/1.1 (+http://search.msn.com/msnbot.htm)" www.byte-artist.de
66.249.75.107 - - [09/Apr/2013:07:51:00 +0200] "GET /items_uebersicht.php?sort=k&ri=d&pos=1670&schritte=30 HTTP/1.1" 200 39671 "-" "Mozilla/5.0 (compatible; Googlebot/2.1; +http://www.google.com/bot.html)" rom.byte-artist.de
66.249.75.107 - - [09/Apr/2013:07:52:20 +0200] "GET /items_uebersicht.php?pos=930&schritte=30&sort=pa&ri=d HTTP/1.1" 200 39705 "-" "Mozilla/5.0 (compatible; Googlebot/2.1; +http://www.google.com/bot.html)" rom.byte-artist.de
66.249.75.107 - - [09/Apr/2013:07:53:09 +0200] "GET /items_uebersicht.php?sort=g&ri=a&pos=3600&schritte=30 HTTP/1.1" 200 39439 "-" "Mozilla/5.0 (compatible; Googlebot/2.1; +http://www.google.com/bot.html)" rom.byte-artist.de
66.249.75.107 - - [09/Apr/2013:07:53:33 +0200] "GET /items_uebersicht.php?sort=n&ri=d&pos=15110&schritte=30 HTTP/1.1" 200 39470 "-" "Mozilla/5.0 (compatible; Googlebot/2.1; +http://www.google.com/bot.html)" rom.byte-artist.de
141.8.147.22 - - [09/Apr/2013:07:54:03 +0200] "GET /feed-rss HTTP/1.1" 200 383 "-" "Mozilla/5.0 (compatible; YandexBot/3.0; +http://yandex.com/bots)" www.byte-artist.de
66.249.75.107 - - [09/Apr/2013:07:54:47 +0200] "GET /items_uebersicht.php?pos=1020&schritte=30&sort=pv&ri=d HTTP/1.1" 200 39732 "-" "Mozilla/5.0 (compatible; Googlebot/2.1; +http://www.google.com/bot.html)" rom.byte-artist.de
66.249.75.107 - - [09/Apr/2013:07:55:22 +0200] "GET /items_uebersicht.php?pos=8360&schritte=30&sort=t&ri=d HTTP/1.1" 200 39600 "-" "Mozilla/5.0 (compatible; Googlebot/2.1; +http://www.google.com/bot.html)" rom.byte-artist.de
66.249.75.107 - - [09/Apr/2013:07:57:03 +0200] "GET /items_uebersicht.php?pos=1770&schritte=30&sort=mv&ri=d HTTP/1.1" 200 39568 "-" "Mozilla/5.0 (compatible; Googlebot/2.1; +http://www.google.com/bot.html)" rom.byte-artist.de
109.233.152.56 - - [09/Apr/2013:08:01:20 +0200] "GET /feed-rss/blog HTTP/1.1" 200 525 "-" "Mozilla/5.0" www.byte-artist.de
66.249.75.107 - - [09/Apr/2013:08:01:51 +0200] "GET /items_uebersicht.php?sort=l&ri=d&pos=830&schritte=30 HTTP/1.1" 200 39669 "-" "Mozilla/5.0 (compatible; Googlebot/2.1; +http://www.google.com/bot.html)" rom.byte-artist.de
141.8.147.22 - - [09/Apr/2013:08:02:16 +0200] "GET /feed-rss/projekte/kommentare/5 HTTP/1.1" 200 2260 "-" "Mozilla/5.0 (compatible; YandexBot/3.0; +http://yandex.com/bots)" www.byte-artist.de
66.249.75.107 - - [09/Apr/2013:08:02:37 +0200] "GET /items_uebersicht.php?pos=710&schritte=30&sort=as&ri=d HTTP/1.1" 200 39738 "-" "Mozilla/5.0 (compatible; Googlebot/2.1; +http://www.google.com/bot.html)" rom.byte-artist.de
208.115.111.69 - - [09/Apr/2013:08:06:36 +0200] "GET /item_info.php?id=10247 HTTP/1.1" 200 1442 "-" "Mozilla/5.0 (compatible; Ezooms/1.0; ezooms.bot@gmail.com)" rom.byte-artist.de
208.115.111.69 - - [09/Apr/2013:08:06:37 +0200] "GET /item_info.php?id=10835 HTTP/1.1" 200 1442 "-" "Mozilla/5.0 (compatible; Ezooms/1.0; ezooms.bot@gmail.com)" rom.byte-artist.de
208.115.111.69 - - [09/Apr/2013:08:06:38 +0200] "GET /item_info.php?id=13683 HTTP/1.1" 200 1442 "-" "Mozilla/5.0 (compatible; Ezooms/1.0; ezooms.bot@gmail.com)" rom.byte-artist.de
208.115.111.69 - - [09/Apr/2013:08:06:39 +0200] "GET /item_info.php?id=15114 HTTP/1.1" 200 1442 "-" "Mozilla/5.0 (compatible; Ezooms/1.0; ezooms.bot@gmail.com)" rom.byte-artist.de
208.115.111.69 - - [09/Apr/2013:08:06:40 +0200] "GET /item_info.php?id=3984 HTTP/1.1" 200 1442 "-" "Mozilla/5.0 (compatible; Ezooms/1.0; ezooms.bot@gmail.com)" rom.byte-artist.de
208.115.111.69 - - [09/Apr/2013:08:06:42 +0200] "GET /item_info.php?id=4684 HTTP/1.1" 200 1442 "-" "Mozilla/5.0 (compatible; Ezooms/1.0; ezooms.bot@gmail.com)" rom.byte-artist.de
208.115.111.69 - - [09/Apr/2013:08:06:43 +0200] "GET /item_info.php?id=4865 HTTP/1.1" 200 1442 "-" "Mozilla/5.0 (compatible; Ezooms/1.0; ezooms.bot@gmail.com)" rom.byte-artist.de
208.115.111.69 - - [09/Apr/2013:08:06:44 +0200] "GET /item_info.php?id=4948 HTTP/1.1" 200 1442 "-" "Mozilla/5.0 (compatible; Ezooms/1.0; ezooms.bot@gmail.com)" rom.byte-artist.de
208.115.111.69 - - [09/Apr/2013:08:06:45 +0200] "GET /item_info.php?id=523 HTTP/1.1" 200 1442 "-" "Mozilla/5.0 (compatible; Ezooms/1.0; ezooms.bot@gmail.com)" rom.byte-artist.de
208.115.111.69 - - [09/Apr/2013:08:06:46 +0200] "GET /item_info.php?id=5528 HTTP/1.1" 200 1442 "-" "Mozilla/5.0 (compatible; Ezooms/1.0; ezooms.bot@gmail.com)" rom.byte-artist.de
208.115.111.69 - - [09/Apr/2013:08:06:47 +0200] "GET /item_info.php?id=7944 HTTP/1.1" 200 1442 "-" "Mozilla/5.0 (compatible; Ezooms/1.0; ezooms.bot@gmail.com)" rom.byte-artist.de
208.115.111.69 - - [09/Apr/2013:08:06:48 +0200] "GET /item_info.php?id=9230 HTTP/1.1" 200 1442 "-" "Mozilla/5.0 (compatible; Ezooms/1.0; ezooms.bot@gmail.com)" rom.byte-artist.de
208.115.111.69 - - [09/Apr/2013:08:06:50 +0200] "GET /item_info.php?id=972 HTTP/1.1" 200 1442 "-" "Mozilla/5.0 (compatible; Ezooms/1.0; ezooms.bot@gmail.com)" rom.byte-artist.de
208.115.111.69 - - [09/Apr/2013:08:06:51 +0200] "GET /items_uebersicht.php?pos=0&schritte=30&sort=g&ri=d HTTP/1.1" 200 39553 "-" "Mozilla/5.0 (compatible; Ezooms/1.0; ezooms.bot@gmail.com)" rom.byte-artist.de
208.115.111.69 - - [09/Apr/2013:08:06:51 +0200] "GET /items_uebersicht.php?pos=120&schritte=30&sort=l&ri=a HTTP/1.1" 200 38263 "-" "Mozilla/5.0 (compatible; Ezooms/1.0; ezooms.bot@gmail.com)" rom.byte-artist.de
208.115.111.69 - - [09/Apr/2013:08:06:53 +0200] "GET /items_uebersicht.php?sort=q&ri=d&pos=120&schritte=30 HTTP/1.1" 200 39678 "-" "Mozilla/5.0 (compatible; Ezooms/1.0; ezooms.bot@gmail.com)" rom.byte-artist.de
66.249.75.107 - - [09/Apr/2013:08:07:09 +0200] "GET /items_uebersicht.php?sort=ma&ri=a&pos=8360&schritte=30 HTTP/1.1" 200 39497 "-" "Mozilla/5.0 (compatible; Googlebot/2.1; +http://www.google.com/bot.html)" rom.byte-artist.de
66.249.75.107 - - [09/Apr/2013:08:07:18 +0200] "GET /items_uebersicht.php?pos=2670&schritte=30&sort=g&ri=d HTTP/1.1" 200 39561 "-" "Mozilla/5.0 (compatible; Googlebot/2.1; +http://www.google.com/bot.html)" rom.byte-artist.de
66.249.75.107 - - [09/Apr/2013:08:07:30 +0200] "GET /items_uebersicht.php?pos=2900&schritte=30&sort=mv&ri=d HTTP/1.1" 200 39417 "-" "Mozilla/5.0 (compatible; Googlebot/2.1; +http://www.google.com/bot.html)" rom.byte-artist.de
66.249.75.107 - - [09/Apr/2013:08:07:40 +0200] "GET /items_uebersicht.php?sort=t&ri=a&pos=6170&schritte=30 HTTP/1.1" 200 39670 "-" "Mozilla/5.0 (compatible; Googlebot/2.1; +http://www.google.com/bot.html)" rom.byte-artist.de
66.249.75.107 - - [09/Apr/2013:08:07:45 +0200] "GET /items_uebersicht.php?pos=8370&schritte=30&sort=q&ri=d HTTP/1.1" 200 39329 "-" "Mozilla/5.0 (compatible; Googlebot/2.1; +http://www.google.com/bot.html)" rom.byte-artist.de
66.249.76.47 - - [09/Apr/2013:08:09:19 +0200] "GET /items_uebersicht.php?pos=9810&schritte=30&sort=t&ri=a HTTP/1.1" 200 39689 "-" "Mozilla/5.0 (compatible; Googlebot/2.1; +http://www.google.com/bot.html)" rom.byte-artist.de
66.249.75.107 - - [09/Apr/2013:08:09:27 +0200] "GET /items_uebersicht.php?pos=10770&schritte=30&sort=mv&ri=d HTTP/1.1" 200 39688 "-" "Mozilla/5.0 (compatible; Googlebot/2.1; +http://www.google.com/bot.html)" rom.byte-artist.de
141.8.147.22 - - [09/Apr/2013:08:10:13 +0200] "GET /feed-rss/scripte/kommentare/9 HTTP/1.1" 200 1575 "-" "Mozilla/5.0 (compatible; YandexBot/3.0; +http://yandex.com/bots)" www.byte-artist.de
66.249.75.107 - - [09/Apr/2013:08:10:34 +0200] "GET /items_uebersicht.php?pos=13070&schritte=30&sort=as&ri=a HTTP/1.1" 200 39359 "-" "Mozilla/5.0 (compatible; Googlebot/2.1; +http://www.google.com/bot.html)" rom.byte-artist.de
66.249.75.107 - - [09/Apr/2013:08:14:37 +0200] "GET /items_uebersicht.php?pos=7770&schritte=30&sort=mv&ri=a HTTP/1.1" 200 39166 "-" "Mozilla/5.0 (compatible; Googlebot/2.1; +http://www.google.com/bot.html)" rom.byte-artist.de
66.249.75.107 - - [09/Apr/2013:08:14:55 +0200] "GET /items_uebersicht.php?sort=s&ri=a&pos=5840&schritte=30 HTTP/1.1" 200 39175 "-" "Mozilla/5.0 (compatible; Googlebot/2.1; +http://www.google.com/bot.html)" rom.byte-artist.de
66.249.75.107 - - [09/Apr/2013:08:15:08 +0200] "GET /items_uebersicht.php?pos=14640&schritte=30&sort=sn&ri=a HTTP/1.1" 200 40236 "-" "Mozilla/5.0 (compatible; Googlebot/2.1; +http://www.google.com/bot.html)" rom.byte-artist.de
66.249.75.107 - - [09/Apr/2013:08:16:35 +0200] "GET /items_uebersicht.php?sort=l&ri=d&pos=720&schritte=30 HTTP/1.1" 200 39655 "-" "Mozilla/5.0 (compatible; Googlebot/2.1; +http://www.google.com/bot.html)" rom.byte-artist.de
141.8.147.22 - - [09/Apr/2013:08:17:38 +0200] "GET /?pid=26 HTTP/1.1" 200 13380 "-" "Mozilla/5.0 (compatible; YandexBot/3.0; +http://yandex.com/bots)" forum.byte-artist.de
141.8.147.22 - - [09/Apr/2013:08:18:31 +0200] "GET /feed-rss/schnipsel/kommentare/5 HTTP/1.1" 200 1693 "-" "Mozilla/5.0 (compatible; YandexBot/3.0; +http://yandex.com/bots)" www.byte-artist.de
66.249.75.107 - - [09/Apr/2013:08:19:47 +0200] "GET /items_uebersicht.php?sort=k&ri=d&pos=2960&schritte=30 HTTP/1.1" 200 39187 "-" "Mozilla/5.0 (compatible; Googlebot/2.1; +http://www.google.com/bot.html)" rom.byte-artist.de
66.249.75.107 - - [09/Apr/2013:08:20:08 +0200] "GET /items_uebersicht.php?pos=9090&schritte=30&sort=n&ri=d HTTP/1.1" 200 39388 "-" "Mozilla/5.0 (compatible; Googlebot/2.1; +http://www.google.com/bot.html)" rom.byte-artist.de
79.215.72.249 - - [09/Apr/2013:08:21:08 +0200] "GET /hannelore/images/theater/bild02.jpg HTTP/1.1" 302 322 "http://www.vebidoo.de/sonja+kirchberger" "Mozilla/5.0 (Windows NT 5.1; rv:19.0) Gecko/20100101 Firefox/19.0" projekte.byte-artist.de
79.215.72.249 - - [09/Apr/2013:08:21:23 +0200] "GET /hannelore/images/theater/bild02.jpg HTTP/1.1" 302 322 "http://www.vebidoo.de/sonja+kirchberger" "Mozilla/5.0 (Windows NT 5.1; rv:19.0) Gecko/20100101 Firefox/19.0" projekte.byte-artist.de
79.215.72.249 - - [09/Apr/2013:08:21:24 +0200] "GET /projektehannelore/images/theater/bild02.jpg HTTP/1.1" 301 341 "http://www.vebidoo.de/sonja+kirchberger" "Mozilla/5.0 (Windows NT 5.1; rv:19.0) Gecko/20100101 Firefox/19.0" byte-artist.de
79.215.72.249 - - [09/Apr/2013:08:21:26 +0200] "GET /projektehannelore/images/theater/bild02.jpg HTTP/1.1" 200 9070 "http://www.vebidoo.de/sonja+kirchberger" "Mozilla/5.0 (Windows NT 5.1; rv:19.0) Gecko/20100101 Firefox/19.0" www.byte-artist.de
79.215.72.249 - - [09/Apr/2013:08:21:46 +0200] "GET /hannelore/images/theater/bild02.jpg HTTP/1.1" 302 322 "http://www.vebidoo.de/sonja+kirchberger" "Mozilla/5.0 (Windows NT 5.1; rv:19.0) Gecko/20100101 Firefox/19.0" projekte.byte-artist.de
79.215.72.249 - - [09/Apr/2013:08:21:46 +0200] "GET /projektehannelore/images/theater/bild02.jpg HTTP/1.1" 200 9070 "http://www.vebidoo.de/sonja+kirchberger" "Mozilla/5.0 (Windows NT 5.1; rv:19.0) Gecko/20100101 Firefox/19.0" www.byte-artist.de
66.249.75.107 - - [09/Apr/2013:08:21:58 +0200] "GET /items_uebersicht.php?pos=8840&schritte=30&sort=n&ri=d HTTP/1.1" 200 39320 "-" "Mozilla/5.0 (compatible; Googlebot/2.1; +http://www.google.com/bot.html)" rom.byte-artist.de
66.249.75.107 - - [09/Apr/2013:08:22:41 +0200] "GET /items_uebersicht.php?sort=k&ri=a&pos=12570&schritte=30 HTTP/1.1" 200 39233 "-" "Mozilla/5.0 (compatible; Googlebot/2.1; +http://www.google.com/bot.html)" rom.byte-artist.de
66.249.75.107 - - [09/Apr/2013:08:24:49 +0200] "GET /items_uebersicht.php?pos=14490&schritte=30&sort=k&ri=a HTTP/1.1" 200 39349 "-" "Mozilla/5.0 (compatible; Googlebot/2.1; +http://www.google.com/bot.html)" rom.byte-artist.de
66.249.75.107 - - [09/Apr/2013:08:25:01 +0200] "GET /items_uebersicht.php?sort=mv&ri=d&pos=10970&schritte=30 HTTP/1.1" 200 39294 "-" "Mozilla/5.0 (compatible; Googlebot/2.1; +http://www.google.com/bot.html)" rom.byte-artist.de
66.249.75.107 - - [09/Apr/2013:08:25:18 +0200] "GET /items_uebersicht.php?pos=740&schritte=30&sort=s&ri=d HTTP/1.1" 200 39733 "-" "Mozilla/5.0 (compatible; Googlebot/2.1; +http://www.google.com/bot.html)" rom.byte-artist.de
66.249.75.107 - - [09/Apr/2013:08:26:02 +0200] "GET /items_uebersicht.php?sort=t&ri=d&pos=12870&schritte=30 HTTP/1.1" 200 38800 "-" "Mozilla/5.0 (compatible; Googlebot/2.1; +http://www.google.com/bot.html)" rom.byte-artist.de
141.8.147.22 - - [09/Apr/2013:08:26:42 +0200] "GET /feed-rss/schnipsel/id/5 HTTP/1.1" 200 1632 "-" "Mozilla/5.0 (compatible; YandexBot/3.0; +http://yandex.com/bots)" www.byte-artist.de
66.249.75.107 - - [09/Apr/2013:08:26:57 +0200] "GET /items_uebersicht.php?pos=1290&schritte=30&sort=n&ri=a HTTP/1.1" 200 39565 "-" "Mozilla/5.0 (compatible; Googlebot/2.1; +http://www.google.com/bot.html)" rom.byte-artist.de
199.30.20.93 - - [09/Apr/2013:08:28:31 +0200] "GET /robots.txt HTTP/1.1" 302 297 "-" "msnbot-media/1.1 (+http://search.msn.com/msnbot.htm)" projekte.byte-artist.de
199.30.20.93 - - [09/Apr/2013:08:28:32 +0200] "GET /projekterobots.txt HTTP/1.1" 301 316 "-" "msnbot-media/1.1 (+http://search.msn.com/msnbot.htm)" byte-artist.de
199.30.20.93 - - [09/Apr/2013:08:28:32 +0200] "GET /projekterobots.txt HTTP/1.1" 200 9070 "-" "msnbot-media/1.1 (+http://search.msn.com/msnbot.htm)" www.byte-artist.de
199.30.20.93 - - [09/Apr/2013:08:28:33 +0200] "GET /hannelore/images/layout/von_der_seele.jpg HTTP/1.1" 302 328 "-" "msnbot-media/1.1 (+http://search.msn.com/msnbot.htm)" projekte.byte-artist.de
199.30.20.93 - - [09/Apr/2013:08:28:33 +0200] "GET /robots.txt HTTP/1.1" 301 308 "-" "msnbot-media/1.1 (+http://search.msn.com/msnbot.htm)" byte-artist.de
199.30.20.93 - - [09/Apr/2013:08:28:33 +0200] "GET /robots.txt HTTP/1.1" 200 9070 "-" "msnbot-media/1.1 (+http://search.msn.com/msnbot.htm)" www.byte-artist.de
199.30.20.93 - - [09/Apr/2013:08:28:34 +0200] "GET /projektehannelore/images/layout/von_der_seele.jpg HTTP/1.1" 301 347 "-" "msnbot-media/1.1 (+http://search.msn.com/msnbot.htm)" byte-artist.de
199.30.20.93 - - [09/Apr/2013:08:28:34 +0200] "GET /robots.txt HTTP/1.1" 200 9070 "-" "msnbot-media/1.1 (+http://search.msn.com/msnbot.htm)" www.byte-artist.de
199.30.20.93 - - [09/Apr/2013:08:28:34 +0200] "GET /projektehannelore/images/layout/von_der_seele.jpg HTTP/1.1" 200 9070 "-" "msnbot-media/1.1 (+http://search.msn.com/msnbot.htm)" www.byte-artist.de
66.249.75.107 - - [09/Apr/2013:08:32:53 +0200] "GET /items_uebersicht.php?sort=mv&ri=a&pos=8250&schritte=30 HTTP/1.1" 200 39419 "-" "Mozilla/5.0 (compatible; Googlebot/2.1; +http://www.google.com/bot.html)" rom.byte-artist.de
66.249.75.107 - - [09/Apr/2013:08:34:34 +0200] "GET /items_uebersicht.php?sort=q&ri=a&pos=9270&schritte=30 HTTP/1.1" 200 39736 "-" "Mozilla/5.0 (compatible; Googlebot/2.1; +http://www.google.com/bot.html)" rom.byte-artist.de
141.8.147.22 - - [09/Apr/2013:08:35:04 +0200] "GET /feed-rss/projekte/kommentare/15 HTTP/1.1" 200 2059 "-" "Mozilla/5.0 (compatible; YandexBot/3.0; +http://yandex.com/bots)" www.byte-artist.de
66.249.75.107 - - [09/Apr/2013:08:35:31 +0200] "GET /items_uebersicht.php?sort=g&ri=a&pos=9750&schritte=30 HTTP/1.1" 200 39479 "-" "Mozilla/5.0 (compatible; Googlebot/2.1; +http://www.google.com/bot.html)" rom.byte-artist.de
208.115.113.85 - - [09/Apr/2013:08:36:50 +0200] "GET /robots.txt HTTP/1.1" 404 276 "-" "Mozilla/5.0 (compatible; Ezooms/1.0; ezooms.bot@gmail.com)" rom.byte-artist.de
208.115.113.85 - - [09/Apr/2013:08:36:50 +0200] "GET /robots.txt HTTP/1.1" 404 6655 "-" "Mozilla/5.0 (compatible; Ezooms/1.0; ezooms.bot@gmail.com)" forum.byte-artist.de
66.249.75.107 - - [09/Apr/2013:08:37:20 +0200] "GET /items_uebersicht.php?pos=4640&schritte=30&sort=n&ri=d HTTP/1.1" 200 39112 "-" "Mozilla/5.0 (compatible; Googlebot/2.1; +http://www.google.com/bot.html)" rom.byte-artist.de
66.249.75.107 - - [09/Apr/2013:08:37:44 +0200] "GET /items_uebersicht.php?sort=g&ri=a&pos=12210&schritte=30 HTTP/1.1" 200 39652 "-" "Mozilla/5.0 (compatible; Googlebot/2.1; +http://www.google.com/bot.html)" rom.byte-artist.de
66.249.75.107 - - [09/Apr/2013:08:40:26 +0200] "GET /items_uebersicht.php?pos=2270&schritte=30&sort=pa&ri=d HTTP/1.1" 200 40372 "-" "Mozilla/5.0 (compatible; Googlebot/2.1; +http://www.google.com/bot.html)" rom.byte-artist.de
66.249.75.107 - - [09/Apr/2013:08:40:51 +0200] "GET /items_uebersicht.php?pos=10530&schritte=30&sort=n&ri=a HTTP/1.1" 200 39132 "-" "Mozilla/5.0 (compatible; Googlebot/2.1; +http://www.google.com/bot.html)" rom.byte-artist.de
109.233.156.56 - - [09/Apr/2013:08:41:09 +0200] "GET /feed-rss/blog HTTP/1.1" 200 525 "-" "Mozilla/5.0" www.byte-artist.de
66.249.75.107 - - [09/Apr/2013:08:43:03 +0200] "GET /items_uebersicht.php?pos=770&schritte=30&sort=t&ri=d HTTP/1.1" 200 40520 "-" "Mozilla/5.0 (compatible; Googlebot/2.1; +http://www.google.com/bot.html)" rom.byte-artist.de
141.8.147.22 - - [09/Apr/2013:08:43:10 +0200] "GET /feed-rss/projekte/kommentare/37 HTTP/1.1" 200 2065 "-" "Mozilla/5.0 (compatible; YandexBot/3.0; +http://yandex.com/bots)" www.byte-artist.de
66.249.75.107 - - [09/Apr/2013:08:44:01 +0200] "GET /items_uebersicht.php?pos=12180&schritte=30&sort=k&ri=a HTTP/1.1" 200 39347 "-" "Mozilla/5.0 (compatible; Googlebot/2.1; +http://www.google.com/bot.html)" rom.byte-artist.de
66.249.75.107 - - [09/Apr/2013:08:45:18 +0200] "GET /items_uebersicht.php?sort=n&ri=a&pos=11940&schritte=30 HTTP/1.1" 200 39541 "-" "Mozilla/5.0 (compatible; Googlebot/2.1; +http://www.google.com/bot.html)" rom.byte-artist.de
66.249.75.107 - - [09/Apr/2013:08:47:27 +0200] "GET /items_uebersicht.php?pos=14090&schritte=30&sort=t&ri=a HTTP/1.1" 200 39495 "-" "Mozilla/5.0 (compatible; Googlebot/2.1; +http://www.google.com/bot.html)" rom.byte-artist.de
66.249.75.107 - - [09/Apr/2013:08:48:50 +0200] "GET /items_uebersicht.php?pos=3230&schritte=30&sort=n&ri=d HTTP/1.1" 200 39521 "-" "Mozilla/5.0 (compatible; Googlebot/2.1; +http://www.google.com/bot.html)" rom.byte-artist.de
88.74.152.12 - - [09/Apr/2013:08:49:04 +0200] "GET /images/favicon.ico HTTP/1.1" 200 55613 "-" "Mozilla/5.0 (X11; Linux x86_64; rv:19.0) Gecko/20100101 Firefox/19.0" www.byte-artist.de
66.249.75.107 - - [09/Apr/2013:08:49:08 +0200] "GET /items_uebersicht.php?sort=l&ri=a&pos=9140&schritte=30 HTTP/1.1" 200 39697 "-" "Mozilla/5.0 (compatible; Googlebot/2.1; +http://www.google.com/bot.html)" rom.byte-artist.de
66.249.75.205 - - [09/Apr/2013:08:49:48 +0200] "GET /butler/create-thumb/file/L3Zhci93d3cvd2ViNzc5L2h0bWwvd2Vic2l0ZS9wdWJsaWMvaW1hZ2VzL2NvbnRlbnQvZHluYW1pc2NoL3Byb2pla3RlLzI3L21vYmljYXIuanBn/width/250/height/250 HTTP/1.1" 200 - "-" "Googlebot-Image/1.0" www.byte-artist.de
66.249.75.107 - - [09/Apr/2013:08:50:04 +0200] "GET /items_uebersicht.php?sort=k&ri=d&pos=2580&schritte=30 HTTP/1.1" 200 39206 "-" "Mozilla/5.0 (compatible; Googlebot/2.1; +http://www.google.com/bot.html)" rom.byte-artist.de
66.249.75.107 - - [09/Apr/2013:08:51:27 +0200] "GET /items_uebersicht.php?pos=440&schritte=30&sort=t&ri=a HTTP/1.1" 200 38708 "-" "Mozilla/5.0 (compatible; Googlebot/2.1; +http://www.google.com/bot.html)" rom.byte-artist.de
141.8.147.22 - - [09/Apr/2013:08:51:44 +0200] "GET /schnipsel/edit/ HTTP/1.1" 200 13425 "-" "Mozilla/5.0 (compatible; YandexBot/3.0; +http://yandex.com/bots)" www.byte-artist.de
139.18.2.209 - - [09/Apr/2013:08:57:58 +0200] "GET /?seite=kontakt HTTP/1.1" 301 309 "-" "findlinks/2.6 (+http://wortschatz.uni-leipzig.de/findlinks/)" www.byte-artist.de
139.18.2.209 - - [09/Apr/2013:08:57:58 +0200] "GET /kontakt HTTP/1.1" 200 9699 "-" "findlinks/2.6 (+http://wortschatz.uni-leipzig.de/findlinks/)" www.byte-artist.de
139.18.2.209 - - [09/Apr/2013:08:57:59 +0200] "GET /?seite=kontakt HTTP/1.1" 301 309 "-" "findlinks/2.6 (+http://wortschatz.uni-leipzig.de/findlinks/)" www.byte-artist.de
139.18.2.209 - - [09/Apr/2013:08:57:59 +0200] "GET /kontakt HTTP/1.1" 200 9699 "-" "findlinks/2.6 (+http://wortschatz.uni-leipzig.de/findlinks/)" www.byte-artist.de
141.8.147.22 - - [09/Apr/2013:09:00:08 +0200] "GET /feed-rss/projekte/id/5 HTTP/1.1" 200 2195 "-" "Mozilla/5.0 (compatible; YandexBot/3.0; +http://yandex.com/bots)" www.byte-artist.de
141.8.147.22 - - [09/Apr/2013:09:07:46 +0200] "GET /feed-rss/projekte/kommentare/21 HTTP/1.1" 200 2043 "-" "Mozilla/5.0 (compatible; YandexBot/3.0; +http://yandex.com/bots)" www.byte-artist.de
84.191.164.179 - - [09/Apr/2013:09:08:14 +0200] "GET /hannelore/images/theater/bild02.jpg HTTP/1.1" 302 322 "http://www.vebidoo.de/sonja+kirchberger" "Mozilla/5.0 (Windows NT 5.1; rv:19.0) Gecko/20100101 Firefox/19.0" projekte.byte-artist.de
84.191.164.179 - - [09/Apr/2013:09:08:17 +0200] "GET /hannelore/images/theater/bild02.jpg HTTP/1.1" 302 322 "http://www.vebidoo.de/sonja+kirchberger" "Mozilla/5.0 (Windows NT 5.1; rv:19.0) Gecko/20100101 Firefox/19.0" projekte.byte-artist.de
84.191.164.179 - - [09/Apr/2013:09:08:23 +0200] "GET /hannelore/images/theater/bild02.jpg HTTP/1.1" 302 322 "http://www.vebidoo.de/sonja+kirchberger" "Mozilla/5.0 (Windows NT 5.1; rv:19.0) Gecko/20100101 Firefox/19.0" projekte.byte-artist.de
84.191.164.179 - - [09/Apr/2013:09:08:23 +0200] "GET /projektehannelore/images/theater/bild02.jpg HTTP/1.1" 301 341 "http://www.vebidoo.de/sonja+kirchberger" "Mozilla/5.0 (Windows NT 5.1; rv:19.0) Gecko/20100101 Firefox/19.0" byte-artist.de
84.191.164.179 - - [09/Apr/2013:09:08:25 +0200] "GET /projektehannelore/images/theater/bild02.jpg HTTP/1.1" 200 9070 "http://www.vebidoo.de/sonja+kirchberger" "Mozilla/5.0 (Windows NT 5.1; rv:19.0) Gecko/20100101 Firefox/19.0" www.byte-artist.de
84.191.164.179 - - [09/Apr/2013:09:08:50 +0200] "GET /projektehannelore/images/theater/bild02.jpg HTTP/1.1" 200 9070 "http://www.vebidoo.de/sonja+kirchberger" "Mozilla/5.0 (Windows NT 5.1; rv:19.0) Gecko/20100101 Firefox/19.0" www.byte-artist.de
66.249.75.107 - - [09/Apr/2013:09:09:42 +0200] "GET /items_uebersicht.php?pos=7490&schritte=30&sort=n&ri=a HTTP/1.1" 200 39499 "-" "Mozilla/5.0 (compatible; Googlebot/2.1; +http://www.google.com/bot.html)" rom.byte-artist.de
66.249.75.107 - - [09/Apr/2013:09:13:16 +0200] "GET /items_uebersicht.php?pos=6170&schritte=30&sort=t&ri=d HTTP/1.1" 200 39646 "-" "Mozilla/5.0 (compatible; Googlebot/2.1; +http://www.google.com/bot.html)" rom.byte-artist.de
66.249.75.107 - - [09/Apr/2013:09:13:44 +0200] "GET /items_uebersicht.php?sort=mv&ri=a&pos=14960&schritte=30 HTTP/1.1" 200 39799 "-" "Mozilla/5.0 (compatible; Googlebot/2.1; +http://www.google.com/bot.html)" rom.byte-artist.de
141.8.147.22 - - [09/Apr/2013:09:15:52 +0200] "GET /feed-rss/projekte/id/32 HTTP/1.1" 200 2028 "-" "Mozilla/5.0 (compatible; YandexBot/3.0; +http://yandex.com/bots)" www.byte-artist.de
66.249.75.107 - - [09/Apr/2013:09:19:28 +0200] "GET /items_uebersicht.php?pos=13890&schritte=30&sort=pv&ri=a HTTP/1.1" 200 39655 "-" "Mozilla/5.0 (compatible; Googlebot/2.1; +http://www.google.com/bot.html)" rom.byte-artist.de
66.249.75.107 - - [09/Apr/2013:09:19:37 +0200] "GET /items_uebersicht.php?sort=pa&ri=d&pos=3360&schritte=30 HTTP/1.1" 200 39348 "-" "Mozilla/5.0 (compatible; Googlebot/2.1; +http://www.google.com/bot.html)" rom.byte-artist.de
141.8.147.22 - - [09/Apr/2013:09:22:56 +0200] "GET /feed-rss/projekte/id/9 HTTP/1.1" 200 7368 "-" "Mozilla/5.0 (compatible; YandexBot/3.0; +http://yandex.com/bots)" www.byte-artist.de
66.249.75.107 - - [09/Apr/2013:09:24:33 +0200] "GET /items_uebersicht.php?sort=s&ri=d&pos=7530&schritte=30 HTTP/1.1" 200 39380 "-" "Mozilla/5.0 (compatible; Googlebot/2.1; +http://www.google.com/bot.html)" rom.byte-artist.de
109.233.156.56 - - [09/Apr/2013:09:26:30 +0200] "GET /feed-rss/blog HTTP/1.1" 200 525 "-" "Mozilla/5.0" www.byte-artist.de
141.8.147.22 - - [09/Apr/2013:09:30:08 +0200] "GET /feed-rss/schnipsel/sprache/javascript HTTP/1.1" 200 2176 "-" "Mozilla/5.0 (compatible; YandexBot/3.0; +http://yandex.com/bots)" www.byte-artist.de
87.139.144.212 - - [09/Apr/2013:09:34:12 +0200] "GET / HTTP/1.1" 200 12723 "-" "Mozilla/5.0 (Windows NT 6.1; WOW64; rv:19.0) Gecko/20100101 Firefox/19.0" www.byte-artist.de
87.139.144.212 - - [09/Apr/2013:09:34:12 +0200] "GET /css/global.css HTTP/1.1" 304 - "http://www.byte-artist.de/" "Mozilla/5.0 (Windows NT 6.1; WOW64; rv:19.0) Gecko/20100101 Firefox/19.0" www.byte-artist.de
87.139.144.212 - - [09/Apr/2013:09:34:12 +0200] "GET /css/normal.css HTTP/1.1" 304 - "http://www.byte-artist.de/" "Mozilla/5.0 (Windows NT 6.1; WOW64; rv:19.0) Gecko/20100101 Firefox/19.0" www.byte-artist.de
87.139.144.212 - - [09/Apr/2013:09:34:12 +0200] "GET /css/mozilla.css HTTP/1.1" 304 - "http://www.byte-artist.de/" "Mozilla/5.0 (Windows NT 6.1; WOW64; rv:19.0) Gecko/20100101 Firefox/19.0" www.byte-artist.de
87.139.144.212 - - [09/Apr/2013:09:34:12 +0200] "GET /js/jquery.min.js HTTP/1.1" 304 - "http://www.byte-artist.de/" "Mozilla/5.0 (Windows NT 6.1; WOW64; rv:19.0) Gecko/20100101 Firefox/19.0" www.byte-artist.de
87.139.144.212 - - [09/Apr/2013:09:34:12 +0200] "GET /js/jquery-ui.min.js HTTP/1.1" 304 - "http://www.byte-artist.de/" "Mozilla/5.0 (Windows NT 6.1; WOW64; rv:19.0) Gecko/20100101 Firefox/19.0" www.byte-artist.de
87.139.144.212 - - [09/Apr/2013:09:34:12 +0200] "GET /js/funktionen.js HTTP/1.1" 304 - "http://www.byte-artist.de/" "Mozilla/5.0 (Windows NT 6.1; WOW64; rv:19.0) Gecko/20100101 Firefox/19.0" www.byte-artist.de
87.139.144.212 - - [09/Apr/2013:09:34:12 +0200] "GET /js/funktionen_jquery.js HTTP/1.1" 304 - "http://www.byte-artist.de/" "Mozilla/5.0 (Windows NT 6.1; WOW64; rv:19.0) Gecko/20100101 Firefox/19.0" www.byte-artist.de
87.139.144.212 - - [09/Apr/2013:09:34:12 +0200] "GET /js/blur.js HTTP/1.1" 304 - "http://www.byte-artist.de/" "Mozilla/5.0 (Windows NT 6.1; WOW64; rv:19.0) Gecko/20100101 Firefox/19.0" www.byte-artist.de
87.139.144.212 - - [09/Apr/2013:09:34:12 +0200] "GET /js/cad.js HTTP/1.1" 304 - "http://www.byte-artist.de/" "Mozilla/5.0 (Windows NT 6.1; WOW64; rv:19.0) Gecko/20100101 Firefox/19.0" www.byte-artist.de
87.139.144.212 - - [09/Apr/2013:09:34:12 +0200] "GET /js/cad_catch_esc.js HTTP/1.1" 304 - "http://www.byte-artist.de/" "Mozilla/5.0 (Windows NT 6.1; WOW64; rv:19.0) Gecko/20100101 Firefox/19.0" www.byte-artist.de
87.139.144.212 - - [09/Apr/2013:09:34:12 +0200] "GET /js/cad_wrapper.js HTTP/1.1" 304 - "http://www.byte-artist.de/" "Mozilla/5.0 (Windows NT 6.1; WOW64; rv:19.0) Gecko/20100101 Firefox/19.0" www.byte-artist.de
87.139.144.212 - - [09/Apr/2013:09:34:12 +0200] "GET /js/cad_cms.js HTTP/1.1" 304 - "http://www.byte-artist.de/" "Mozilla/5.0 (Windows NT 6.1; WOW64; rv:19.0) Gecko/20100101 Firefox/19.0" www.byte-artist.de
87.139.144.212 - - [09/Apr/2013:09:34:12 +0200] "GET /js/cad_sperre.js HTTP/1.1" 304 - "http://www.byte-artist.de/" "Mozilla/5.0 (Windows NT 6.1; WOW64; rv:19.0) Gecko/20100101 Firefox/19.0" www.byte-artist.de
87.139.144.212 - - [09/Apr/2013:09:34:12 +0200] "GET /js/cad_message.js HTTP/1.1" 304 - "http://www.byte-artist.de/" "Mozilla/5.0 (Windows NT 6.1; WOW64; rv:19.0) Gecko/20100101 Firefox/19.0" www.byte-artist.de
87.139.144.212 - - [09/Apr/2013:09:34:12 +0200] "GET /js/cad_loader.js HTTP/1.1" 304 - "http://www.byte-artist.de/" "Mozilla/5.0 (Windows NT 6.1; WOW64; rv:19.0) Gecko/20100101 Firefox/19.0" www.byte-artist.de
87.139.144.212 - - [09/Apr/2013:09:34:12 +0200] "GET /js/default.js HTTP/1.1" 304 - "http://www.byte-artist.de/" "Mozilla/5.0 (Windows NT 6.1; WOW64; rv:19.0) Gecko/20100101 Firefox/19.0" www.byte-artist.de
87.139.144.212 - - [09/Apr/2013:09:34:12 +0200] "GET /images/favicon.ico HTTP/1.1" 304 - "-" "Mozilla/5.0 (Windows NT 6.1; WOW64; rv:19.0) Gecko/20100101 Firefox/19.0" www.byte-artist.de
87.139.144.212 - - [09/Apr/2013:09:34:12 +0200] "GET /images/content/statisch/icons/social_media/github.png HTTP/1.1" 304 - "http://www.byte-artist.de/" "Mozilla/5.0 (Windows NT 6.1; WOW64; rv:19.0) Gecko/20100101 Firefox/19.0" www.byte-artist.de
87.139.144.212 - - [09/Apr/2013:09:34:12 +0200] "GET /images/content/statisch/icons/social_media/facebook.png HTTP/1.1" 304 - "http://www.byte-artist.de/" "Mozilla/5.0 (Windows NT 6.1; WOW64; rv:19.0) Gecko/20100101 Firefox/19.0" www.byte-artist.de
87.139.144.212 - - [09/Apr/2013:09:34:12 +0200] "GET /images/content/statisch/icons/social_media/xing.png HTTP/1.1" 304 - "http://www.byte-artist.de/" "Mozilla/5.0 (Windows NT 6.1; WOW64; rv:19.0) Gecko/20100101 Firefox/19.0" www.byte-artist.de
87.139.144.212 - - [09/Apr/2013:09:34:12 +0200] "GET /images/content/statisch/icons/social_media/googleplus.png HTTP/1.1" 304 - "http://www.byte-artist.de/" "Mozilla/5.0 (Windows NT 6.1; WOW64; rv:19.0) Gecko/20100101 Firefox/19.0" www.byte-artist.de
87.139.144.212 - - [09/Apr/2013:09:34:12 +0200] "GET /css/grau.css HTTP/1.1" 304 - "http://www.byte-artist.de/" "Mozilla/5.0 (Windows NT 6.1; WOW64; rv:19.0) Gecko/20100101 Firefox/19.0" www.byte-artist.de
87.139.144.212 - - [09/Apr/2013:09:34:12 +0200] "GET /images/content/statisch/icons/social_media/feed.png HTTP/1.1" 304 - "http://www.byte-artist.de/" "Mozilla/5.0 (Windows NT 6.1; WOW64; rv:19.0) Gecko/20100101 Firefox/19.0" www.byte-artist.de
87.139.144.212 - - [09/Apr/2013:09:34:13 +0200] "GET /images/content/statisch/grafiken/ajax-loader_black_trans.gif HTTP/1.1" 304 - "http://www.byte-artist.de/" "Mozilla/5.0 (Windows NT 6.1; WOW64; rv:19.0) Gecko/20100101 Firefox/19.0" www.byte-artist.de
87.139.144.212 - - [09/Apr/2013:09:34:13 +0200] "GET /images/content/statisch/grafiken/beta.png HTTP/1.1" 304 - "http://www.byte-artist.de/css/global.css" "Mozilla/5.0 (Windows NT 6.1; WOW64; rv:19.0) Gecko/20100101 Firefox/19.0" www.byte-artist.de
87.139.144.212 - - [09/Apr/2013:09:34:13 +0200] "GET /images/content/statisch/grafiken/home_bg.png HTTP/1.1" 304 - "http://www.byte-artist.de/css/global.css" "Mozilla/5.0 (Windows NT 6.1; WOW64; rv:19.0) Gecko/20100101 Firefox/19.0" www.byte-artist.de
87.139.144.212 - - [09/Apr/2013:09:34:13 +0200] "GET /images/content/statisch/layout/pfeil_schatten.png HTTP/1.1" 304 - "http://www.byte-artist.de/css/global.css" "Mozilla/5.0 (Windows NT 6.1; WOW64; rv:19.0) Gecko/20100101 Firefox/19.0" www.byte-artist.de
87.139.144.212 - - [09/Apr/2013:09:34:13 +0200] "GET /images/content/statisch/layout/navi_pfeil_trans.png HTTP/1.1" 304 - "http://www.byte-artist.de/css/global.css" "Mozilla/5.0 (Windows NT 6.1; WOW64; rv:19.0) Gecko/20100101 Firefox/19.0" www.byte-artist.de
87.139.144.212 - - [09/Apr/2013:09:34:13 +0200] "GET /social-media/get-share-counts-for-url?url=aHR0cDovL3d3dy5ieXRlLWFydGlzdC5kZS8%3D&ajax=true HTTP/1.1" 200 110 "http://www.byte-artist.de/" "Mozilla/5.0 (Windows NT 6.1; WOW64; rv:19.0) Gecko/20100101 Firefox/19.0" www.byte-artist.de
87.139.144.212 - - [09/Apr/2013:09:35:08 +0200] "GET / HTTP/1.1" 200 12723 "-" "Mozilla/5.0 (Windows NT 6.1; WOW64; rv:19.0) Gecko/20100101 Firefox/19.0" www.byte-artist.de
87.139.144.212 - - [09/Apr/2013:09:35:09 +0200] "GET /social-media/get-share-counts-for-url?url=aHR0cDovL3d3dy5ieXRlLWFydGlzdC5kZS8%3D&ajax=true HTTP/1.1" 200 110 "http://www.byte-artist.de/" "Mozilla/5.0 (Windows NT 6.1; WOW64; rv:19.0) Gecko/20100101 Firefox/19.0" www.byte-artist.de
87.139.144.212 - - [09/Apr/2013:09:35:24 +0200] "GET /stuff HTTP/1.1" 200 13936 "http://www.byte-artist.de/" "Mozilla/5.0 (Windows NT 6.1; WOW64; rv:19.0) Gecko/20100101 Firefox/19.0" www.byte-artist.de
87.139.144.212 - - [09/Apr/2013:09:35:24 +0200] "GET /images/content/statisch/grafiken/stuff_bg.png HTTP/1.1" 304 - "http://www.byte-artist.de/css/global.css" "Mozilla/5.0 (Windows NT 6.1; WOW64; rv:19.0) Gecko/20100101 Firefox/19.0" www.byte-artist.de
87.139.144.212 - - [09/Apr/2013:09:35:25 +0200] "GET /images/content/statisch/grafiken/maximize.png HTTP/1.1" 304 - "http://www.byte-artist.de/stuff" "Mozilla/5.0 (Windows NT 6.1; WOW64; rv:19.0) Gecko/20100101 Firefox/19.0" www.byte-artist.de
87.139.144.212 - - [09/Apr/2013:09:35:25 +0200] "GET /images/content/statisch/grafiken/main_kategorie_blender_bg.png HTTP/1.1" 304 - "http://www.byte-artist.de/css/normal.css" "Mozilla/5.0 (Windows NT 6.1; WOW64; rv:19.0) Gecko/20100101 Firefox/19.0" www.byte-artist.de
87.139.144.212 - - [09/Apr/2013:09:35:24 +0200] "GET /social-media/get-share-counts-for-url?url=aHR0cDovL3d3dy5ieXRlLWFydGlzdC5kZS9zdHVmZg%3D%3D&ajax=true HTTP/1.1" 200 108 "http://www.byte-artist.de/stuff" "Mozilla/5.0 (Windows NT 6.1; WOW64; rv:19.0) Gecko/20100101 Firefox/19.0" www.byte-artist.de
87.139.144.212 - - [09/Apr/2013:09:35:27 +0200] "GET /downloads HTTP/1.1" 200 9360 "http://www.byte-artist.de/stuff" "Mozilla/5.0 (Windows NT 6.1; WOW64; rv:19.0) Gecko/20100101 Firefox/19.0" www.byte-artist.de
69.171.247.115 - - [09/Apr/2013:09:35:29 +0200] "GET /downloads HTTP/1.1" 200 9360 "-" "facebookexternalhit/1.1 (+http://www.facebook.com/externalhit_uatext.php)" www.byte-artist.de
69.171.247.118 - - [09/Apr/2013:09:35:30 +0200] "GET /images/content/statisch/icons/social_media/googleplus.png HTTP/1.1" 200 1329 "-" "facebookplatform/1.0 (+http://developers.facebook.com)" www.byte-artist.de
69.171.247.118 - - [09/Apr/2013:09:35:30 +0200] "GET /images/content/statisch/icons/social_media/github.png HTTP/1.1" 206 1430 "http://www.byte-artist.de/downloads" "facebookexternalhit/1.1 (+http://www.facebook.com/externalhit_uatext.php)" www.byte-artist.de
69.171.247.118 - - [09/Apr/2013:09:35:30 +0200] "GET /images/content/statisch/icons/social_media/xing.png HTTP/1.1" 206 1639 "http://www.byte-artist.de/downloads" "facebookexternalhit/1.1 (+http://www.facebook.com/externalhit_uatext.php)" www.byte-artist.de
69.171.247.116 - - [09/Apr/2013:09:35:30 +0200] "GET /images/content/statisch/icons/social_media/googleplus.png HTTP/1.1" 206 1329 "http://www.byte-artist.de/downloads" "facebookexternalhit/1.1 (+http://www.facebook.com/externalhit_uatext.php)" www.byte-artist.de
69.171.247.116 - - [09/Apr/2013:09:35:30 +0200] "GET /images/content/statisch/icons/social_media/feed.png HTTP/1.1" 206 1557 "http://www.byte-artist.de/downloads" "facebookexternalhit/1.1 (+http://www.facebook.com/externalhit_uatext.php)" www.byte-artist.de
69.171.247.116 - - [09/Apr/2013:09:35:31 +0200] "GET /images/content/statisch/icons/social_media/googleplus.png HTTP/1.1" 206 1329 "-" "facebookexternalhit/1.1 (+http://www.facebook.com/externalhit_uatext.php)" www.byte-artist.de
87.139.144.212 - - [09/Apr/2013:09:35:28 +0200] "GET /social-media/get-share-counts-for-url?url=aHR0cDovL3d3dy5ieXRlLWFydGlzdC5kZS9kb3dubG9hZHM%3D&ajax=true HTTP/1.1" 200 108 "http://www.byte-artist.de/downloads" "Mozilla/5.0 (Windows NT 6.1; WOW64; rv:19.0) Gecko/20100101 Firefox/19.0" www.byte-artist.de
173.252.103.4 - - [09/Apr/2013:09:35:32 +0200] "GET /images/content/statisch/icons/social_media/facebook.png HTTP/1.1" 206 969 "-" "facebookexternalhit/1.1 (+http://www.facebook.com/externalhit_uatext.php)" www.byte-artist.de
69.171.247.117 - - [09/Apr/2013:09:35:32 +0200] "GET /images/content/statisch/icons/social_media/facebook.png HTTP/1.1" 206 969 "http://www.byte-artist.de/downloads" "facebookexternalhit/1.1 (+http://www.facebook.com/externalhit_uatext.php)" www.byte-artist.de
87.139.144.212 - - [09/Apr/2013:09:36:14 +0200] "GET /downloads HTTP/1.1" 200 9360 "http://www.byte-artist.de/downloads" "Mozilla/5.0 (Windows NT 6.1; WOW64; rv:19.0) Gecko/20100101 Firefox/19.0" www.byte-artist.de
87.139.144.212 - - [09/Apr/2013:09:36:14 +0200] "GET /social-media/get-share-counts-for-url?url=aHR0cDovL3d3dy5ieXRlLWFydGlzdC5kZS9kb3dubG9hZHM%3D&ajax=true HTTP/1.1" 200 108 "http://www.byte-artist.de/downloads" "Mozilla/5.0 (Windows NT 6.1; WOW64; rv:19.0) Gecko/20100101 Firefox/19.0" www.byte-artist.de
141.8.147.22 - - [09/Apr/2013:09:36:16 +0200] "GET /feed-rss/scripte/kommentare/2 HTTP/1.1" 200 1575 "-" "Mozilla/5.0 (compatible; YandexBot/3.0; +http://yandex.com/bots)" www.byte-artist.de
87.139.144.212 - - [09/Apr/2013:09:36:21 +0200] "GET /downloads HTTP/1.1" 200 9360 "http://www.byte-artist.de/downloads" "Mozilla/5.0 (Windows NT 6.1; WOW64; rv:19.0) Gecko/20100101 Firefox/19.0" www.byte-artist.de
87.139.144.212 - - [09/Apr/2013:09:36:21 +0200] "GET /kontakt?ajax=true HTTP/1.1" 200 433 "http://www.byte-artist.de/downloads" "Mozilla/5.0 (Windows NT 6.1; WOW64; rv:19.0) Gecko/20100101 Firefox/19.0" www.byte-artist.de
87.139.144.212 - - [09/Apr/2013:09:36:22 +0200] "GET /images/content/statisch/grafiken/close_button.png HTTP/1.1" 200 4999 "http://www.byte-artist.de/css/global.css" "Mozilla/5.0 (Windows NT 6.1; WOW64; rv:19.0) Gecko/20100101 Firefox/19.0" www.byte-artist.de
141.8.147.22 - - [09/Apr/2013:09:40:58 +0200] "GET /feed-rss/projekte/kommentare/9 HTTP/1.1" 200 7433 "-" "Mozilla/5.0 (compatible; YandexBot/3.0; +http://yandex.com/bots)" www.byte-artist.de
141.8.147.22 - - [09/Apr/2013:09:47:54 +0200] "GET /feed-rss/projekte/kommentare/28 HTTP/1.1" 200 2044 "-" "Mozilla/5.0 (compatible; YandexBot/3.0; +http://yandex.com/bots)" www.byte-artist.de
87.139.144.212 - - [09/Apr/2013:09:50:31 +0200] "GET / HTTP/1.1" 200 12723 "-" "Mozilla/5.0 (Windows NT 6.1; WOW64; rv:19.0) Gecko/20100101 Firefox/19.0" www.byte-artist.de
87.139.144.212 - - [09/Apr/2013:09:50:31 +0200] "GET /social-media/get-share-counts-for-url?url=aHR0cDovL3d3dy5ieXRlLWFydGlzdC5kZS8%3D&ajax=true HTTP/1.1" 200 110 "http://www.byte-artist.de/" "Mozilla/5.0 (Windows NT 6.1; WOW64; rv:19.0) Gecko/20100101 Firefox/19.0" www.byte-artist.de
87.139.144.212 - - [09/Apr/2013:09:50:34 +0200] "GET /images/content/statisch/grafiken/blogging.png HTTP/1.1" 304 - "http://www.byte-artist.de/css/global.css" "Mozilla/5.0 (Windows NT 6.1; WOW64; rv:19.0) Gecko/20100101 Firefox/19.0" www.byte-artist.de
87.139.144.212 - - [09/Apr/2013:09:50:35 +0200] "GET /images/content/statisch/grafiken/aktuelles_profilbild_augen.png HTTP/1.1" 304 - "http://www.byte-artist.de/css/global.css" "Mozilla/5.0 (Windows NT 6.1; WOW64; rv:19.0) Gecko/20100101 Firefox/19.0" www.byte-artist.de
87.139.144.212 - - [09/Apr/2013:09:50:36 +0200] "GET /portfolio HTTP/1.1" 200 11064 "http://www.byte-artist.de/" "Mozilla/5.0 (Windows NT 6.1; WOW64; rv:19.0) Gecko/20100101 Firefox/19.0" www.byte-artist.de
87.139.144.212 - - [09/Apr/2013:09:50:37 +0200] "GET /social-media/get-share-counts-for-url?url=aHR0cDovL3d3dy5ieXRlLWFydGlzdC5kZS9wb3J0Zm9saW8%3D&ajax=true HTTP/1.1" 200 108 "http://www.byte-artist.de/portfolio" "Mozilla/5.0 (Windows NT 6.1; WOW64; rv:19.0) Gecko/20100101 Firefox/19.0" www.byte-artist.de
87.139.144.212 - - [09/Apr/2013:09:50:40 +0200] "GET /portfolio/byte-artist HTTP/1.1" 200 19985 "http://www.byte-artist.de/portfolio" "Mozilla/5.0 (Windows NT 6.1; WOW64; rv:19.0) Gecko/20100101 Firefox/19.0" www.byte-artist.de
87.139.144.212 - - [09/Apr/2013:09:50:41 +0200] "GET /images/content/statisch/grafiken/aktuelles_profilbild.png HTTP/1.1" 304 - "http://www.byte-artist.de/portfolio/byte-artist" "Mozilla/5.0 (Windows NT 6.1; WOW64; rv:19.0) Gecko/20100101 Firefox/19.0" www.byte-artist.de
87.139.144.212 - - [09/Apr/2013:09:50:41 +0200] "GET /social-media/get-share-counts-for-url?url=aHR0cDovL3d3dy5ieXRlLWFydGlzdC5kZS9wb3J0Zm9saW8vYnl0ZS1hcnRpc3Q%3D&ajax=true HTTP/1.1" 200 108 "http://www.byte-artist.de/portfolio/byte-artist" "Mozilla/5.0 (Windows NT 6.1; WOW64; rv:19.0) Gecko/20100101 Firefox/19.0" www.byte-artist.de
141.8.147.22 - - [09/Apr/2013:09:56:20 +0200] "GET /feed-rss/projekte/kommentare/19 HTTP/1.1" 200 2037 "-" "Mozilla/5.0 (compatible; YandexBot/3.0; +http://yandex.com/bots)" www.byte-artist.de
141.8.147.22 - - [09/Apr/2013:09:56:28 +0200] "GET /items_uebersicht.php?sort=l&ri=a&pos=0&schritte=30 HTTP/1.1" 200 39628 "-" "Mozilla/5.0 (compatible; YandexBot/3.0; +http://yandex.com/bots)" rom.byte-artist.de
87.139.144.212 - - [09/Apr/2013:09:57:27 +0200] "GET /portfolio HTTP/1.1" 200 11064 "http://www.byte-artist.de/portfolio/byte-artist" "Mozilla/5.0 (Windows NT 6.1; WOW64; rv:19.0) Gecko/20100101 Firefox/19.0" www.byte-artist.de
87.139.144.212 - - [09/Apr/2013:09:57:29 +0200] "GET /projekte HTTP/1.1" 200 11041 "http://www.byte-artist.de/portfolio" "Mozilla/5.0 (Windows NT 6.1; WOW64; rv:19.0) Gecko/20100101 Firefox/19.0" www.byte-artist.de
87.139.144.212 - - [09/Apr/2013:09:57:27 +0200] "GET /social-media/get-share-counts-for-url?url=aHR0cDovL3d3dy5ieXRlLWFydGlzdC5kZS9wb3J0Zm9saW8%3D&ajax=true HTTP/1.1" 200 108 "http://www.byte-artist.de/portfolio" "Mozilla/5.0 (Windows NT 6.1; WOW64; rv:19.0) Gecko/20100101 Firefox/19.0" www.byte-artist.de
87.139.144.212 - - [09/Apr/2013:09:57:30 +0200] "GET /social-media/get-share-counts-for-url?url=aHR0cDovL3d3dy5ieXRlLWFydGlzdC5kZS9wcm9qZWt0ZQ%3D%3D&ajax=true HTTP/1.1" 200 108 "http://www.byte-artist.de/projekte" "Mozilla/5.0 (Windows NT 6.1; WOW64; rv:19.0) Gecko/20100101 Firefox/19.0" www.byte-artist.de
87.139.144.212 - - [09/Apr/2013:09:57:31 +0200] "GET /projekte/abgeschlossen HTTP/1.1" 200 29588 "http://www.byte-artist.de/projekte" "Mozilla/5.0 (Windows NT 6.1; WOW64; rv:19.0) Gecko/20100101 Firefox/19.0" www.byte-artist.de
87.139.144.212 - - [09/Apr/2013:09:57:32 +0200] "GET /images/content/dynamisch/projekte/37/tintenmanager_uebersicht.png HTTP/1.1" 304 - "http://www.byte-artist.de/projekte/abgeschlossen" "Mozilla/5.0 (Windows NT 6.1; WOW64; rv:19.0) Gecko/20100101 Firefox/19.0" www.byte-artist.de
87.139.144.212 - - [09/Apr/2013:09:57:32 +0200] "GET /images/content/dynamisch/projekte/33/derdicke.jpg HTTP/1.1" 304 - "http://www.byte-artist.de/projekte/abgeschlossen" "Mozilla/5.0 (Windows NT 6.1; WOW64; rv:19.0) Gecko/20100101 Firefox/19.0" www.byte-artist.de
87.139.144.212 - - [09/Apr/2013:09:57:32 +0200] "GET /images/content/dynamisch/projekte/32/rom_charplaner_5.png HTTP/1.1" 304 - "http://www.byte-artist.de/projekte/abgeschlossen" "Mozilla/5.0 (Windows NT 6.1; WOW64; rv:19.0) Gecko/20100101 Firefox/19.0" www.byte-artist.de
87.139.144.212 - - [09/Apr/2013:09:57:32 +0200] "GET /images/content/dynamisch/projekte/31/kitaman_startseite_2.png HTTP/1.1" 304 - "http://www.byte-artist.de/projekte/abgeschlossen" "Mozilla/5.0 (Windows NT 6.1; WOW64; rv:19.0) Gecko/20100101 Firefox/19.0" www.byte-artist.de
87.139.144.212 - - [09/Apr/2013:09:57:32 +0200] "GET /images/content/dynamisch/projekte/30/agh_manager_massnahme_uebersicht.png HTTP/1.1" 304 - "http://www.byte-artist.de/projekte/abgeschlossen" "Mozilla/5.0 (Windows NT 6.1; WOW64; rv:19.0) Gecko/20100101 Firefox/19.0" www.byte-artist.de
87.139.144.212 - - [09/Apr/2013:09:57:32 +0200] "GET /images/content/dynamisch/projekte/28/unser-kruemel.jpg HTTP/1.1" 304 - "http://www.byte-artist.de/projekte/abgeschlossen" "Mozilla/5.0 (Windows NT 6.1; WOW64; rv:19.0) Gecko/20100101 Firefox/19.0" www.byte-artist.de
87.139.144.212 - - [09/Apr/2013:09:57:32 +0200] "GET /images/content/dynamisch/projekte/27/mobicar.jpg HTTP/1.1" 304 - "http://www.byte-artist.de/projekte/abgeschlossen" "Mozilla/5.0 (Windows NT 6.1; WOW64; rv:19.0) Gecko/20100101 Firefox/19.0" www.byte-artist.de
87.139.144.212 - - [09/Apr/2013:09:57:32 +0200] "GET /images/content/dynamisch/projekte/26/da-dg.jpg HTTP/1.1" 304 - "http://www.byte-artist.de/projekte/abgeschlossen" "Mozilla/5.0 (Windows NT 6.1; WOW64; rv:19.0) Gecko/20100101 Firefox/19.0" www.byte-artist.de
87.139.144.212 - - [09/Apr/2013:09:57:32 +0200] "GET /images/content/dynamisch/projekte/23/technik-auv.jpg HTTP/1.1" 304 - "http://www.byte-artist.de/projekte/abgeschlossen" "Mozilla/5.0 (Windows NT 6.1; WOW64; rv:19.0) Gecko/20100101 Firefox/19.0" www.byte-artist.de
87.139.144.212 - - [09/Apr/2013:09:57:32 +0200] "GET /images/content/statisch/grafiken/kein_bild.png HTTP/1.1" 304 - "http://www.byte-artist.de/projekte/abgeschlossen" "Mozilla/5.0 (Windows NT 6.1; WOW64; rv:19.0) Gecko/20100101 Firefox/19.0" www.byte-artist.de
87.139.144.212 - - [09/Apr/2013:09:57:32 +0200] "GET /images/content/dynamisch/projekte/21/bzb.jpg HTTP/1.1" 304 - "http://www.byte-artist.de/projekte/abgeschlossen" "Mozilla/5.0 (Windows NT 6.1; WOW64; rv:19.0) Gecko/20100101 Firefox/19.0" www.byte-artist.de
87.139.144.212 - - [09/Apr/2013:09:57:32 +0200] "GET /images/content/dynamisch/projekte/20/faerberei_lessing.jpg HTTP/1.1" 304 - "http://www.byte-artist.de/projekte/abgeschlossen" "Mozilla/5.0 (Windows NT 6.1; WOW64; rv:19.0) Gecko/20100101 Firefox/19.0" www.byte-artist.de
87.139.144.212 - - [09/Apr/2013:09:57:32 +0200] "GET /images/content/dynamisch/projekte/19/gabs-freital.jpg HTTP/1.1" 304 - "http://www.byte-artist.de/projekte/abgeschlossen" "Mozilla/5.0 (Windows NT 6.1; WOW64; rv:19.0) Gecko/20100101 Firefox/19.0" www.byte-artist.de
87.139.144.212 - - [09/Apr/2013:09:57:32 +0200] "GET /images/content/dynamisch/projekte/18/kleintransporte-plath.jpg HTTP/1.1" 304 - "http://www.byte-artist.de/projekte/abgeschlossen" "Mozilla/5.0 (Windows NT 6.1; WOW64; rv:19.0) Gecko/20100101 Firefox/19.0" www.byte-artist.de
87.139.144.212 - - [09/Apr/2013:09:57:32 +0200] "GET /images/content/dynamisch/projekte/17/praxisspieth_ff.jpg HTTP/1.1" 304 - "http://www.byte-artist.de/projekte/abgeschlossen" "Mozilla/5.0 (Windows NT 6.1; WOW64; rv:19.0) Gecko/20100101 Firefox/19.0" www.byte-artist.de
87.139.144.212 - - [09/Apr/2013:09:57:32 +0200] "GET /images/content/dynamisch/projekte/16/anne_v2.jpg HTTP/1.1" 304 - "http://www.byte-artist.de/projekte/abgeschlossen" "Mozilla/5.0 (Windows NT 6.1; WOW64; rv:19.0) Gecko/20100101 Firefox/19.0" www.byte-artist.de
87.139.144.212 - - [09/Apr/2013:09:57:32 +0200] "GET /images/content/dynamisch/projekte/15/anne_v3.jpg HTTP/1.1" 304 - "http://www.byte-artist.de/projekte/abgeschlossen" "Mozilla/5.0 (Windows NT 6.1; WOW64; rv:19.0) Gecko/20100101 Firefox/19.0" www.byte-artist.de
87.139.144.212 - - [09/Apr/2013:09:57:32 +0200] "GET /images/content/dynamisch/projekte/7/pflegedienst.png HTTP/1.1" 304 - "http://www.byte-artist.de/projekte/abgeschlossen" "Mozilla/5.0 (Windows NT 6.1; WOW64; rv:19.0) Gecko/20100101 Firefox/19.0" www.byte-artist.de
87.139.144.212 - - [09/Apr/2013:09:57:32 +0200] "GET /images/content/dynamisch/projekte/5/nopaste.jpg HTTP/1.1" 304 - "http://www.byte-artist.de/projekte/abgeschlossen" "Mozilla/5.0 (Windows NT 6.1; WOW64; rv:19.0) Gecko/20100101 Firefox/19.0" www.byte-artist.de
87.139.144.212 - - [09/Apr/2013:09:57:32 +0200] "GET /images/content/dynamisch/projekte/14/ergo.jpg HTTP/1.1" 304 - "http://www.byte-artist.de/projekte/abgeschlossen" "Mozilla/5.0 (Windows NT 6.1; WOW64; rv:19.0) Gecko/20100101 Firefox/19.0" www.byte-artist.de
87.139.144.212 - - [09/Apr/2013:09:57:32 +0200] "GET /images/content/dynamisch/projekte/8/WindbergArena.jpg HTTP/1.1" 304 - "http://www.byte-artist.de/projekte/abgeschlossen" "Mozilla/5.0 (Windows NT 6.1; WOW64; rv:19.0) Gecko/20100101 Firefox/19.0" www.byte-artist.de
87.139.144.212 - - [09/Apr/2013:09:57:32 +0200] "GET /images/content/dynamisch/projekte/1/anne.jpg HTTP/1.1" 304 - "http://www.byte-artist.de/projekte/abgeschlossen" "Mozilla/5.0 (Windows NT 6.1; WOW64; rv:19.0) Gecko/20100101 Firefox/19.0" www.byte-artist.de
87.139.144.212 - - [09/Apr/2013:09:57:33 +0200] "GET /images/content/dynamisch/projekte/12/hannelore_v1.jpg HTTP/1.1" 304 - "http://www.byte-artist.de/projekte/abgeschlossen" "Mozilla/5.0 (Windows NT 6.1; WOW64; rv:19.0) Gecko/20100101 Firefox/19.0" www.byte-artist.de
87.139.144.212 - - [09/Apr/2013:09:57:33 +0200] "GET /images/content/dynamisch/projekte/9/grafik_lcd.jpg HTTP/1.1" 304 - "http://www.byte-artist.de/projekte/abgeschlossen" "Mozilla/5.0 (Windows NT 6.1; WOW64; rv:19.0) Gecko/20100101 Firefox/19.0" www.byte-artist.de
87.139.144.212 - - [09/Apr/2013:09:57:35 +0200] "GET /images/content/statisch/grafiken/minimize.png HTTP/1.1" 304 - "http://www.byte-artist.de/projekte/abgeschlossen" "Mozilla/5.0 (Windows NT 6.1; WOW64; rv:19.0) Gecko/20100101 Firefox/19.0" www.byte-artist.de
87.139.144.212 - - [09/Apr/2013:09:57:33 +0200] "GET /social-media/get-share-counts-for-url?url=aHR0cDovL3d3dy5ieXRlLWFydGlzdC5kZS9wcm9qZWt0ZS9hYmdlc2NobG9zc2Vu&ajax=true HTTP/1.1" 200 108 "http://www.byte-artist.de/projekte/abgeschlossen" "Mozilla/5.0 (Windows NT 6.1; WOW64; rv:19.0) Gecko/20100101 Firefox/19.0" www.byte-artist.de
5.9.86.112 - - [09/Apr/2013:09:57:46 +0200] "GET /robots.txt HTTP/1.1" 404 6655 "-" "Mozilla/5.0 (compatible; Infohelfer/1.3.3; +http://www.infohelfer.de/crawler.php)" forum.byte-artist.de
5.9.86.112 - - [09/Apr/2013:09:57:47 +0200] "GET /news/news-zum-forum/capatcha.html HTTP/1.1" 200 11802 "-" "Mozilla/5.0 (compatible; Infohelfer/1.3.3; +http://www.infohelfer.de/crawler.php)" forum.byte-artist.de
5.9.56.116 - - [09/Apr/2013:09:59:29 +0200] "GET /games/cabal/force-shielder-aenderungen.html HTTP/1.1" 200 26576 "-" "Mozilla/5.0 (compatible; Infohelfer/1.3.3; +http://www.infohelfer.de/crawler.php)" forum.byte-artist.de
