66.249.75.205 - - [09/Apr/2013:12:17:36 +0200] "GET /js/cad_sperre.js HTTP/1.1" 200 5281 "-" "Mozilla/5.0 (compatible; Googlebot/2.1; +http://www.google.com/bot.html)" www.byte-artist.de
66.249.75.205 - - [09/Apr/2013:12:17:41 +0200] "GET /social-media/get-share-counts-for-url?url=aHR0cDovL3d3dy5ieXRlLWFydGlzdC5kZS8%3D&ajax=true HTTP/1.1" 200 110 "http://www.byte-artist.de/" "Mozilla/5.0 (compatible; Googlebot/2.1; +http://www.google.com/bot.html)" www.byte-artist.de
141.8.147.22 - - [09/Apr/2013:12:23:11 +0200] "GET /feed-rss/scripte/id/7 HTTP/1.1" 200 2559 "-" "Mozilla/5.0 (compatible; YandexBot/3.0; +http://yandex.com/bots)" www.byte-artist.de
199.30.16.28 - - [09/Apr/2013:12:25:29 +0200] "GET /robots.txt HTTP/1.1" 404 6655 "-" "msnbot-media/1.1 (+http://search.msn.com/msnbot.htm)" forum.byte-artist.de
199.30.16.28 - - [09/Apr/2013:12:25:30 +0200] "GET /images/user/1/57/blizzard_altar.jpg HTTP/1.1" 200 37520 "-" "msnbot-media/1.1 (+http://search.msn.com/msnbot.htm)" forum.byte-artist.de
129.143.71.36 - - [09/Apr/2013:12:31:15 +0200] "GET /webseite/images/projekte/vorschau/Textilreinigung%20und%20F%C3%A4rberei%20Lessing%20&%20Sohn_1242506119702.png HTTP/1.1" 301 412 "http://www.vebidoo.de/anne+spieth" "Mozilla/4.0 (compatible; MSIE 8.0; Windows NT 6.1; Trident/4.0; SLCC2; .NET CLR 2.0.50727; .NET CLR 3.5.30729; .NET CLR 3.0.30729; Media Center PC 6.0; InfoPath.1)" byte-artist.de
129.143.71.36 - - [09/Apr/2013:12:31:16 +0200] "GET /webseite/images/projekte/vorschau/artistin.com%20%7C%20artistin_1242505475247.png HTTP/1.1" 301 379 "http://www.vebidoo.de/anne+spieth" "Mozilla/4.0 (compatible; MSIE 8.0; Windows NT 6.1; Trident/4.0; SLCC2; .NET CLR 2.0.50727; .NET CLR 3.5.30729; .NET CLR 3.0.30729; Media Center PC 6.0; InfoPath.1)" byte-artist.de
129.143.71.36 - - [09/Apr/2013:12:31:16 +0200] "GET /webseite/images/projekte/vorschau/Gesellschaft%20zur%20Arbeitsf%C3%B6rderung,%20Besch%C3%A4ftigung%20und%20Strukturentwicklung-GABS%20Freital%20mbH_1242505902175.png HTTP/1.1" 301 463 "http://www.vebidoo.de/anne+spieth" "Mozilla/4.0 (compatible; MSIE 8.0; Windows NT 6.1; Trident/4.0; SLCC2; .NET CLR 2.0.50727; .NET CLR 3.5.30729; .NET CLR 3.0.30729; Media Center PC 6.0; InfoPath.1)" byte-artist.de
129.143.71.36 - - [09/Apr/2013:12:31:17 +0200] "GET /webseite/images/projekte/vorschau/Technik%20A&V_1242506228877.png HTTP/1.1" 301 367 "http://www.vebidoo.de/anne+spieth" "Mozilla/4.0 (compatible; MSIE 8.0; Windows NT 6.1; Trident/4.0; SLCC2; .NET CLR 2.0.50727; .NET CLR 3.5.30729; .NET CLR 3.0.30729; Media Center PC 6.0; InfoPath.1)" byte-artist.de
129.143.71.36 - - [09/Apr/2013:12:31:17 +0200] "GET /webseite/images/projekte/vorschau/Willkommmen%20bei%20kleintransporte-plath.de_1242505598626.png HTTP/1.1" 301 394 "http://www.vebidoo.de/anne+spieth" "Mozilla/4.0 (compatible; MSIE 8.0; Windows NT 6.1; Trident/4.0; SLCC2; .NET CLR 2.0.50727; .NET CLR 3.5.30729; .NET CLR 3.0.30729; Media Center PC 6.0; InfoPath.1)" byte-artist.de
129.143.71.36 - - [09/Apr/2013:12:31:18 +0200] "GET /webseite/images/projekte/vorschau/Textilreinigung%20und%20F%c3%a4rberei%20Lessing%20&%20Sohn_1242506119702.png HTTP/1.1" 200 9070 "http://www.vebidoo.de/anne+spieth" "Mozilla/4.0 (compatible; MSIE 8.0; Windows NT 6.1; Trident/4.0; SLCC2; .NET CLR 2.0.50727; .NET CLR 3.5.30729; .NET CLR 3.0.30729; Media Center PC 6.0; InfoPath.1)" www.byte-artist.de
129.143.71.36 - - [09/Apr/2013:12:31:18 +0200] "GET /webseite/images/projekte/vorschau/artistin.com%20%7c%20artistin_1242505475247.png HTTP/1.1" 200 9070 "http://www.vebidoo.de/anne+spieth" "Mozilla/4.0 (compatible; MSIE 8.0; Windows NT 6.1; Trident/4.0; SLCC2; .NET CLR 2.0.50727; .NET CLR 3.5.30729; .NET CLR 3.0.30729; Media Center PC 6.0; InfoPath.1)" www.byte-artist.de
129.143.71.36 - - [09/Apr/2013:12:31:18 +0200] "GET /webseite/images/projekte/vorschau/Gesellschaft%20zur%20Arbeitsf%c3%b6rderung,%20Besch%c3%a4ftigung%20und%20Strukturentwicklung-GABS%20Freital%20mbH_1242505902175.png HTTP/1.1" 200 9070 "http://www.vebidoo.de/anne+spieth" "Mozilla/4.0 (compatible; MSIE 8.0; Windows NT 6.1; Trident/4.0; SLCC2; .NET CLR 2.0.50727; .NET CLR 3.5.30729; .NET CLR 3.0.30729; Media Center PC 6.0; InfoPath.1)" www.byte-artist.de
129.143.71.36 - - [09/Apr/2013:12:31:18 +0200] "GET /webseite/images/projekte/vorschau/Technik%20A&V_1242506228877.png HTTP/1.1" 200 9070 "http://www.vebidoo.de/anne+spieth" "Mozilla/4.0 (compatible; MSIE 8.0; Windows NT 6.1; Trident/4.0; SLCC2; .NET CLR 2.0.50727; .NET CLR 3.5.30729; .NET CLR 3.0.30729; Media Center PC 6.0; InfoPath.1)" www.byte-artist.de
129.143.71.36 - - [09/Apr/2013:12:31:18 +0200] "GET /webseite/images/projekte/vorschau/Willkommmen%20bei%20kleintransporte-plath.de_1242505598626.png HTTP/1.1" 200 9070 "http://www.vebidoo.de/anne+spieth" "Mozilla/4.0 (compatible; MSIE 8.0; Windows NT 6.1; Trident/4.0; SLCC2; .NET CLR 2.0.50727; .NET CLR 3.5.30729; .NET CLR 3.0.30729; Media Center PC 6.0; InfoPath.1)" www.byte-artist.de
66.249.75.107 - - [09/Apr/2013:12:32:03 +0200] "GET /items_uebersicht.php?sort=sn&ri=d&pos=10760&schritte=30 HTTP/1.1" 200 39452 "-" "Mozilla/5.0 (compatible; Googlebot/2.1; +http://www.google.com/bot.html)" rom.byte-artist.de
141.8.147.22 - - [09/Apr/2013:12:32:13 +0200] "GET /auth/login HTTP/1.1" 200 9070 "-" "Mozilla/5.0 (compatible; YandexBot/3.0; +http://yandex.com/bots)" www.byte-artist.de
208.115.113.85 - - [09/Apr/2013:12:38:29 +0200] "GET /robots.txt HTTP/1.1" 404 276 "-" "Mozilla/5.0 (compatible; Ezooms/1.0; ezooms.bot@gmail.com)" rom.byte-artist.de
208.115.113.85 - - [09/Apr/2013:12:38:29 +0200] "GET /robots.txt HTTP/1.1" 404 6655 "-" "Mozilla/5.0 (compatible; Ezooms/1.0; ezooms.bot@gmail.com)" forum.byte-artist.de
109.233.156.56 - - [09/Apr/2013:12:41:23 +0200] "GET /feed-rss/blog HTTP/1.1" 200 525 "-" "Mozilla/5.0" www.byte-artist.de
66.249.75.107 - - [09/Apr/2013:12:53:32 +0200] "GET /items_uebersicht.php?pos=420&schritte=30&sort=t&ri=d HTTP/1.1" 200 39622 "-" "Mozilla/5.0 (compatible; Googlebot/2.1; +http://www.google.com/bot.html)" rom.byte-artist.de
199.30.20.61 - - [09/Apr/2013:13:00:14 +0200] "GET /robots.txt HTTP/1.1" 404 284 "-" "msnbot-media/1.1 (+http://search.msn.com/msnbot.htm)" www.xn--unser-krmel-0hb.de
199.30.20.61 - - [09/Apr/2013:13:00:14 +0200] "GET /images/woche13.jpg HTTP/1.1" 200 85898 "-" "msnbot-media/1.1 (+http://search.msn.com/msnbot.htm)" www.xn--unser-krmel-0hb.de
66.249.75.107 - - [09/Apr/2013:13:03:01 +0200] "GET /items_uebersicht.php?sort=sn&ri=d&pos=9260&schritte=30 HTTP/1.1" 200 39533 "-" "Mozilla/5.0 (compatible; Googlebot/2.1; +http://www.google.com/bot.html)" rom.byte-artist.de
195.212.29.174 - - [09/Apr/2013:13:18:35 +0200] "HEAD /images/user/1/104/whirlpool.gif HTTP/1.1" 200 - "-" "Mozilla/5.0 (Macintosh; Intel Mac OS X 10_8_2) AppleWebKit/536.26.17 (KHTML, like Gecko) Version/6.0.2 Safari/536.26.17" forum.byte-artist.de
74.125.182.24 - - [09/Apr/2013:13:18:36 +0200] "GET /favicon.ico HTTP/1.1" 404 6655 "-" "AppEngine-Google; (+http://code.google.com/appengine; appid: getfavicon)" forum.byte-artist.de
74.125.182.26 - - [09/Apr/2013:13:18:37 +0200] "GET / HTTP/1.1" 200 42746 "-" "AppEngine-Google; (+http://code.google.com/appengine; appid: getfavicon)" forum.byte-artist.de
74.125.182.28 - - [09/Apr/2013:13:18:38 +0200] "GET /images/layout/favicon.ico HTTP/1.1" 200 70083 "-" "AppEngine-Google; (+http://code.google.com/appengine; appid: getfavicon)" forum.byte-artist.de
5.9.86.85 - - [09/Apr/2013:13:33:19 +0200] "GET /?pid=102 HTTP/1.1" 200 10881 "-" "Mozilla/5.0 (compatible; Infohelfer/1.3.3; +http://www.infohelfer.de/crawler.php)" forum.byte-artist.de
109.233.156.56 - - [09/Apr/2013:13:35:54 +0200] "GET /feed-rss/blog HTTP/1.1" 200 525 "-" "Mozilla/5.0" www.byte-artist.de
130.83.167.153 - - [09/Apr/2013:13:36:47 +0200] "GET /webseite/includes/cpatcha.php?captcha= HTTP/1.1" 301 336 "-" "findlinks/2.6 (+http://wortschatz.uni-leipzig.de/findlinks/)" byte-artist.de
130.83.167.153 - - [09/Apr/2013:13:36:47 +0200] "GET /webseite/includes/cpatcha.php?captcha= HTTP/1.1" 200 9070 "-" "findlinks/2.6 (+http://wortschatz.uni-leipzig.de/findlinks/)" www.byte-artist.de
130.83.167.153 - - [09/Apr/2013:13:36:47 +0200] "GET /webseite/includes/cpatcha.php?captcha= HTTP/1.1" 301 336 "-" "findlinks/2.6 (+http://wortschatz.uni-leipzig.de/findlinks/)" byte-artist.de
130.83.167.153 - - [09/Apr/2013:13:36:47 +0200] "GET /webseite/includes/cpatcha.php?captcha= HTTP/1.1" 200 9070 "-" "findlinks/2.6 (+http://wortschatz.uni-leipzig.de/findlinks/)" www.byte-artist.de
66.249.75.107 - - [09/Apr/2013:13:39:53 +0200] "GET /items_uebersicht.php?pos=14210&schritte=30&sort=n&ri=d HTTP/1.1" 200 39442 "-" "Mozilla/5.0 (compatible; Googlebot/2.1; +http://www.google.com/bot.html)" rom.byte-artist.de
141.8.147.22 - - [09/Apr/2013:13:51:41 +0200] "GET /robots.txt HTTP/1.1" 200 9070 "-" "Mozilla/5.0 (compatible; YandexBot/3.0; +http://yandex.com/bots)" www.byte-artist.de
141.8.147.22 - - [09/Apr/2013:13:51:43 +0200] "GET /robots.txt HTTP/1.1" 404 276 "-" "Mozilla/5.0 (compatible; YandexBot/3.0; +http://yandex.com/bots)" rom.byte-artist.de
141.8.147.22 - - [09/Apr/2013:13:51:45 +0200] "GET /robots.txt HTTP/1.1" 302 297 "-" "Mozilla/5.0 (compatible; YandexBot/3.0; +http://yandex.com/bots)" projekte.byte-artist.de
141.8.147.22 - - [09/Apr/2013:13:51:45 +0200] "GET /robots.txt HTTP/1.1" 404 6655 "-" "Mozilla/5.0 (compatible; YandexBot/3.0; +http://yandex.com/bots)" forum.byte-artist.de
66.249.75.107 - - [09/Apr/2013:14:06:08 +0200] "GET /items_uebersicht.php?sort=t&ri=d&pos=930&schritte=30 HTTP/1.1" 200 38917 "-" "Mozilla/5.0 (compatible; Googlebot/2.1; +http://www.google.com/bot.html)" rom.byte-artist.de
66.249.75.107 - - [09/Apr/2013:14:07:56 +0200] "GET /items_uebersicht.php?pos=1920&schritte=30&sort=&ri= HTTP/1.1" 200 39309 "-" "Mozilla/5.0 (compatible; Googlebot/2.1; +http://www.google.com/bot.html)" rom.byte-artist.de
66.249.75.107 - - [09/Apr/2013:14:14:47 +0200] "GET /items_uebersicht.php?sort=k&ri=a&pos=7170&schritte=30 HTTP/1.1" 200 39374 "-" "Mozilla/5.0 (compatible; Googlebot/2.1; +http://www.google.com/bot.html)" rom.byte-artist.de
66.249.75.107 - - [09/Apr/2013:14:18:38 +0200] "GET /items_uebersicht.php?sort=g&ri=a&pos=4470&schritte=30 HTTP/1.1" 200 39559 "-" "Mozilla/5.0 (compatible; Googlebot/2.1; +http://www.google.com/bot.html)" rom.byte-artist.de
66.249.75.107 - - [09/Apr/2013:14:20:01 +0200] "GET /items_uebersicht.php?pos=9600&schritte=30&sort=n&ri=d HTTP/1.1" 200 40056 "-" "Mozilla/5.0 (compatible; Googlebot/2.1; +http://www.google.com/bot.html)" rom.byte-artist.de
109.233.156.56 - - [09/Apr/2013:14:26:02 +0200] "GET /feed-rss/blog HTTP/1.1" 200 525 "-" "Mozilla/5.0" www.byte-artist.de
208.115.113.85 - - [09/Apr/2013:14:27:32 +0200] "GET /off-topic/kummerkasten HTTP/1.1" 200 8947 "-" "Mozilla/5.0 (compatible; Ezooms/1.0; ezooms.bot@gmail.com)" forum.byte-artist.de
208.115.113.85 - - [09/Apr/2013:14:27:33 +0200] "GET /off-topic/signatur-und-testforum/testvote.html HTTP/1.1" 200 12006 "-" "Mozilla/5.0 (compatible; Ezooms/1.0; ezooms.bot@gmail.com)" forum.byte-artist.de
208.115.113.85 - - [09/Apr/2013:14:27:34 +0200] "GET /software/programm-empfehlungen/audio.html HTTP/1.1" 404 12023 "-" "Mozilla/5.0 (compatible; Ezooms/1.0; ezooms.bot@gmail.com)" forum.byte-artist.de
208.115.113.85 - - [09/Apr/2013:14:27:52 +0200] "GET /item_info.php?id=14443 HTTP/1.1" 200 1442 "-" "Mozilla/5.0 (compatible; Ezooms/1.0; ezooms.bot@gmail.com)" rom.byte-artist.de
208.115.113.85 - - [09/Apr/2013:14:27:53 +0200] "GET /item_info.php?id=172 HTTP/1.1" 200 1442 "-" "Mozilla/5.0 (compatible; Ezooms/1.0; ezooms.bot@gmail.com)" rom.byte-artist.de
208.115.113.85 - - [09/Apr/2013:14:27:54 +0200] "GET /item_info.php?id=1732 HTTP/1.1" 200 1442 "-" "Mozilla/5.0 (compatible; Ezooms/1.0; ezooms.bot@gmail.com)" rom.byte-artist.de
208.115.113.85 - - [09/Apr/2013:14:27:54 +0200] "GET /item_info.php?id=1804 HTTP/1.1" 200 1442 "-" "Mozilla/5.0 (compatible; Ezooms/1.0; ezooms.bot@gmail.com)" rom.byte-artist.de
208.115.113.85 - - [09/Apr/2013:14:27:55 +0200] "GET /item_info.php?id=183 HTTP/1.1" 200 1442 "-" "Mozilla/5.0 (compatible; Ezooms/1.0; ezooms.bot@gmail.com)" rom.byte-artist.de
208.115.113.85 - - [09/Apr/2013:14:27:56 +0200] "GET /item_info.php?id=2876 HTTP/1.1" 200 1442 "-" "Mozilla/5.0 (compatible; Ezooms/1.0; ezooms.bot@gmail.com)" rom.byte-artist.de
208.115.113.85 - - [09/Apr/2013:14:27:57 +0200] "GET /item_info.php?id=2971 HTTP/1.1" 200 1442 "-" "Mozilla/5.0 (compatible; Ezooms/1.0; ezooms.bot@gmail.com)" rom.byte-artist.de
208.115.113.85 - - [09/Apr/2013:14:27:58 +0200] "GET /item_info.php?id=3230 HTTP/1.1" 200 1442 "-" "Mozilla/5.0 (compatible; Ezooms/1.0; ezooms.bot@gmail.com)" rom.byte-artist.de
208.115.113.85 - - [09/Apr/2013:14:27:59 +0200] "GET /item_info.php?id=3358 HTTP/1.1" 200 1442 "-" "Mozilla/5.0 (compatible; Ezooms/1.0; ezooms.bot@gmail.com)" rom.byte-artist.de
208.115.113.85 - - [09/Apr/2013:14:28:00 +0200] "GET /item_info.php?id=3598 HTTP/1.1" 200 1442 "-" "Mozilla/5.0 (compatible; Ezooms/1.0; ezooms.bot@gmail.com)" rom.byte-artist.de
208.115.113.85 - - [09/Apr/2013:14:28:00 +0200] "GET /item_info.php?id=4129 HTTP/1.1" 200 1442 "-" "Mozilla/5.0 (compatible; Ezooms/1.0; ezooms.bot@gmail.com)" rom.byte-artist.de
208.115.113.85 - - [09/Apr/2013:14:28:01 +0200] "GET /item_info.php?id=4767 HTTP/1.1" 200 1442 "-" "Mozilla/5.0 (compatible; Ezooms/1.0; ezooms.bot@gmail.com)" rom.byte-artist.de
208.115.113.85 - - [09/Apr/2013:14:28:02 +0200] "GET /item_info.php?id=4986 HTTP/1.1" 200 1442 "-" "Mozilla/5.0 (compatible; Ezooms/1.0; ezooms.bot@gmail.com)" rom.byte-artist.de
208.115.113.85 - - [09/Apr/2013:14:28:03 +0200] "GET /item_info.php?id=513 HTTP/1.1" 200 1442 "-" "Mozilla/5.0 (compatible; Ezooms/1.0; ezooms.bot@gmail.com)" rom.byte-artist.de
208.115.113.85 - - [09/Apr/2013:14:28:04 +0200] "GET /item_info.php?id=5393 HTTP/1.1" 200 1442 "-" "Mozilla/5.0 (compatible; Ezooms/1.0; ezooms.bot@gmail.com)" rom.byte-artist.de
208.115.113.85 - - [09/Apr/2013:14:28:05 +0200] "GET /item_info.php?id=5831 HTTP/1.1" 200 1442 "-" "Mozilla/5.0 (compatible; Ezooms/1.0; ezooms.bot@gmail.com)" rom.byte-artist.de
208.115.113.85 - - [09/Apr/2013:14:28:05 +0200] "GET /item_info.php?id=63 HTTP/1.1" 200 1442 "-" "Mozilla/5.0 (compatible; Ezooms/1.0; ezooms.bot@gmail.com)" rom.byte-artist.de
208.115.113.85 - - [09/Apr/2013:14:28:06 +0200] "GET /item_info.php?id=7329 HTTP/1.1" 200 1442 "-" "Mozilla/5.0 (compatible; Ezooms/1.0; ezooms.bot@gmail.com)" rom.byte-artist.de
208.115.113.85 - - [09/Apr/2013:14:28:07 +0200] "GET /item_info.php?id=7986 HTTP/1.1" 200 1442 "-" "Mozilla/5.0 (compatible; Ezooms/1.0; ezooms.bot@gmail.com)" rom.byte-artist.de
208.115.113.85 - - [09/Apr/2013:14:28:08 +0200] "GET /item_info.php?id=8337 HTTP/1.1" 200 1442 "-" "Mozilla/5.0 (compatible; Ezooms/1.0; ezooms.bot@gmail.com)" rom.byte-artist.de
208.115.113.85 - - [09/Apr/2013:14:28:09 +0200] "GET /item_info.php?id=92 HTTP/1.1" 200 1442 "-" "Mozilla/5.0 (compatible; Ezooms/1.0; ezooms.bot@gmail.com)" rom.byte-artist.de
208.115.113.85 - - [09/Apr/2013:14:28:12 +0200] "GET /items_uebersicht.php?pos=30&schritte=30&sort=g&ri=d HTTP/1.1" 200 39430 "-" "Mozilla/5.0 (compatible; Ezooms/1.0; ezooms.bot@gmail.com)" rom.byte-artist.de
208.115.113.85 - - [09/Apr/2013:14:28:14 +0200] "GET /items_uebersicht.php?pos=60&schritte=30&sort=g&ri=d HTTP/1.1" 200 39487 "-" "Mozilla/5.0 (compatible; Ezooms/1.0; ezooms.bot@gmail.com)" rom.byte-artist.de
208.115.113.85 - - [09/Apr/2013:14:28:15 +0200] "GET /item_info.php?id=10734 HTTP/1.1" 200 1442 "-" "Mozilla/5.0 (compatible; Ezooms/1.0; ezooms.bot@gmail.com)" rom.byte-artist.de
208.115.113.85 - - [09/Apr/2013:14:28:16 +0200] "GET /item_info.php?id=14122 HTTP/1.1" 200 1442 "-" "Mozilla/5.0 (compatible; Ezooms/1.0; ezooms.bot@gmail.com)" rom.byte-artist.de
208.115.113.85 - - [09/Apr/2013:14:28:18 +0200] "GET /item_info.php?id=14197 HTTP/1.1" 200 1442 "-" "Mozilla/5.0 (compatible; Ezooms/1.0; ezooms.bot@gmail.com)" rom.byte-artist.de
208.115.113.85 - - [09/Apr/2013:14:28:19 +0200] "GET /item_info.php?id=14220 HTTP/1.1" 200 1442 "-" "Mozilla/5.0 (compatible; Ezooms/1.0; ezooms.bot@gmail.com)" rom.byte-artist.de
66.249.75.107 - - [09/Apr/2013:14:31:39 +0200] "GET /items_uebersicht.php?pos=1980&schritte=30&sort=q&ri=a HTTP/1.1" 200 39408 "-" "Mozilla/5.0 (compatible; Googlebot/2.1; +http://www.google.com/bot.html)" rom.byte-artist.de
66.249.75.107 - - [09/Apr/2013:14:33:54 +0200] "GET /items_uebersicht.php?pos=170&schritte=30&sort=n&ri=d HTTP/1.1" 200 39264 "-" "Mozilla/5.0 (compatible; Googlebot/2.1; +http://www.google.com/bot.html)" rom.byte-artist.de
66.249.75.107 - - [09/Apr/2013:14:39:34 +0200] "GET /items_uebersicht.php?pos=6810&schritte=30&sort=mv&ri=d HTTP/1.1" 200 39976 "-" "Mozilla/5.0 (compatible; Googlebot/2.1; +http://www.google.com/bot.html)" rom.byte-artist.de
66.249.75.107 - - [09/Apr/2013:14:42:09 +0200] "GET /items_uebersicht.php?sort=pa&ri=d&pos=8700&schritte=30 HTTP/1.1" 200 39206 "-" "Mozilla/5.0 (compatible; Googlebot/2.1; +http://www.google.com/bot.html)" rom.byte-artist.de
208.115.111.69 - - [09/Apr/2013:14:43:32 +0200] "GET /robots.txt HTTP/1.1" 404 276 "-" "Mozilla/5.0 (compatible; Ezooms/1.0; ezooms.bot@gmail.com)" rom.byte-artist.de
91.23.9.224 - - [09/Apr/2013:14:46:53 +0200] "GET /hannelore/images/theater/bild02.jpg HTTP/1.1" 302 322 "http://www.vebidoo.de/sonja+kirchberger" "Mozilla/5.0 (compatible; MSIE 9.0; Windows NT 6.1; WOW64; Trident/5.0; MASBJS)" projekte.byte-artist.de
91.23.9.224 - - [09/Apr/2013:14:46:54 +0200] "GET /projektehannelore/images/theater/bild02.jpg HTTP/1.1" 301 341 "http://www.vebidoo.de/sonja+kirchberger" "Mozilla/5.0 (compatible; MSIE 9.0; Windows NT 6.1; WOW64; Trident/5.0; MASBJS)" byte-artist.de
91.23.9.224 - - [09/Apr/2013:14:46:54 +0200] "GET /projektehannelore/images/theater/bild02.jpg HTTP/1.1" 200 9070 "http://www.vebidoo.de/sonja+kirchberger" "Mozilla/5.0 (compatible; MSIE 9.0; Windows NT 6.1; WOW64; Trident/5.0; MASBJS)" www.byte-artist.de
141.8.147.22 - - [09/Apr/2013:14:51:15 +0200] "GET /items_uebersicht.php?sort=sn&ri=d&pos=30&schritte=30 HTTP/1.1" 200 39852 "-" "Mozilla/5.0 (compatible; YandexBot/3.0; +http://yandex.com/bots)" rom.byte-artist.de
78.158.11.226 - - [09/Apr/2013:14:53:04 +0200] "GET / HTTP/1.1" 301 298 "http://sameid.net/domain/byte-artist.de/" "Lynx/2.8.5rel.1 libwww-FM/2.15FC SSL-MM/1.4.1c OpenSSL/0.9.7e-dev" byte-artist.de
84.122.132.7 - - [09/Apr/2013:14:54:32 +0200] "GET / HTTP/1.1" 200 23365 "-" "Mozilla/5.0 (Windows NT 6.2; WOW64) AppleWebKit/537.31 (KHTML, like Gecko) Chrome/26.0.1410.43 Safari/537.31" rom.byte-artist.de
66.249.75.107 - - [09/Apr/2013:14:57:39 +0200] "GET /items_uebersicht.php?sort=t&ri=a&pos=3480&schritte=30 HTTP/1.1" 200 39013 "-" "Mozilla/5.0 (compatible; Googlebot/2.1; +http://www.google.com/bot.html)" rom.byte-artist.de
141.8.147.22 - - [09/Apr/2013:15:02:30 +0200] "GET / HTTP/1.1" 200 12723 "-" "Mozilla/5.0 (compatible; YandexBot/3.0; +http://yandex.com/bots)" www.byte-artist.de
66.249.75.107 - - [09/Apr/2013:15:06:46 +0200] "GET /items_uebersicht.php?sort=n&ri=a&pos=15020&schritte=30 HTTP/1.1" 200 39174 "-" "Mozilla/5.0 (compatible; Googlebot/2.1; +http://www.google.com/bot.html)" rom.byte-artist.de
91.64.35.239 - - [09/Apr/2013:15:07:09 +0200] "GET /images/user/1/104/whirlpool.gif HTTP/1.1" 200 1912757 "https://m.facebook.com" "Mozilla/5.0 (iPhone; CPU iPhone OS 6_1_3 like Mac OS X) AppleWebKit/536.26 (KHTML, like Gecko) Mobile/10B329 [FBAN/FBIOS;FBAV/5.6;FBBV/144493;FBDV/iPhone4,1;FBMD/iPhone;FBSN/iPhone OS;FBSV/6.1.3;FBSS/2; FBCR/o2-de;FBID/phone;FBLC/de_DE;FBOP/0]" forum.byte-artist.de
87.139.17.142 - - [09/Apr/2013:15:08:45 +0200] "GET /hannelore/images/theater/bild02.jpg HTTP/1.1" 302 322 "http://www.vebidoo.de/sonja+kirchberger" "Mozilla/4.0 (compatible; MSIE 8.0; Windows NT 5.1; Trident/4.0; .NET CLR 1.1.4322; InfoPath.1; .NET CLR 2.0.50727; .NET CLR 3.0.4506.2152; .NET CLR 3.5.30729; .NET4.0C; .NET4.0E)" projekte.byte-artist.de
141.8.147.22 - - [09/Apr/2013:15:08:57 +0200] "GET /items_uebersicht.php?sort=t&ri=d&pos=30&schritte=30 HTTP/1.1" 200 39858 "-" "Mozilla/5.0 (compatible; YandexBot/3.0; +http://yandex.com/bots)" rom.byte-artist.de
141.8.147.22 - - [09/Apr/2013:15:10:50 +0200] "GET /items_uebersicht.php?sort=ma&ri=d&pos=0&schritte=30 HTTP/1.1" 200 39891 "-" "Mozilla/5.0 (compatible; YandexBot/3.0; +http://yandex.com/bots)" rom.byte-artist.de
109.233.152.56 - - [09/Apr/2013:15:10:59 +0200] "GET /feed-rss/blog HTTP/1.1" 200 525 "-" "Mozilla/5.0" www.byte-artist.de
66.249.75.107 - - [09/Apr/2013:15:11:32 +0200] "GET /items_uebersicht.php?sort=as&ri=a&pos=4740&schritte=30 HTTP/1.1" 200 38893 "-" "Mozilla/5.0 (compatible; Googlebot/2.1; +http://www.google.com/bot.html)" rom.byte-artist.de
141.8.147.22 - - [09/Apr/2013:15:11:48 +0200] "GET /items_uebersicht.php?sort=mv&ri=d&pos=0&schritte=30 HTTP/1.1" 200 39819 "-" "Mozilla/5.0 (compatible; YandexBot/3.0; +http://yandex.com/bots)" rom.byte-artist.de
141.8.147.22 - - [09/Apr/2013:15:11:55 +0200] "GET /projekte/show/id/28 HTTP/1.1" 200 15357 "-" "Mozilla/5.0 (compatible; YandexBot/3.0; +http://yandex.com/bots)" www.byte-artist.de
141.8.147.22 - - [09/Apr/2013:15:12:34 +0200] "GET /items_uebersicht.php?pos=60&schritte=30&sort=n&ri=a HTTP/1.1" 200 39410 "-" "Mozilla/5.0 (compatible; YandexBot/3.0; +http://yandex.com/bots)" rom.byte-artist.de
66.249.75.107 - - [09/Apr/2013:15:13:20 +0200] "GET /items_uebersicht.php?pos=14990&schritte=30&sort=n&ri=a HTTP/1.1" 200 39391 "-" "Mozilla/5.0 (compatible; Googlebot/2.1; +http://www.google.com/bot.html)" rom.byte-artist.de
66.249.75.107 - - [09/Apr/2013:15:22:46 +0200] "GET /items_uebersicht.php?pos=2550&schritte=30&sort=k&ri=d HTTP/1.1" 200 38916 "-" "Mozilla/5.0 (compatible; Googlebot/2.1; +http://www.google.com/bot.html)" rom.byte-artist.de
141.8.147.22 - - [09/Apr/2013:15:24:18 +0200] "GET /projekte/agh-manager HTTP/1.1" 200 15775 "-" "Mozilla/5.0 (compatible; YandexBot/3.0; +http://yandex.com/bots)" www.byte-artist.de
141.8.147.22 - - [09/Apr/2013:15:24:19 +0200] "GET /items_uebersicht.php?pos=30&schritte=30&sort=g&ri=d HTTP/1.1" 200 39430 "-" "Mozilla/5.0 (compatible; YandexBot/3.0; +http://yandex.com/bots)" rom.byte-artist.de
66.249.75.107 - - [09/Apr/2013:15:26:04 +0200] "GET /items_uebersicht.php?pos=30&schritte=30&sort=k&ri=d HTTP/1.1" 200 39206 "-" "Mozilla/5.0 (compatible; Googlebot/2.1; +http://www.google.com/bot.html)" rom.byte-artist.de
66.249.75.107 - - [09/Apr/2013:15:29:34 +0200] "GET /items_uebersicht.php?pos=6120&schritte=30&sort=n&ri=d HTTP/1.1" 200 40140 "-" "Mozilla/5.0 (compatible; Googlebot/2.1; +http://www.google.com/bot.html)" rom.byte-artist.de
141.8.147.22 - - [09/Apr/2013:15:29:45 +0200] "GET /projekte/show/id/19 HTTP/1.1" 200 15240 "-" "Mozilla/5.0 (compatible; YandexBot/3.0; +http://yandex.com/bots)" www.byte-artist.de
141.8.147.22 - - [09/Apr/2013:15:29:46 +0200] "GET /items_uebersicht.php?sort=k&ri=d&pos=30&schritte=30 HTTP/1.1" 200 39206 "-" "Mozilla/5.0 (compatible; YandexBot/3.0; +http://yandex.com/bots)" rom.byte-artist.de
77.88.42.27 - - [09/Apr/2013:15:32:14 +0200] "GET /index.php?seite=tips HTTP/1.1" 302 307 "-" "Mozilla/5.0 (compatible; YandexBot/3.0; +http://yandex.com/bots)" projekte.byte-artist.de
141.8.147.22 - - [09/Apr/2013:15:32:14 +0200] "GET /news/news-zum-forum/neue-buttons-und-son-zeugs.html HTTP/1.1" 200 27861 "-" "Mozilla/5.0 (compatible; YandexBot/3.0; +http://yandex.com/bots)" forum.byte-artist.de
66.249.75.107 - - [09/Apr/2013:15:32:41 +0200] "GET /items_uebersicht.php?pos=6780&schritte=30&sort=ma&ri=a HTTP/1.1" 200 38807 "-" "Mozilla/5.0 (compatible; Googlebot/2.1; +http://www.google.com/bot.html)" rom.byte-artist.de
66.249.75.107 - - [09/Apr/2013:15:33:31 +0200] "GET /items_uebersicht.php?sort=l&ri=d&pos=480&schritte=30 HTTP/1.1" 200 39774 "-" "Mozilla/5.0 (compatible; Googlebot/2.1; +http://www.google.com/bot.html)" rom.byte-artist.de
66.249.75.124 - - [09/Apr/2013:15:34:18 +0200] "GET /robots.txt HTTP/1.1" 302 297 "-" "Mozilla/5.0 (compatible; Googlebot/2.1; +http://www.google.com/bot.html)" projekte.byte-artist.de
66.249.75.91 - - [09/Apr/2013:15:34:19 +0200] "GET /projekterobots.txt HTTP/1.1" 301 316 "-" "Mozilla/5.0 (compatible; Googlebot/2.1; +http://www.google.com/bot.html)" byte-artist.de
66.249.75.205 - - [09/Apr/2013:15:34:19 +0200] "GET /projekterobots.txt HTTP/1.1" 200 9070 "-" "Mozilla/5.0 (compatible; Googlebot/2.1; +http://www.google.com/bot.html)" www.byte-artist.de
66.249.75.124 - - [09/Apr/2013:15:34:20 +0200] "GET /hannelore/pages/theater_bild07.php?lang=de HTTP/1.1" 302 329 "-" "Mozilla/5.0 (compatible; Googlebot/2.1; +http://www.google.com/bot.html)" projekte.byte-artist.de
66.249.75.91 - - [09/Apr/2013:15:35:26 +0200] "GET /robots.txt HTTP/1.1" 301 308 "-" "Mozilla/5.0 (compatible; Googlebot/2.1; +http://www.google.com/bot.html)" byte-artist.de
66.249.75.205 - - [09/Apr/2013:15:35:26 +0200] "GET /robots.txt HTTP/1.1" 200 9070 "-" "Mozilla/5.0 (compatible; Googlebot/2.1; +http://www.google.com/bot.html)" www.byte-artist.de
66.249.75.91 - - [09/Apr/2013:15:35:27 +0200] "GET /projektehannelore/pages/theater_bild07.php?lang=de HTTP/1.1" 301 348 "-" "Mozilla/5.0 (compatible; Googlebot/2.1; +http://www.google.com/bot.html)" byte-artist.de
66.249.75.107 - - [09/Apr/2013:15:35:55 +0200] "GET /items_uebersicht.php?sort=n&ri=d&pos=14810&schritte=30 HTTP/1.1" 200 39444 "-" "Mozilla/5.0 (compatible; Googlebot/2.1; +http://www.google.com/bot.html)" rom.byte-artist.de
66.249.75.205 - - [09/Apr/2013:15:36:14 +0200] "GET /robots.txt HTTP/1.1" 200 9070 "-" "Mozilla/5.0 (compatible; Googlebot/2.1; +http://www.google.com/bot.html)" www.byte-artist.de
66.249.75.205 - - [09/Apr/2013:15:36:14 +0200] "GET /projektehannelore/pages/theater_bild07.php?lang=de HTTP/1.1" 200 9070 "-" "Mozilla/5.0 (compatible; Googlebot/2.1; +http://www.google.com/bot.html)" www.byte-artist.de
66.249.75.107 - - [09/Apr/2013:15:43:02 +0200] "GET /items_uebersicht.php?pos=6240&schritte=30&sort=t&ri=d HTTP/1.1" 200 39637 "-" "Mozilla/5.0 (compatible; Googlebot/2.1; +http://www.google.com/bot.html)" rom.byte-artist.de
37.34.62.112 - - [09/Apr/2013:15:55:20 +0200] "GET /hannelore/images/theater/bild02.jpg HTTP/1.0" 302 322 "-" "-" projekte.byte-artist.de
37.34.62.112 - - [09/Apr/2013:15:55:20 +0200] "GET /projektehannelore/images/theater/bild02.jpg HTTP/1.0" 301 341 "-" "-" byte-artist.de
37.34.62.112 - - [09/Apr/2013:15:55:20 +0200] "GET /projektehannelore/images/theater/bild02.jpg HTTP/1.0" 200 9070 "-" "-" www.byte-artist.de
37.34.62.112 - - [09/Apr/2013:15:55:42 +0200] "GET /hannelore/images/theater/bild02.jpg HTTP/1.0" 302 322 "-" "-" projekte.byte-artist.de
37.34.62.112 - - [09/Apr/2013:15:55:42 +0200] "GET /projektehannelore/images/theater/bild02.jpg HTTP/1.0" 301 341 "-" "-" byte-artist.de
37.34.62.112 - - [09/Apr/2013:15:55:42 +0200] "GET /projektehannelore/images/theater/bild02.jpg HTTP/1.0" 200 9070 "-" "-" www.byte-artist.de
109.233.156.56 - - [09/Apr/2013:15:55:53 +0200] "GET /feed-rss/blog HTTP/1.1" 200 525 "-" "Mozilla/5.0" www.byte-artist.de
141.8.147.22 - - [09/Apr/2013:16:08:17 +0200] "GET /projekte/show/id/33 HTTP/1.1" 200 15942 "-" "Mozilla/5.0 (compatible; YandexBot/3.0; +http://yandex.com/bots)" www.byte-artist.de
141.8.147.22 - - [09/Apr/2013:16:08:17 +0200] "GET /items_uebersicht.php?sort=pv&ri=d&pos=0&schritte=30 HTTP/1.1" 200 39760 "-" "Mozilla/5.0 (compatible; YandexBot/3.0; +http://yandex.com/bots)" rom.byte-artist.de
66.249.75.107 - - [09/Apr/2013:16:08:43 +0200] "GET /items_uebersicht.php?pos=13070&schritte=30&sort=n&ri=a HTTP/1.1" 200 39249 "-" "Mozilla/5.0 (compatible; Googlebot/2.1; +http://www.google.com/bot.html)" rom.byte-artist.de
66.249.75.107 - - [09/Apr/2013:16:12:37 +0200] "GET /items_uebersicht.php?sort=sn&ri=a&pos=14700&schritte=30 HTTP/1.1" 200 40867 "-" "Mozilla/5.0 (compatible; Googlebot/2.1; +http://www.google.com/bot.html)" rom.byte-artist.de
66.249.75.107 - - [09/Apr/2013:16:16:11 +0200] "GET /items_uebersicht.php?pos=9540&schritte=30&sort=as&ri=a HTTP/1.1" 200 39391 "-" "Mozilla/5.0 (compatible; Googlebot/2.1; +http://www.google.com/bot.html)" rom.byte-artist.de
87.139.144.212 - - [09/Apr/2013:16:16:22 +0200] "GET / HTTP/1.1" 200 12723 "-" "Mozilla/5.0 (Windows NT 6.1; WOW64; rv:19.0) Gecko/20100101 Firefox/19.0" www.byte-artist.de
87.139.144.212 - - [09/Apr/2013:16:16:23 +0200] "GET /social-media/get-share-counts-for-url?url=aHR0cDovL3d3dy5ieXRlLWFydGlzdC5kZS8%3D&ajax=true HTTP/1.1" 200 110 "http://www.byte-artist.de/" "Mozilla/5.0 (Windows NT 6.1; WOW64; rv:19.0) Gecko/20100101 Firefox/19.0" www.byte-artist.de
87.139.144.212 - - [09/Apr/2013:16:16:29 +0200] "GET /portfolio HTTP/1.1" 200 11064 "http://www.byte-artist.de/" "Mozilla/5.0 (Windows NT 6.1; WOW64; rv:19.0) Gecko/20100101 Firefox/19.0" www.byte-artist.de
87.139.144.212 - - [09/Apr/2013:16:16:29 +0200] "GET /social-media/get-share-counts-for-url?url=aHR0cDovL3d3dy5ieXRlLWFydGlzdC5kZS9wb3J0Zm9saW8%3D&ajax=true HTTP/1.1" 200 108 "http://www.byte-artist.de/portfolio" "Mozilla/5.0 (Windows NT 6.1; WOW64; rv:19.0) Gecko/20100101 Firefox/19.0" www.byte-artist.de
87.139.144.212 - - [09/Apr/2013:16:16:32 +0200] "GET /projekte HTTP/1.1" 200 11041 "http://www.byte-artist.de/portfolio" "Mozilla/5.0 (Windows NT 6.1; WOW64; rv:19.0) Gecko/20100101 Firefox/19.0" www.byte-artist.de
87.139.144.212 - - [09/Apr/2013:16:16:32 +0200] "GET /social-media/get-share-counts-for-url?url=aHR0cDovL3d3dy5ieXRlLWFydGlzdC5kZS9wcm9qZWt0ZQ%3D%3D&ajax=true HTTP/1.1" 200 108 "http://www.byte-artist.de/projekte" "Mozilla/5.0 (Windows NT 6.1; WOW64; rv:19.0) Gecko/20100101 Firefox/19.0" www.byte-artist.de
87.139.144.212 - - [09/Apr/2013:16:16:35 +0200] "GET /projekte/in-planung HTTP/1.1" 200 9975 "http://www.byte-artist.de/projekte" "Mozilla/5.0 (Windows NT 6.1; WOW64; rv:19.0) Gecko/20100101 Firefox/19.0" www.byte-artist.de
87.139.144.212 - - [09/Apr/2013:16:16:35 +0200] "GET /social-media/get-share-counts-for-url?url=aHR0cDovL3d3dy5ieXRlLWFydGlzdC5kZS9wcm9qZWt0ZS9pbi1wbGFudW5n&ajax=true HTTP/1.1" 200 108 "http://www.byte-artist.de/projekte/in-planung" "Mozilla/5.0 (Windows NT 6.1; WOW64; rv:19.0) Gecko/20100101 Firefox/19.0" www.byte-artist.de
87.139.144.212 - - [09/Apr/2013:16:16:41 +0200] "GET /downloads HTTP/1.1" 200 9360 "http://www.byte-artist.de/projekte/in-planung" "Mozilla/5.0 (Windows NT 6.1; WOW64; rv:19.0) Gecko/20100101 Firefox/19.0" www.byte-artist.de
87.139.144.212 - - [09/Apr/2013:16:16:42 +0200] "GET /social-media/get-share-counts-for-url?url=aHR0cDovL3d3dy5ieXRlLWFydGlzdC5kZS9kb3dubG9hZHM%3D&ajax=true HTTP/1.1" 200 108 "http://www.byte-artist.de/downloads" "Mozilla/5.0 (Windows NT 6.1; WOW64; rv:19.0) Gecko/20100101 Firefox/19.0" www.byte-artist.de
87.139.144.212 - - [09/Apr/2013:16:16:46 +0200] "GET /downloads HTTP/1.1" 200 9360 "http://www.byte-artist.de/downloads" "Mozilla/5.0 (Windows NT 6.1; WOW64; rv:19.0) Gecko/20100101 Firefox/19.0" www.byte-artist.de
87.139.144.212 - - [09/Apr/2013:16:16:48 +0200] "GET /links HTTP/1.1" 200 9320 "http://www.byte-artist.de/downloads" "Mozilla/5.0 (Windows NT 6.1; WOW64; rv:19.0) Gecko/20100101 Firefox/19.0" www.byte-artist.de
87.139.144.212 - - [09/Apr/2013:16:16:46 +0200] "GET /social-media/get-share-counts-for-url?url=aHR0cDovL3d3dy5ieXRlLWFydGlzdC5kZS9kb3dubG9hZHM%3D&ajax=true HTTP/1.1" 200 108 "http://www.byte-artist.de/downloads" "Mozilla/5.0 (Windows NT 6.1; WOW64; rv:19.0) Gecko/20100101 Firefox/19.0" www.byte-artist.de
87.139.144.212 - - [09/Apr/2013:16:16:48 +0200] "GET /social-media/get-share-counts-for-url?url=aHR0cDovL3d3dy5ieXRlLWFydGlzdC5kZS9saW5rcw%3D%3D&ajax=true HTTP/1.1" 200 108 "http://www.byte-artist.de/links" "Mozilla/5.0 (Windows NT 6.1; WOW64; rv:19.0) Gecko/20100101 Firefox/19.0" www.byte-artist.de
87.139.144.212 - - [09/Apr/2013:16:16:50 +0200] "GET /scripte HTTP/1.1" 200 18198 "http://www.byte-artist.de/links" "Mozilla/5.0 (Windows NT 6.1; WOW64; rv:19.0) Gecko/20100101 Firefox/19.0" www.byte-artist.de
87.139.144.212 - - [09/Apr/2013:16:16:51 +0200] "GET /images/content/dynamisch/scripte/12/Entgegengesetzte%20Farben.jpg HTTP/1.1" 200 38270 "http://www.byte-artist.de/scripte" "Mozilla/5.0 (Windows NT 6.1; WOW64; rv:19.0) Gecko/20100101 Firefox/19.0" www.byte-artist.de
87.139.144.212 - - [09/Apr/2013:16:16:51 +0200] "GET /images/content/dynamisch/scripte/6/image_konverter_small.jpg HTTP/1.1" 200 25686 "http://www.byte-artist.de/scripte" "Mozilla/5.0 (Windows NT 6.1; WOW64; rv:19.0) Gecko/20100101 Firefox/19.0" www.byte-artist.de
87.139.144.212 - - [09/Apr/2013:16:16:51 +0200] "GET /images/content/dynamisch/scripte/3/kalender.jpg HTTP/1.1" 200 35846 "http://www.byte-artist.de/scripte" "Mozilla/5.0 (Windows NT 6.1; WOW64; rv:19.0) Gecko/20100101 Firefox/19.0" www.byte-artist.de
87.139.144.212 - - [09/Apr/2013:16:16:51 +0200] "GET /images/content/dynamisch/scripte/8/farbdemo.jpg HTTP/1.1" 200 25689 "http://www.byte-artist.de/scripte" "Mozilla/5.0 (Windows NT 6.1; WOW64; rv:19.0) Gecko/20100101 Firefox/19.0" www.byte-artist.de
87.139.144.212 - - [09/Apr/2013:16:16:51 +0200] "GET /images/content/dynamisch/scripte/9/md5crypt.jpg HTTP/1.1" 200 21855 "http://www.byte-artist.de/scripte" "Mozilla/5.0 (Windows NT 6.1; WOW64; rv:19.0) Gecko/20100101 Firefox/19.0" www.byte-artist.de
87.139.144.212 - - [09/Apr/2013:16:16:51 +0200] "GET /images/content/dynamisch/scripte/11/db_ex_im_script.jpg HTTP/1.1" 200 21065 "http://www.byte-artist.de/scripte" "Mozilla/5.0 (Windows NT 6.1; WOW64; rv:19.0) Gecko/20100101 Firefox/19.0" www.byte-artist.de
87.139.144.212 - - [09/Apr/2013:16:16:51 +0200] "GET /images/content/dynamisch/scripte/7/trainingskalender.jpg HTTP/1.1" 200 32498 "http://www.byte-artist.de/scripte" "Mozilla/5.0 (Windows NT 6.1; WOW64; rv:19.0) Gecko/20100101 Firefox/19.0" www.byte-artist.de
87.139.144.212 - - [09/Apr/2013:16:16:51 +0200] "GET /images/content/dynamisch/scripte/10/regulaere_ausdruecke.jpg HTTP/1.1" 200 18371 "http://www.byte-artist.de/scripte" "Mozilla/5.0 (Windows NT 6.1; WOW64; rv:19.0) Gecko/20100101 Firefox/19.0" www.byte-artist.de
87.139.144.212 - - [09/Apr/2013:16:16:51 +0200] "GET /images/content/dynamisch/scripte/2/pic_konverter.jpg HTTP/1.1" 200 47896 "http://www.byte-artist.de/scripte" "Mozilla/5.0 (Windows NT 6.1; WOW64; rv:19.0) Gecko/20100101 Firefox/19.0" www.byte-artist.de
87.139.144.212 - - [09/Apr/2013:16:16:51 +0200] "GET /social-media/get-share-counts-for-url?url=aHR0cDovL3d3dy5ieXRlLWFydGlzdC5kZS9zY3JpcHRl&ajax=true HTTP/1.1" 200 108 "http://www.byte-artist.de/scripte" "Mozilla/5.0 (Windows NT 6.1; WOW64; rv:19.0) Gecko/20100101 Firefox/19.0" www.byte-artist.de
208.115.111.69 - - [09/Apr/2013:16:17:24 +0200] "GET /item_info.php?id=6506 HTTP/1.1" 200 1442 "-" "Mozilla/5.0 (compatible; Ezooms/1.0; ezooms.bot@gmail.com)" rom.byte-artist.de
208.115.111.69 - - [09/Apr/2013:16:17:28 +0200] "GET /item_info.php?id=7079 HTTP/1.1" 200 1442 "-" "Mozilla/5.0 (compatible; Ezooms/1.0; ezooms.bot@gmail.com)" rom.byte-artist.de
208.115.111.69 - - [09/Apr/2013:16:17:29 +0200] "GET /item_info.php?id=8530 HTTP/1.1" 200 1442 "-" "Mozilla/5.0 (compatible; Ezooms/1.0; ezooms.bot@gmail.com)" rom.byte-artist.de
208.115.111.69 - - [09/Apr/2013:16:17:30 +0200] "GET /item_info.php?id=9957 HTTP/1.1" 200 1442 "-" "Mozilla/5.0 (compatible; Ezooms/1.0; ezooms.bot@gmail.com)" rom.byte-artist.de
208.115.111.69 - - [09/Apr/2013:16:17:31 +0200] "GET /item_info.php?id=13578 HTTP/1.1" 200 1442 "-" "Mozilla/5.0 (compatible; Ezooms/1.0; ezooms.bot@gmail.com)" rom.byte-artist.de
208.115.111.69 - - [09/Apr/2013:16:17:31 +0200] "GET /items_uebersicht.php?sort=k&ri=d&pos=150&schritte=30 HTTP/1.1" 200 38804 "-" "Mozilla/5.0 (compatible; Ezooms/1.0; ezooms.bot@gmail.com)" rom.byte-artist.de
208.115.111.69 - - [09/Apr/2013:16:17:32 +0200] "GET /item_info.php?id=15022 HTTP/1.1" 200 1442 "-" "Mozilla/5.0 (compatible; Ezooms/1.0; ezooms.bot@gmail.com)" rom.byte-artist.de
208.115.111.69 - - [09/Apr/2013:16:17:33 +0200] "GET /item_info.php?id=15103 HTTP/1.1" 200 1442 "-" "Mozilla/5.0 (compatible; Ezooms/1.0; ezooms.bot@gmail.com)" rom.byte-artist.de
208.115.111.69 - - [09/Apr/2013:16:17:34 +0200] "GET /item_info.php?id=3273 HTTP/1.1" 200 1442 "-" "Mozilla/5.0 (compatible; Ezooms/1.0; ezooms.bot@gmail.com)" rom.byte-artist.de
208.115.111.69 - - [09/Apr/2013:16:17:47 +0200] "GET /item_info.php?id=3412 HTTP/1.1" 200 1442 "-" "Mozilla/5.0 (compatible; Ezooms/1.0; ezooms.bot@gmail.com)" rom.byte-artist.de
208.115.111.69 - - [09/Apr/2013:16:17:48 +0200] "GET /item_info.php?id=4910 HTTP/1.1" 200 1442 "-" "Mozilla/5.0 (compatible; Ezooms/1.0; ezooms.bot@gmail.com)" rom.byte-artist.de
208.115.111.69 - - [09/Apr/2013:16:17:49 +0200] "GET /item_info.php?id=5533 HTTP/1.1" 200 1442 "-" "Mozilla/5.0 (compatible; Ezooms/1.0; ezooms.bot@gmail.com)" rom.byte-artist.de
208.115.111.69 - - [09/Apr/2013:16:17:50 +0200] "GET /item_info.php?id=5613 HTTP/1.1" 200 1442 "-" "Mozilla/5.0 (compatible; Ezooms/1.0; ezooms.bot@gmail.com)" rom.byte-artist.de
208.115.111.69 - - [09/Apr/2013:16:17:51 +0200] "GET /item_info.php?id=5779 HTTP/1.1" 200 1442 "-" "Mozilla/5.0 (compatible; Ezooms/1.0; ezooms.bot@gmail.com)" rom.byte-artist.de
208.115.111.69 - - [09/Apr/2013:16:17:52 +0200] "GET /item_info.php?id=5998 HTTP/1.1" 200 1442 "-" "Mozilla/5.0 (compatible; Ezooms/1.0; ezooms.bot@gmail.com)" rom.byte-artist.de
208.115.111.69 - - [09/Apr/2013:16:17:53 +0200] "GET /item_info.php?id=6304 HTTP/1.1" 200 1442 "-" "Mozilla/5.0 (compatible; Ezooms/1.0; ezooms.bot@gmail.com)" rom.byte-artist.de
87.139.144.212 - - [09/Apr/2013:16:17:56 +0200] "GET /scripte/show/id/7 HTTP/1.1" 200 16523 "http://www.byte-artist.de/scripte" "Mozilla/5.0 (Windows NT 6.1; WOW64; rv:19.0) Gecko/20100101 Firefox/19.0" www.byte-artist.de
87.139.144.212 - - [09/Apr/2013:16:17:56 +0200] "POST /kommentare/get-kommentar-box-template HTTP/1.1" 200 427 "http://www.byte-artist.de/scripte/show/id/7" "Mozilla/5.0 (Windows NT 6.1; WOW64; rv:19.0) Gecko/20100101 Firefox/19.0" www.byte-artist.de
87.139.144.212 - - [09/Apr/2013:16:17:56 +0200] "POST /scripte/get-kommentare HTTP/1.1" 200 - "http://www.byte-artist.de/scripte/show/id/7" "Mozilla/5.0 (Windows NT 6.1; WOW64; rv:19.0) Gecko/20100101 Firefox/19.0" www.byte-artist.de
87.139.144.212 - - [09/Apr/2013:16:17:56 +0200] "GET /social-media/get-share-counts-for-url?url=aHR0cDovL3d3dy5ieXRlLWFydGlzdC5kZS9zY3JpcHRlL3Nob3cvaWQvNw%3D%3D&ajax=true HTTP/1.1" 200 108 "http://www.byte-artist.de/scripte/show/id/7" "Mozilla/5.0 (Windows NT 6.1; WOW64; rv:19.0) Gecko/20100101 Firefox/19.0" www.byte-artist.de
66.249.75.107 - - [09/Apr/2013:16:20:55 +0200] "GET /items_uebersicht.php?pos=13530&schritte=30&sort=as&ri=a HTTP/1.1" 200 39331 "-" "Mozilla/5.0 (compatible; Googlebot/2.1; +http://www.google.com/bot.html)" rom.byte-artist.de
130.83.167.153 - - [09/Apr/2013:16:22:24 +0200] "GET / HTTP/1.1" 200 42746 "-" "findlinks/2.6 (+http://wortschatz.uni-leipzig.de/findlinks/)" forum.byte-artist.de
130.83.167.153 - - [09/Apr/2013:16:22:25 +0200] "GET / HTTP/1.1" 200 42746 "-" "findlinks/2.6 (+http://wortschatz.uni-leipzig.de/findlinks/)" forum.byte-artist.de
85.1.48.179 - - [09/Apr/2013:16:24:32 +0200] "GET /hannelore/images/theater/bild10.jpg HTTP/1.1" 302 322 "-" "Mozilla/5.0 (compatible; MSIE 9.0; Windows NT 6.1; WOW64; Trident/5.0)" projekte.byte-artist.de
85.1.48.179 - - [09/Apr/2013:16:24:32 +0200] "GET /projektehannelore/images/theater/bild10.jpg HTTP/1.1" 301 341 "-" "Mozilla/5.0 (compatible; MSIE 9.0; Windows NT 6.1; WOW64; Trident/5.0)" byte-artist.de
85.1.48.179 - - [09/Apr/2013:16:24:32 +0200] "GET /projektehannelore/images/theater/bild10.jpg HTTP/1.1" 200 9070 "-" "Mozilla/5.0 (compatible; MSIE 9.0; Windows NT 6.1; WOW64; Trident/5.0)" www.byte-artist.de
85.1.48.179 - - [09/Apr/2013:16:24:33 +0200] "GET /hannelore/images/theater/bild10.jpg HTTP/1.1" 302 322 "-" "Mozilla/5.0 (compatible; MSIE 9.0; Windows NT 6.1; WOW64; Trident/5.0)" projekte.byte-artist.de
85.1.48.179 - - [09/Apr/2013:16:24:33 +0200] "GET /projektehannelore/images/theater/bild10.jpg HTTP/1.1" 200 9070 "-" "Mozilla/5.0 (compatible; MSIE 9.0; Windows NT 6.1; WOW64; Trident/5.0)" www.byte-artist.de
87.139.144.212 - - [09/Apr/2013:16:31:30 +0200] "GET /scripte HTTP/1.1" 200 18198 "http://www.byte-artist.de/scripte/show/id/7" "Mozilla/5.0 (Windows NT 6.1; WOW64; rv:19.0) Gecko/20100101 Firefox/19.0" www.byte-artist.de
87.139.144.212 - - [09/Apr/2013:16:31:30 +0200] "GET /social-media/get-share-counts-for-url?url=aHR0cDovL3d3dy5ieXRlLWFydGlzdC5kZS9zY3JpcHRl&ajax=true HTTP/1.1" 200 108 "http://www.byte-artist.de/scripte" "Mozilla/5.0 (Windows NT 6.1; WOW64; rv:19.0) Gecko/20100101 Firefox/19.0" www.byte-artist.de
217.6.23.122 - - [09/Apr/2013:16:35:39 +0200] "GET /webseite/images/projekte/vorschau/Willkommen%20auf%20dem%20Webauftritt%20von%20Anne%20Rosinski_1242505997364.png HTTP/1.1" 301 410 "http://www.vebidoo.de/anna+rosin" "Mozilla/5.0 (Windows NT 6.1; WOW64; rv:18.0) Gecko/20100101 Firefox/18.0" byte-artist.de
217.6.23.122 - - [09/Apr/2013:16:35:40 +0200] "GET /webseite/images/projekte/vorschau/Willkommen%20auf%20dem%20Webauftritt%20von%20Anne%20Rosinski_1242505997364.png HTTP/1.1" 200 9070 "http://www.vebidoo.de/anna+rosin" "Mozilla/5.0 (Windows NT 6.1; WOW64; rv:18.0) Gecko/20100101 Firefox/18.0" www.byte-artist.de
217.6.23.122 - - [09/Apr/2013:16:36:59 +0200] "GET /webseite/images/projekte/vorschau/Willkommen%20auf%20dem%20Webauftritt%20von%20Anne%20Rosinski_1242505997364.png HTTP/1.1" 200 9070 "http://www.vebidoo.de/anna+rosin" "Mozilla/5.0 (Windows NT 6.1; WOW64; rv:18.0) Gecko/20100101 Firefox/18.0" www.byte-artist.de
217.6.23.122 - - [09/Apr/2013:16:41:31 +0200] "GET /webseite/images/projekte/vorschau/Willkommen%20auf%20dem%20Webauftritt%20von%20Anne%20Rosinski_1242505997364.png HTTP/1.1" 200 9070 "http://www.google.de/imgres?q=webauftritt&hl=de&biw=1102&bih=703&tbm=isch&tbnid=umwrmJM0VoVVRM:&imgrefurl=http://www.vebidoo.de/anna%2Brosin&docid=bcR2wV6CvJ74GM&imgurl=http://byte-artist.de/webseite/images/projekte/vorschau/Willkommen%252520auf%252520dem%252520Webauftritt%252520von%252520Anne%252520Rosinski_1242505997364.png&w=1280&h=809&ei=IidkUYTgO8X-4QTcw4DYBw&zoom=1&iact=hc&vpx=598&vpy=333&dur=2496&hovh=178&hovw=283&tx=175&ty=96&page=1&tbnh=146&tbnw=245&start=0&ndsp=20&ved=1t:429,r:8,s:0,i:117" "Mozilla/5.0 (Windows NT 6.1; WOW64; rv:18.0) Gecko/20100101 Firefox/18.0" www.byte-artist.de
217.6.23.122 - - [09/Apr/2013:16:41:32 +0200] "GET /js/funktionen.js HTTP/1.1" 200 10807 "http://www.byte-artist.de/webseite/images/projekte/vorschau/Willkommen%20auf%20dem%20Webauftritt%20von%20Anne%20Rosinski_1242505997364.png" "Mozilla/5.0 (Windows NT 6.1; WOW64; rv:18.0) Gecko/20100101 Firefox/18.0" www.byte-artist.de
217.6.23.122 - - [09/Apr/2013:16:41:32 +0200] "GET /css/normal.css HTTP/1.1" 200 8077 "http://www.byte-artist.de/webseite/images/projekte/vorschau/Willkommen%20auf%20dem%20Webauftritt%20von%20Anne%20Rosinski_1242505997364.png" "Mozilla/5.0 (Windows NT 6.1; WOW64; rv:18.0) Gecko/20100101 Firefox/18.0" www.byte-artist.de
217.6.23.122 - - [09/Apr/2013:16:41:32 +0200] "GET /css/mozilla.css HTTP/1.1" 200 424 "http://www.byte-artist.de/webseite/images/projekte/vorschau/Willkommen%20auf%20dem%20Webauftritt%20von%20Anne%20Rosinski_1242505997364.png" "Mozilla/5.0 (Windows NT 6.1; WOW64; rv:18.0) Gecko/20100101 Firefox/18.0" www.byte-artist.de
217.6.23.122 - - [09/Apr/2013:16:41:32 +0200] "GET /css/global.css HTTP/1.1" 200 20611 "http://www.byte-artist.de/webseite/images/projekte/vorschau/Willkommen%20auf%20dem%20Webauftritt%20von%20Anne%20Rosinski_1242505997364.png" "Mozilla/5.0 (Windows NT 6.1; WOW64; rv:18.0) Gecko/20100101 Firefox/18.0" www.byte-artist.de
217.6.23.122 - - [09/Apr/2013:16:41:32 +0200] "GET /js/jquery.min.js HTTP/1.1" 200 93636 "http://www.byte-artist.de/webseite/images/projekte/vorschau/Willkommen%20auf%20dem%20Webauftritt%20von%20Anne%20Rosinski_1242505997364.png" "Mozilla/5.0 (Windows NT 6.1; WOW64; rv:18.0) Gecko/20100101 Firefox/18.0" www.byte-artist.de
217.6.23.122 - - [09/Apr/2013:16:41:34 +0200] "GET /js/cad_wrapper.js HTTP/1.1" 200 985 "http://www.byte-artist.de/webseite/images/projekte/vorschau/Willkommen%20auf%20dem%20Webauftritt%20von%20Anne%20Rosinski_1242505997364.png" "Mozilla/5.0 (Windows NT 6.1; WOW64; rv:18.0) Gecko/20100101 Firefox/18.0" www.byte-artist.de
217.6.23.122 - - [09/Apr/2013:16:41:34 +0200] "GET /js/cad_message.js HTTP/1.1" 200 5862 "http://www.byte-artist.de/webseite/images/projekte/vorschau/Willkommen%20auf%20dem%20Webauftritt%20von%20Anne%20Rosinski_1242505997364.png" "Mozilla/5.0 (Windows NT 6.1; WOW64; rv:18.0) Gecko/20100101 Firefox/18.0" www.byte-artist.de
217.6.23.122 - - [09/Apr/2013:16:41:32 +0200] "GET /js/jquery-ui.min.js HTTP/1.1" 200 237108 "http://www.byte-artist.de/webseite/images/projekte/vorschau/Willkommen%20auf%20dem%20Webauftritt%20von%20Anne%20Rosinski_1242505997364.png" "Mozilla/5.0 (Windows NT 6.1; WOW64; rv:18.0) Gecko/20100101 Firefox/18.0" www.byte-artist.de
217.6.23.122 - - [09/Apr/2013:16:41:34 +0200] "GET /js/cad_sperre.js HTTP/1.1" 200 5281 "http://www.byte-artist.de/webseite/images/projekte/vorschau/Willkommen%20auf%20dem%20Webauftritt%20von%20Anne%20Rosinski_1242505997364.png" "Mozilla/5.0 (Windows NT 6.1; WOW64; rv:18.0) Gecko/20100101 Firefox/18.0" www.byte-artist.de
217.6.23.122 - - [09/Apr/2013:16:41:34 +0200] "GET /images/favicon.ico HTTP/1.1" 200 55613 "-" "Mozilla/5.0 (Windows NT 6.1; WOW64; rv:18.0) Gecko/20100101 Firefox/18.0" www.byte-artist.de
217.6.23.122 - - [09/Apr/2013:16:41:35 +0200] "GET /js/funktionen_jquery.js HTTP/1.1" 200 11247 "http://www.byte-artist.de/webseite/images/projekte/vorschau/Willkommen%20auf%20dem%20Webauftritt%20von%20Anne%20Rosinski_1242505997364.png" "Mozilla/5.0 (Windows NT 6.1; WOW64; rv:18.0) Gecko/20100101 Firefox/18.0" www.byte-artist.de
217.6.23.122 - - [09/Apr/2013:16:41:36 +0200] "GET /js/cad_loader.js HTTP/1.1" 200 1554 "http://www.byte-artist.de/webseite/images/projekte/vorschau/Willkommen%20auf%20dem%20Webauftritt%20von%20Anne%20Rosinski_1242505997364.png" "Mozilla/5.0 (Windows NT 6.1; WOW64; rv:18.0) Gecko/20100101 Firefox/18.0" www.byte-artist.de
217.6.23.122 - - [09/Apr/2013:16:41:36 +0200] "GET /js/cad_cms.js HTTP/1.1" 200 32983 "http://www.byte-artist.de/webseite/images/projekte/vorschau/Willkommen%20auf%20dem%20Webauftritt%20von%20Anne%20Rosinski_1242505997364.png" "Mozilla/5.0 (Windows NT 6.1; WOW64; rv:18.0) Gecko/20100101 Firefox/18.0" www.byte-artist.de
217.6.23.122 - - [09/Apr/2013:16:41:37 +0200] "GET /js/cad_catch_esc.js HTTP/1.1" 200 713 "http://www.byte-artist.de/webseite/images/projekte/vorschau/Willkommen%20auf%20dem%20Webauftritt%20von%20Anne%20Rosinski_1242505997364.png" "Mozilla/5.0 (Windows NT 6.1; WOW64; rv:18.0) Gecko/20100101 Firefox/18.0" www.byte-artist.de
217.6.23.122 - - [09/Apr/2013:16:41:38 +0200] "GET /js/blur.js HTTP/1.1" 200 2201 "http://www.byte-artist.de/webseite/images/projekte/vorschau/Willkommen%20auf%20dem%20Webauftritt%20von%20Anne%20Rosinski_1242505997364.png" "Mozilla/5.0 (Windows NT 6.1; WOW64; rv:18.0) Gecko/20100101 Firefox/18.0" www.byte-artist.de
217.6.23.122 - - [09/Apr/2013:16:41:38 +0200] "GET /js/cad.js HTTP/1.1" 200 2782 "http://www.byte-artist.de/webseite/images/projekte/vorschau/Willkommen%20auf%20dem%20Webauftritt%20von%20Anne%20Rosinski_1242505997364.png" "Mozilla/5.0 (Windows NT 6.1; WOW64; rv:18.0) Gecko/20100101 Firefox/18.0" www.byte-artist.de
217.6.23.122 - - [09/Apr/2013:16:41:39 +0200] "GET /images/content/statisch/icons/social_media/feed.png HTTP/1.1" 200 1557 "http://www.byte-artist.de/webseite/images/projekte/vorschau/Willkommen%20auf%20dem%20Webauftritt%20von%20Anne%20Rosinski_1242505997364.png" "Mozilla/5.0 (Windows NT 6.1; WOW64; rv:18.0) Gecko/20100101 Firefox/18.0" www.byte-artist.de
217.6.23.122 - - [09/Apr/2013:16:41:39 +0200] "GET /css/grau.css HTTP/1.1" 200 6734 "http://www.byte-artist.de/webseite/images/projekte/vorschau/Willkommen%20auf%20dem%20Webauftritt%20von%20Anne%20Rosinski_1242505997364.png" "Mozilla/5.0 (Windows NT 6.1; WOW64; rv:18.0) Gecko/20100101 Firefox/18.0" www.byte-artist.de
217.6.23.122 - - [09/Apr/2013:16:41:39 +0200] "GET /images/content/statisch/icons/social_media/github.png HTTP/1.1" 200 1430 "http://www.byte-artist.de/webseite/images/projekte/vorschau/Willkommen%20auf%20dem%20Webauftritt%20von%20Anne%20Rosinski_1242505997364.png" "Mozilla/5.0 (Windows NT 6.1; WOW64; rv:18.0) Gecko/20100101 Firefox/18.0" www.byte-artist.de
217.6.23.122 - - [09/Apr/2013:16:41:39 +0200] "GET /images/content/statisch/icons/social_media/facebook.png HTTP/1.1" 200 969 "http://www.byte-artist.de/webseite/images/projekte/vorschau/Willkommen%20auf%20dem%20Webauftritt%20von%20Anne%20Rosinski_1242505997364.png" "Mozilla/5.0 (Windows NT 6.1; WOW64; rv:18.0) Gecko/20100101 Firefox/18.0" www.byte-artist.de
217.6.23.122 - - [09/Apr/2013:16:41:40 +0200] "GET /js/default.js HTTP/1.1" 200 14630 "http://www.byte-artist.de/webseite/images/projekte/vorschau/Willkommen%20auf%20dem%20Webauftritt%20von%20Anne%20Rosinski_1242505997364.png" "Mozilla/5.0 (Windows NT 6.1; WOW64; rv:18.0) Gecko/20100101 Firefox/18.0" www.byte-artist.de
217.6.23.122 - - [09/Apr/2013:16:41:40 +0200] "GET /images/content/statisch/icons/social_media/googleplus.png HTTP/1.1" 200 1329 "http://www.byte-artist.de/webseite/images/projekte/vorschau/Willkommen%20auf%20dem%20Webauftritt%20von%20Anne%20Rosinski_1242505997364.png" "Mozilla/5.0 (Windows NT 6.1; WOW64; rv:18.0) Gecko/20100101 Firefox/18.0" www.byte-artist.de
217.6.23.122 - - [09/Apr/2013:16:41:40 +0200] "GET /images/content/statisch/icons/social_media/xing.png HTTP/1.1" 200 1639 "http://www.byte-artist.de/webseite/images/projekte/vorschau/Willkommen%20auf%20dem%20Webauftritt%20von%20Anne%20Rosinski_1242505997364.png" "Mozilla/5.0 (Windows NT 6.1; WOW64; rv:18.0) Gecko/20100101 Firefox/18.0" www.byte-artist.de
