66.249.75.107 - - [09/Apr/2013:03:48:32 +0200] "GET /items_uebersicht.php?pos=3210&schritte=30&sort=pv&ri=d HTTP/1.1" 200 39484 "-" "Mozilla/5.0 (compatible; Googlebot/2.1; +http://www.google.com/bot.html)" rom.byte-artist.de
66.249.75.107 - - [09/Apr/2013:03:49:01 +0200] "GET /items_uebersicht.php?sort=k&ri=a&pos=13620&schritte=30 HTTP/1.1" 200 39656 "-" "Mozilla/5.0 (compatible; Googlebot/2.1; +http://www.google.com/bot.html)" rom.byte-artist.de
66.249.75.107 - - [09/Apr/2013:03:52:31 +0200] "GET /items_uebersicht.php?sort=q&ri=a&pos=7610&schritte=30 HTTP/1.1" 200 39617 "-" "Mozilla/5.0 (compatible; Googlebot/2.1; +http://www.google.com/bot.html)" rom.byte-artist.de
66.249.75.107 - - [09/Apr/2013:03:52:41 +0200] "GET /items_uebersicht.php?sort=s&ri=a&pos=3530&schritte=30 HTTP/1.1" 200 39590 "-" "Mozilla/5.0 (compatible; Googlebot/2.1; +http://www.google.com/bot.html)" rom.byte-artist.de
141.8.147.22 - - [09/Apr/2013:03:52:49 +0200] "GET /items_uebersicht.php?pos=30&schritte=30&sort=g&ri=d HTTP/1.1" 200 39430 "-" "Mozilla/5.0 (compatible; YandexBot/3.0; +http://yandex.com/bots)" rom.byte-artist.de
66.249.75.107 - - [09/Apr/2013:03:54:12 +0200] "GET /items_uebersicht.php?sort=n&ri=d&pos=6380&schritte=30 HTTP/1.1" 200 39429 "-" "Mozilla/5.0 (compatible; Googlebot/2.1; +http://www.google.com/bot.html)" rom.byte-artist.de
66.249.75.107 - - [09/Apr/2013:03:55:20 +0200] "GET /items_uebersicht.php?pos=3110&schritte=30&sort=sn&ri=d HTTP/1.1" 200 39215 "-" "Mozilla/5.0 (compatible; Googlebot/2.1; +http://www.google.com/bot.html)" rom.byte-artist.de
66.249.75.107 - - [09/Apr/2013:03:56:10 +0200] "GET /items_uebersicht.php?pos=12630&schritte=30&sort=mv&ri=d HTTP/1.1" 200 40167 "-" "Mozilla/5.0 (compatible; Googlebot/2.1; +http://www.google.com/bot.html)" rom.byte-artist.de
66.249.75.107 - - [09/Apr/2013:03:58:15 +0200] "GET /items_uebersicht.php?sort=n&ri=a&pos=3810&schritte=30 HTTP/1.1" 200 39122 "-" "Mozilla/5.0 (compatible; Googlebot/2.1; +http://www.google.com/bot.html)" rom.byte-artist.de
66.249.75.107 - - [09/Apr/2013:04:00:32 +0200] "GET /items_uebersicht.php?sort=l&ri=d&pos=10440&schritte=30 HTTP/1.1" 200 39139 "-" "Mozilla/5.0 (compatible; Googlebot/2.1; +http://www.google.com/bot.html)" rom.byte-artist.de
66.249.75.107 - - [09/Apr/2013:04:00:58 +0200] "GET /items_uebersicht.php?pos=12870&schritte=30&sort=k&ri=d HTTP/1.1" 200 39339 "-" "Mozilla/5.0 (compatible; Googlebot/2.1; +http://www.google.com/bot.html)" rom.byte-artist.de
66.249.75.107 - - [09/Apr/2013:04:02:06 +0200] "GET /items_uebersicht.php?pos=11930&schritte=30&sort=t&ri=d HTTP/1.1" 200 39084 "-" "Mozilla/5.0 (compatible; Googlebot/2.1; +http://www.google.com/bot.html)" rom.byte-artist.de
66.249.75.107 - - [09/Apr/2013:04:04:14 +0200] "GET /items_uebersicht.php?sort=mv&ri=a&pos=12230&schritte=30 HTTP/1.1" 200 39561 "-" "Mozilla/5.0 (compatible; Googlebot/2.1; +http://www.google.com/bot.html)" rom.byte-artist.de
66.249.75.107 - - [09/Apr/2013:04:06:03 +0200] "GET /items_uebersicht.php?pos=13410&schritte=30&sort=n&ri=d HTTP/1.1" 200 39530 "-" "Mozilla/5.0 (compatible; Googlebot/2.1; +http://www.google.com/bot.html)" rom.byte-artist.de
66.249.75.107 - - [09/Apr/2013:04:06:35 +0200] "GET /items_uebersicht.php?sort=n&ri=d&pos=5930&schritte=30 HTTP/1.1" 200 38706 "-" "Mozilla/5.0 (compatible; Googlebot/2.1; +http://www.google.com/bot.html)" rom.byte-artist.de
66.249.75.107 - - [09/Apr/2013:04:07:36 +0200] "GET /items_uebersicht.php?pos=10160&schritte=30&sort=l&ri=a HTTP/1.1" 200 39521 "-" "Mozilla/5.0 (compatible; Googlebot/2.1; +http://www.google.com/bot.html)" rom.byte-artist.de
66.249.75.107 - - [09/Apr/2013:04:09:27 +0200] "GET /items_uebersicht.php?sort=n&ri=a&pos=11840&schritte=30 HTTP/1.1" 200 39485 "-" "Mozilla/5.0 (compatible; Googlebot/2.1; +http://www.google.com/bot.html)" rom.byte-artist.de
66.249.75.107 - - [09/Apr/2013:04:10:18 +0200] "GET /items_uebersicht.php?pos=10760&schritte=30&sort=q&ri=a HTTP/1.1" 200 39965 "-" "Mozilla/5.0 (compatible; Googlebot/2.1; +http://www.google.com/bot.html)" rom.byte-artist.de
66.249.75.107 - - [09/Apr/2013:04:12:04 +0200] "GET /items_uebersicht.php?sort=pv&ri=d&pos=3000&schritte=30 HTTP/1.1" 200 39300 "-" "Mozilla/5.0 (compatible; Googlebot/2.1; +http://www.google.com/bot.html)" rom.byte-artist.de
66.249.75.107 - - [09/Apr/2013:04:12:32 +0200] "GET /items_uebersicht.php?sort=l&ri=a&pos=11820&schritte=30 HTTP/1.1" 200 39886 "-" "Mozilla/5.0 (compatible; Googlebot/2.1; +http://www.google.com/bot.html)" rom.byte-artist.de
66.249.75.107 - - [09/Apr/2013:04:14:01 +0200] "GET /items_uebersicht.php?pos=7830&schritte=30&sort=q&ri=a HTTP/1.1" 200 39846 "-" "Mozilla/5.0 (compatible; Googlebot/2.1; +http://www.google.com/bot.html)" rom.byte-artist.de
66.249.75.205 - - [09/Apr/2013:04:14:38 +0200] "GET /images/content/dynamisch/projekte/17/praxisspieth_ff.jpg HTTP/1.1" 200 295076 "-" "Googlebot-Image/1.0" www.byte-artist.de
66.249.75.107 - - [09/Apr/2013:04:14:51 +0200] "GET /items_uebersicht.php?pos=14450&schritte=30&sort=q&ri=d HTTP/1.1" 200 39365 "-" "Mozilla/5.0 (compatible; Googlebot/2.1; +http://www.google.com/bot.html)" rom.byte-artist.de
66.249.75.107 - - [09/Apr/2013:04:15:00 +0200] "GET /items_uebersicht.php?pos=6210&schritte=30&sort=n&ri=d HTTP/1.1" 200 39416 "-" "Mozilla/5.0 (compatible; Googlebot/2.1; +http://www.google.com/bot.html)" rom.byte-artist.de
66.249.75.107 - - [09/Apr/2013:04:19:57 +0200] "GET /items_uebersicht.php?sort=t&ri=a&pos=4230&schritte=30 HTTP/1.1" 200 40318 "-" "Mozilla/5.0 (compatible; Googlebot/2.1; +http://www.google.com/bot.html)" rom.byte-artist.de
208.115.111.69 - - [09/Apr/2013:04:20:20 +0200] "GET /item_info.php?id=14158 HTTP/1.1" 200 1442 "-" "Mozilla/5.0 (compatible; Ezooms/1.0; ezooms.bot@gmail.com)" rom.byte-artist.de
208.115.111.69 - - [09/Apr/2013:04:20:21 +0200] "GET /item_info.php?id=15026 HTTP/1.1" 200 1442 "-" "Mozilla/5.0 (compatible; Ezooms/1.0; ezooms.bot@gmail.com)" rom.byte-artist.de
208.115.111.69 - - [09/Apr/2013:04:20:22 +0200] "GET /item_info.php?id=3277 HTTP/1.1" 200 1442 "-" "Mozilla/5.0 (compatible; Ezooms/1.0; ezooms.bot@gmail.com)" rom.byte-artist.de
208.115.111.69 - - [09/Apr/2013:04:20:23 +0200] "GET /item_info.php?id=3416 HTTP/1.1" 200 1442 "-" "Mozilla/5.0 (compatible; Ezooms/1.0; ezooms.bot@gmail.com)" rom.byte-artist.de
208.115.111.69 - - [09/Apr/2013:04:20:24 +0200] "GET /item_info.php?id=5 HTTP/1.1" 200 1442 "-" "Mozilla/5.0 (compatible; Ezooms/1.0; ezooms.bot@gmail.com)" rom.byte-artist.de
208.115.111.69 - - [09/Apr/2013:04:20:25 +0200] "GET /item_info.php?id=5358 HTTP/1.1" 200 1442 "-" "Mozilla/5.0 (compatible; Ezooms/1.0; ezooms.bot@gmail.com)" rom.byte-artist.de
208.115.111.69 - - [09/Apr/2013:04:20:26 +0200] "GET /item_info.php?id=6502 HTTP/1.1" 200 1442 "-" "Mozilla/5.0 (compatible; Ezooms/1.0; ezooms.bot@gmail.com)" rom.byte-artist.de
208.115.111.69 - - [09/Apr/2013:04:20:27 +0200] "GET /item_info.php?id=7883 HTTP/1.1" 200 1442 "-" "Mozilla/5.0 (compatible; Ezooms/1.0; ezooms.bot@gmail.com)" rom.byte-artist.de
208.115.111.69 - - [09/Apr/2013:04:20:28 +0200] "GET /item_info.php?id=8534 HTTP/1.1" 200 1442 "-" "Mozilla/5.0 (compatible; Ezooms/1.0; ezooms.bot@gmail.com)" rom.byte-artist.de
208.115.111.69 - - [09/Apr/2013:04:20:29 +0200] "GET /software/how-to-s/umgehen-von-drm-und-saeubern-bezahlter-mp3s.html HTTP/1.1" 404 19447 "-" "Mozilla/5.0 (compatible; Ezooms/1.0; ezooms.bot@gmail.com)" forum.byte-artist.de
208.115.111.69 - - [09/Apr/2013:04:20:30 +0200] "GET /software/office/ HTTP/1.1" 404 7603 "-" "Mozilla/5.0 (compatible; Ezooms/1.0; ezooms.bot@gmail.com)" forum.byte-artist.de
66.249.75.107 - - [09/Apr/2013:04:20:47 +0200] "GET /items_uebersicht.php?pos=13560&schritte=30&sort=pv&ri=a HTTP/1.1" 200 39393 "-" "Mozilla/5.0 (compatible; Googlebot/2.1; +http://www.google.com/bot.html)" rom.byte-artist.de
109.233.156.56 - - [09/Apr/2013:04:21:38 +0200] "GET /feed-rss/blog HTTP/1.1" 200 525 "-" "Mozilla/5.0" www.byte-artist.de
66.249.75.107 - - [09/Apr/2013:04:22:05 +0200] "GET /items_uebersicht.php?sort=mv&ri=a&pos=15120&schritte=30 HTTP/1.1" 200 39986 "-" "Mozilla/5.0 (compatible; Googlebot/2.1; +http://www.google.com/bot.html)" rom.byte-artist.de
66.249.75.107 - - [09/Apr/2013:04:24:50 +0200] "GET /items_uebersicht.php?sort=n&ri=d&pos=3350&schritte=30 HTTP/1.1" 200 39430 "-" "Mozilla/5.0 (compatible; Googlebot/2.1; +http://www.google.com/bot.html)" rom.byte-artist.de
141.8.147.22 - - [09/Apr/2013:04:29:10 +0200] "GET /news/news-zum-forum/neue-buttons-und-son-zeugs.html HTTP/1.1" 200 27861 "-" "Mozilla/5.0 (compatible; YandexBot/3.0; +http://yandex.com/bots)" forum.byte-artist.de
66.249.75.107 - - [09/Apr/2013:04:30:44 +0200] "GET /items_uebersicht.php?pos=14150&schritte=30&sort=sn&ri=d HTTP/1.1" 200 38715 "-" "Mozilla/5.0 (compatible; Googlebot/2.1; +http://www.google.com/bot.html)" rom.byte-artist.de
66.249.75.107 - - [09/Apr/2013:04:32:00 +0200] "GET /items_uebersicht.php?pos=6200&schritte=30&sort=n&ri=d HTTP/1.1" 200 39299 "-" "Mozilla/5.0 (compatible; Googlebot/2.1; +http://www.google.com/bot.html)" rom.byte-artist.de
66.249.75.107 - - [09/Apr/2013:04:32:10 +0200] "GET /items_uebersicht.php?sort=as&ri=d&pos=13710&schritte=30 HTTP/1.1" 200 39563 "-" "Mozilla/5.0 (compatible; Googlebot/2.1; +http://www.google.com/bot.html)" rom.byte-artist.de
66.249.75.107 - - [09/Apr/2013:04:33:53 +0200] "GET /items_uebersicht.php?pos=3140&schritte=30&sort=n&ri=a HTTP/1.1" 200 39262 "-" "Mozilla/5.0 (compatible; Googlebot/2.1; +http://www.google.com/bot.html)" rom.byte-artist.de
66.249.75.107 - - [09/Apr/2013:04:35:20 +0200] "GET /items_uebersicht.php?sort=mv&ri=a&pos=10820&schritte=30 HTTP/1.1" 200 39975 "-" "Mozilla/5.0 (compatible; Googlebot/2.1; +http://www.google.com/bot.html)" rom.byte-artist.de
66.249.75.107 - - [09/Apr/2013:04:35:35 +0200] "GET /items_uebersicht.php?pos=7170&schritte=30&sort=pv&ri=a HTTP/1.1" 200 39535 "-" "Mozilla/5.0 (compatible; Googlebot/2.1; +http://www.google.com/bot.html)" rom.byte-artist.de
66.249.75.107 - - [09/Apr/2013:04:42:58 +0200] "GET /items_uebersicht.php?sort=l&ri=d&pos=14220&schritte=30 HTTP/1.1" 200 38885 "-" "Mozilla/5.0 (compatible; Googlebot/2.1; +http://www.google.com/bot.html)" rom.byte-artist.de
66.249.75.107 - - [09/Apr/2013:04:44:12 +0200] "GET /items_uebersicht.php?sort=g&ri=a&pos=6900&schritte=30 HTTP/1.1" 200 39413 "-" "Mozilla/5.0 (compatible; Googlebot/2.1; +http://www.google.com/bot.html)" rom.byte-artist.de
66.249.75.107 - - [09/Apr/2013:04:45:47 +0200] "GET /items_uebersicht.php?sort=q&ri=a&pos=11270&schritte=30 HTTP/1.1" 200 39894 "-" "Mozilla/5.0 (compatible; Googlebot/2.1; +http://www.google.com/bot.html)" rom.byte-artist.de
66.249.75.107 - - [09/Apr/2013:04:47:32 +0200] "GET /items_uebersicht.php?sort=g&ri=a&pos=4430&schritte=30 HTTP/1.1" 200 39505 "-" "Mozilla/5.0 (compatible; Googlebot/2.1; +http://www.google.com/bot.html)" rom.byte-artist.de
208.115.113.85 - - [09/Apr/2013:04:48:14 +0200] "GET /robots.txt HTTP/1.1" 404 276 "-" "Mozilla/5.0 (compatible; Ezooms/1.0; ezooms.bot@gmail.com)" rom.byte-artist.de
208.115.113.85 - - [09/Apr/2013:04:48:14 +0200] "GET /robots.txt HTTP/1.1" 404 6655 "-" "Mozilla/5.0 (compatible; Ezooms/1.0; ezooms.bot@gmail.com)" forum.byte-artist.de
66.249.75.107 - - [09/Apr/2013:04:48:21 +0200] "GET /items_uebersicht.php?pos=9810&schritte=30&sort=s&ri=d HTTP/1.1" 200 39252 "-" "Mozilla/5.0 (compatible; Googlebot/2.1; +http://www.google.com/bot.html)" rom.byte-artist.de
66.249.75.107 - - [09/Apr/2013:04:48:43 +0200] "GET /items_uebersicht.php?pos=3320&schritte=30&sort=s&ri=d HTTP/1.1" 200 39818 "-" "Mozilla/5.0 (compatible; Googlebot/2.1; +http://www.google.com/bot.html)" rom.byte-artist.de
66.249.75.107 - - [09/Apr/2013:04:52:42 +0200] "GET /items_uebersicht.php?sort=ma&ri=a&pos=1500&schritte=30 HTTP/1.1" 200 39484 "-" "Mozilla/5.0 (compatible; Googlebot/2.1; +http://www.google.com/bot.html)" rom.byte-artist.de
66.249.75.107 - - [09/Apr/2013:04:55:05 +0200] "GET /items_uebersicht.php?sort=mv&ri=d&pos=3720&schritte=30 HTTP/1.1" 200 39597 "-" "Mozilla/5.0 (compatible; Googlebot/2.1; +http://www.google.com/bot.html)" rom.byte-artist.de
139.18.2.209 - - [09/Apr/2013:05:04:04 +0200] "GET /?seite=gaestebuch HTTP/1.1" 302 302 "-" "findlinks/2.6 (+http://wortschatz.uni-leipzig.de/findlinks/)" scripte.byte-artist.de
139.18.2.209 - - [09/Apr/2013:05:04:04 +0200] "GET /scripte?seite=gaestebuch HTTP/1.1" 301 322 "-" "findlinks/2.6 (+http://wortschatz.uni-leipzig.de/findlinks/)" byte-artist.de
139.18.2.209 - - [09/Apr/2013:05:04:04 +0200] "GET /scripte?seite=gaestebuch HTTP/1.1" 301 312 "-" "findlinks/2.6 (+http://wortschatz.uni-leipzig.de/findlinks/)" www.byte-artist.de
139.18.2.209 - - [09/Apr/2013:05:04:04 +0200] "GET /gaestebuch HTTP/1.1" 200 9070 "-" "findlinks/2.6 (+http://wortschatz.uni-leipzig.de/findlinks/)" www.byte-artist.de
139.18.2.209 - - [09/Apr/2013:05:04:04 +0200] "GET /?seite=gaestebuch HTTP/1.1" 302 302 "-" "findlinks/2.6 (+http://wortschatz.uni-leipzig.de/findlinks/)" scripte.byte-artist.de
139.18.2.209 - - [09/Apr/2013:05:04:04 +0200] "GET /scripte?seite=gaestebuch HTTP/1.1" 301 322 "-" "findlinks/2.6 (+http://wortschatz.uni-leipzig.de/findlinks/)" byte-artist.de
139.18.2.209 - - [09/Apr/2013:05:04:05 +0200] "GET /scripte?seite=gaestebuch HTTP/1.1" 301 312 "-" "findlinks/2.6 (+http://wortschatz.uni-leipzig.de/findlinks/)" www.byte-artist.de
139.18.2.209 - - [09/Apr/2013:05:04:05 +0200] "GET /gaestebuch HTTP/1.1" 200 9070 "-" "findlinks/2.6 (+http://wortschatz.uni-leipzig.de/findlinks/)" www.byte-artist.de
66.249.75.107 - - [09/Apr/2013:05:04:49 +0200] "GET /items_uebersicht.php?sort=g&ri=d&pos=13610&schritte=30 HTTP/1.1" 200 39440 "-" "Mozilla/5.0 (compatible; Googlebot/2.1; +http://www.google.com/bot.html)" rom.byte-artist.de
66.249.75.107 - - [09/Apr/2013:05:04:55 +0200] "GET /items_uebersicht.php?sort=s&ri=d&pos=3690&schritte=30 HTTP/1.1" 200 39922 "-" "Mozilla/5.0 (compatible; Googlebot/2.1; +http://www.google.com/bot.html)" rom.byte-artist.de
66.249.75.107 - - [09/Apr/2013:05:05:39 +0200] "GET /items_uebersicht.php?pos=980&schritte=30&sort=mv&ri=a HTTP/1.1" 200 39567 "-" "Mozilla/5.0 (compatible; Googlebot/2.1; +http://www.google.com/bot.html)" rom.byte-artist.de
66.249.75.107 - - [09/Apr/2013:05:06:18 +0200] "GET /items_uebersicht.php?pos=11840&schritte=30&sort=t&ri=d HTTP/1.1" 200 39272 "-" "Mozilla/5.0 (compatible; Googlebot/2.1; +http://www.google.com/bot.html)" rom.byte-artist.de
109.233.156.56 - - [09/Apr/2013:05:06:23 +0200] "GET /feed-rss/blog HTTP/1.1" 200 525 "-" "Mozilla/5.0" www.byte-artist.de
178.154.206.251 - - [09/Apr/2013:05:06:31 +0200] "GET /index.php?seite=tips HTTP/1.1" 302 307 "-" "Mozilla/5.0 (compatible; YandexBot/3.0; +http://yandex.com/bots)" projekte.byte-artist.de
66.249.75.107 - - [09/Apr/2013:05:09:14 +0200] "GET /items_uebersicht.php?pos=12050&schritte=30&sort=n&ri=d HTTP/1.1" 200 39235 "-" "Mozilla/5.0 (compatible; Googlebot/2.1; +http://www.google.com/bot.html)" rom.byte-artist.de
66.249.75.107 - - [09/Apr/2013:05:16:11 +0200] "GET /items_uebersicht.php?pos=12810&schritte=30&sort=t&ri=d HTTP/1.1" 200 38622 "-" "Mozilla/5.0 (compatible; Googlebot/2.1; +http://www.google.com/bot.html)" rom.byte-artist.de
66.249.75.107 - - [09/Apr/2013:05:16:59 +0200] "GET /items_uebersicht.php?pos=680&schritte=30&sort=n&ri=a HTTP/1.1" 200 39336 "-" "Mozilla/5.0 (compatible; Googlebot/2.1; +http://www.google.com/bot.html)" rom.byte-artist.de
66.249.75.107 - - [09/Apr/2013:05:17:40 +0200] "GET /items_uebersicht.php?sort=n&ri=d&pos=11600&schritte=30 HTTP/1.1" 200 39488 "-" "Mozilla/5.0 (compatible; Googlebot/2.1; +http://www.google.com/bot.html)" rom.byte-artist.de
66.249.75.107 - - [09/Apr/2013:05:18:31 +0200] "GET /items_uebersicht.php?sort=s&ri=a&pos=8030&schritte=30 HTTP/1.1" 200 39454 "-" "Mozilla/5.0 (compatible; Googlebot/2.1; +http://www.google.com/bot.html)" rom.byte-artist.de
157.56.92.162 - - [09/Apr/2013:05:21:59 +0200] "GET /robots.txt HTTP/1.1" 302 297 "-" "Mozilla/5.0 (compatible; bingbot/2.0; +http://www.bing.com/bingbot.htm)" projekte.byte-artist.de
157.56.92.162 - - [09/Apr/2013:05:22:00 +0200] "GET /projekterobots.txt HTTP/1.1" 301 316 "-" "Mozilla/5.0 (compatible; bingbot/2.0; +http://www.bing.com/bingbot.htm)" byte-artist.de
157.56.92.162 - - [09/Apr/2013:05:22:01 +0200] "GET /projekterobots.txt HTTP/1.1" 200 9070 "-" "Mozilla/5.0 (compatible; bingbot/2.0; +http://www.bing.com/bingbot.htm)" www.byte-artist.de
141.8.147.22 - - [09/Apr/2013:05:23:19 +0200] "GET /projekte/in-planung HTTP/1.1" 200 9975 "-" "Mozilla/5.0 (compatible; YandexBot/3.0; +http://yandex.com/bots)" www.byte-artist.de
66.249.75.107 - - [09/Apr/2013:05:23:53 +0200] "GET /items_uebersicht.php?sort=n&ri=a&pos=1820&schritte=30 HTTP/1.1" 200 39275 "-" "Mozilla/5.0 (compatible; Googlebot/2.1; +http://www.google.com/bot.html)" rom.byte-artist.de
157.56.92.162 - - [09/Apr/2013:05:24:42 +0200] "GET /hannelore/pages/kontakt.php HTTP/1.1" 302 314 "-" "Mozilla/5.0 (compatible; bingbot/2.0; +http://www.bing.com/bingbot.htm)" projekte.byte-artist.de
66.249.75.107 - - [09/Apr/2013:05:25:01 +0200] "GET /items_uebersicht.php?sort=k&ri=a&pos=1410&schritte=30 HTTP/1.1" 200 39407 "-" "Mozilla/5.0 (compatible; Googlebot/2.1; +http://www.google.com/bot.html)" rom.byte-artist.de
66.249.75.107 - - [09/Apr/2013:05:27:28 +0200] "GET /items_uebersicht.php?sort=t&ri=a&pos=840&schritte=30 HTTP/1.1" 200 38759 "-" "Mozilla/5.0 (compatible; Googlebot/2.1; +http://www.google.com/bot.html)" rom.byte-artist.de
141.8.147.22 - - [09/Apr/2013:05:27:32 +0200] "GET /items_uebersicht.php?sort=k&ri=d&pos=30&schritte=30 HTTP/1.1" 200 39206 "-" "Mozilla/5.0 (compatible; YandexBot/3.0; +http://yandex.com/bots)" rom.byte-artist.de
66.249.75.107 - - [09/Apr/2013:05:28:35 +0200] "GET /items_uebersicht.php?pos=11540&schritte=30&sort=pv&ri=a HTTP/1.1" 200 39516 "-" "Mozilla/5.0 (compatible; Googlebot/2.1; +http://www.google.com/bot.html)" rom.byte-artist.de
66.249.75.107 - - [09/Apr/2013:05:35:27 +0200] "GET /items_uebersicht.php?pos=10650&schritte=30&sort=mv&ri=a HTTP/1.1" 200 38897 "-" "Mozilla/5.0 (compatible; Googlebot/2.1; +http://www.google.com/bot.html)" rom.byte-artist.de
66.249.75.107 - - [09/Apr/2013:05:37:41 +0200] "GET /items_uebersicht.php?sort=k&ri=d&pos=6420&schritte=30 HTTP/1.1" 200 39696 "-" "Mozilla/5.0 (compatible; Googlebot/2.1; +http://www.google.com/bot.html)" rom.byte-artist.de
157.56.93.216 - - [09/Apr/2013:05:38:03 +0200] "GET /robots.txt HTTP/1.1" 404 276 "-" "Mozilla/5.0 (compatible; bingbot/2.0; +http://www.bing.com/bingbot.htm)" rom.byte-artist.de
157.56.93.216 - - [09/Apr/2013:05:39:39 +0200] "GET /items_uebersicht.php?pos=7640&schritte=30&sort=k&ri=a HTTP/1.1" 200 39814 "-" "Mozilla/5.0 (compatible; bingbot/2.0; +http://www.bing.com/bingbot.htm)" rom.byte-artist.de
81.144.138.34 - - [09/Apr/2013:05:41:28 +0200] "GET /robots.txt HTTP/1.1" 200 9070 "-" "Wotbox/2.01 (+http://www.wotbox.com/bot/)" www.byte-artist.de
81.144.138.34 - - [09/Apr/2013:05:41:40 +0200] "GET / HTTP/1.1" 200 12723 "-" "Wotbox/2.01 (+http://www.wotbox.com/bot/)" www.byte-artist.de
81.144.138.34 - - [09/Apr/2013:05:41:47 +0200] "GET /auth/login HTTP/1.1" 200 9070 "-" "Wotbox/2.01 (+http://www.wotbox.com/bot/)" www.byte-artist.de
81.144.138.34 - - [09/Apr/2013:05:41:56 +0200] "GET /stuff HTTP/1.1" 200 13936 "-" "Wotbox/2.01 (+http://www.wotbox.com/bot/)" www.byte-artist.de
81.144.138.34 - - [09/Apr/2013:05:42:03 +0200] "GET /blog HTTP/1.1" 200 16929 "-" "Wotbox/2.01 (+http://www.wotbox.com/bot/)" www.byte-artist.de
81.144.138.34 - - [09/Apr/2013:05:42:09 +0200] "GET /portfolio HTTP/1.1" 200 11064 "-" "Wotbox/2.01 (+http://www.wotbox.com/bot/)" www.byte-artist.de
81.144.138.34 - - [09/Apr/2013:05:42:15 +0200] "GET /scripte HTTP/1.1" 200 18198 "-" "Wotbox/2.01 (+http://www.wotbox.com/bot/)" www.byte-artist.de
81.144.138.34 - - [09/Apr/2013:05:42:22 +0200] "GET /schnipsel HTTP/1.1" 200 10603 "-" "Wotbox/2.01 (+http://www.wotbox.com/bot/)" www.byte-artist.de
81.144.138.34 - - [09/Apr/2013:05:42:30 +0200] "GET /tips HTTP/1.1" 200 103642 "-" "Wotbox/2.01 (+http://www.wotbox.com/bot/)" www.byte-artist.de
81.144.138.34 - - [09/Apr/2013:05:42:36 +0200] "GET /downloads HTTP/1.1" 200 9360 "-" "Wotbox/2.01 (+http://www.wotbox.com/bot/)" www.byte-artist.de
81.144.138.34 - - [09/Apr/2013:05:42:43 +0200] "GET /links HTTP/1.1" 200 9320 "-" "Wotbox/2.01 (+http://www.wotbox.com/bot/)" www.byte-artist.de
66.249.75.107 - - [09/Apr/2013:05:42:44 +0200] "GET /items_uebersicht.php?sort=q&ri=d&pos=11480&schritte=30 HTTP/1.1" 200 39501 "-" "Mozilla/5.0 (compatible; Googlebot/2.1; +http://www.google.com/bot.html)" rom.byte-artist.de
81.144.138.34 - - [09/Apr/2013:05:42:52 +0200] "GET /portfolio/byte-artist HTTP/1.1" 200 19985 "-" "Wotbox/2.01 (+http://www.wotbox.com/bot/)" www.byte-artist.de
81.144.138.34 - - [09/Apr/2013:05:42:59 +0200] "GET /projekte HTTP/1.1" 200 11041 "-" "Wotbox/2.01 (+http://www.wotbox.com/bot/)" www.byte-artist.de
81.144.138.34 - - [09/Apr/2013:05:43:06 +0200] "GET /portfolio/lebenslauf HTTP/1.1" 200 11801 "-" "Wotbox/2.01 (+http://www.wotbox.com/bot/)" www.byte-artist.de
81.144.138.34 - - [09/Apr/2013:05:43:13 +0200] "GET /portfolio/know-how HTTP/1.1" 200 26749 "-" "Wotbox/2.01 (+http://www.wotbox.com/bot/)" www.byte-artist.de
81.144.138.34 - - [09/Apr/2013:05:43:21 +0200] "GET /social-media/feeds HTTP/1.1" 200 117146 "-" "Wotbox/2.01 (+http://www.wotbox.com/bot/)" www.byte-artist.de
81.144.138.34 - - [09/Apr/2013:05:43:30 +0200] "GET /sitemap HTTP/1.1" 200 12078 "-" "Wotbox/2.01 (+http://www.wotbox.com/bot/)" www.byte-artist.de
81.144.138.34 - - [09/Apr/2013:05:43:37 +0200] "GET /kontakt HTTP/1.1" 200 9699 "-" "Wotbox/2.01 (+http://www.wotbox.com/bot/)" www.byte-artist.de
81.144.138.34 - - [09/Apr/2013:05:43:44 +0200] "GET /projekte/oeffentlich HTTP/1.1" 200 26581 "-" "Wotbox/2.01 (+http://www.wotbox.com/bot/)" www.byte-artist.de
141.8.147.22 - - [09/Apr/2013:05:43:48 +0200] "GET /projekte/show/id/18 HTTP/1.1" 200 15360 "-" "Mozilla/5.0 (compatible; YandexBot/3.0; +http://yandex.com/bots)" www.byte-artist.de
81.144.138.34 - - [09/Apr/2013:05:43:52 +0200] "GET /blog/tags/Blog HTTP/1.1" 200 14896 "-" "Wotbox/2.01 (+http://www.wotbox.com/bot/)" www.byte-artist.de
81.144.138.34 - - [09/Apr/2013:05:43:59 +0200] "GET /blog/tags/Browser HTTP/1.1" 200 14896 "-" "Wotbox/2.01 (+http://www.wotbox.com/bot/)" www.byte-artist.de
81.144.138.34 - - [09/Apr/2013:05:44:06 +0200] "GET /blog/tags/Chrome HTTP/1.1" 200 14896 "-" "Wotbox/2.01 (+http://www.wotbox.com/bot/)" www.byte-artist.de
81.144.138.34 - - [09/Apr/2013:05:44:12 +0200] "GET /blog/tags/Cloud HTTP/1.1" 200 14896 "-" "Wotbox/2.01 (+http://www.wotbox.com/bot/)" www.byte-artist.de
81.144.138.34 - - [09/Apr/2013:05:44:20 +0200] "GET /blog/tags/Firefox HTTP/1.1" 200 14896 "-" "Wotbox/2.01 (+http://www.wotbox.com/bot/)" www.byte-artist.de
81.144.138.34 - - [09/Apr/2013:05:44:25 +0200] "GET /blog/tags/Internet HTTP/1.1" 200 14896 "-" "Wotbox/2.01 (+http://www.wotbox.com/bot/)" www.byte-artist.de
81.144.138.34 - - [09/Apr/2013:05:44:32 +0200] "GET /scripte/bildpimper HTTP/1.1" 200 36756 "-" "Wotbox/2.01 (+http://www.wotbox.com/bot/)" www.byte-artist.de
204.12.226.2 - - [09/Apr/2013:05:44:33 +0200] "GET /robots.txt HTTP/1.0" 301 308 "-" "Mozilla/5.0 (compatible; MJ12bot/v1.4.3; http://www.majestic12.co.uk/bot.php?+)" byte-artist.de
204.12.226.2 - - [09/Apr/2013:05:44:37 +0200] "GET /robots.txt HTTP/1.0" 200 9070 "-" "Mozilla/5.0 (compatible; MJ12bot/v1.4.3; http://www.majestic12.co.uk/bot.php?+)" www.byte-artist.de
81.144.138.34 - - [09/Apr/2013:05:44:38 +0200] "GET /scripte/entgegengesetzte-farben HTTP/1.1" 200 18556 "-" "Wotbox/2.01 (+http://www.wotbox.com/bot/)" www.byte-artist.de
204.12.226.2 - - [09/Apr/2013:05:44:41 +0200] "GET /?seite=kontakt HTTP/1.0" 301 312 "-" "Mozilla/5.0 (compatible; MJ12bot/v1.4.3; http://www.majestic12.co.uk/bot.php?+)" byte-artist.de
204.12.226.2 - - [09/Apr/2013:05:44:43 +0200] "GET /robots.txt HTTP/1.0" 200 9070 "-" "Mozilla/5.0 (compatible; MJ12bot/v1.4.3; http://www.majestic12.co.uk/bot.php?+)" www.byte-artist.de
81.144.138.34 - - [09/Apr/2013:05:44:45 +0200] "GET /scripte/show/id/8 HTTP/1.1" 200 56659 "-" "Wotbox/2.01 (+http://www.wotbox.com/bot/)" www.byte-artist.de
204.12.226.2 - - [09/Apr/2013:05:44:50 +0200] "GET /?seite=kontakt HTTP/1.0" 301 309 "-" "Mozilla/5.0 (compatible; MJ12bot/v1.4.3; http://www.majestic12.co.uk/bot.php?+)" www.byte-artist.de
204.12.226.2 - - [09/Apr/2013:05:44:54 +0200] "GET /kontakt HTTP/1.0" 200 9699 "-" "Mozilla/5.0 (compatible; MJ12bot/v1.4.3; http://www.majestic12.co.uk/bot.php?+)" www.byte-artist.de
81.144.138.34 - - [09/Apr/2013:05:44:54 +0200] "GET /scripte/show/id/3 HTTP/1.1" 200 15112 "-" "Wotbox/2.01 (+http://www.wotbox.com/bot/)" www.byte-artist.de
81.144.138.34 - - [09/Apr/2013:05:45:02 +0200] "GET /scripte/show/id/9 HTTP/1.1" 200 16210 "-" "Wotbox/2.01 (+http://www.wotbox.com/bot/)" www.byte-artist.de
81.144.138.34 - - [09/Apr/2013:05:45:09 +0200] "GET /scripte/show/id/11 HTTP/1.1" 200 15622 "-" "Wotbox/2.01 (+http://www.wotbox.com/bot/)" www.byte-artist.de
81.144.138.34 - - [09/Apr/2013:05:45:16 +0200] "GET /scripte/show/id/2 HTTP/1.1" 200 15403 "-" "Wotbox/2.01 (+http://www.wotbox.com/bot/)" www.byte-artist.de
81.144.138.34 - - [09/Apr/2013:05:45:24 +0200] "GET /scripte/show/id/10 HTTP/1.1" 200 17635 "-" "Wotbox/2.01 (+http://www.wotbox.com/bot/)" www.byte-artist.de
81.144.138.34 - - [09/Apr/2013:05:45:30 +0200] "GET /scripte/show/id/7 HTTP/1.1" 200 16523 "-" "Wotbox/2.01 (+http://www.wotbox.com/bot/)" www.byte-artist.de
81.144.138.34 - - [09/Apr/2013:05:45:38 +0200] "GET /schnipsel/CSS HTTP/1.1" 200 10899 "-" "Wotbox/2.01 (+http://www.wotbox.com/bot/)" www.byte-artist.de
81.144.138.34 - - [09/Apr/2013:05:45:50 +0200] "GET /schnipsel/HTML HTTP/1.1" 200 10886 "-" "Wotbox/2.01 (+http://www.wotbox.com/bot/)" www.byte-artist.de
81.144.138.34 - - [09/Apr/2013:05:45:58 +0200] "GET /schnipsel/Javascript HTTP/1.1" 200 11297 "-" "Wotbox/2.01 (+http://www.wotbox.com/bot/)" www.byte-artist.de
81.144.138.34 - - [09/Apr/2013:05:46:07 +0200] "GET /schnipsel/MySQL HTTP/1.1" 200 10284 "-" "Wotbox/2.01 (+http://www.wotbox.com/bot/)" www.byte-artist.de
81.144.138.34 - - [09/Apr/2013:05:46:17 +0200] "GET /schnipsel/PHP HTTP/1.1" 200 11597 "-" "Wotbox/2.01 (+http://www.wotbox.com/bot/)" www.byte-artist.de
81.144.138.34 - - [09/Apr/2013:05:46:23 +0200] "GET /projekte/abgeschlossen HTTP/1.1" 200 29588 "-" "Wotbox/2.01 (+http://www.wotbox.com/bot/)" www.byte-artist.de
81.144.138.34 - - [09/Apr/2013:05:46:29 +0200] "GET /projekte/in-arbeit HTTP/1.1" 200 11740 "-" "Wotbox/2.01 (+http://www.wotbox.com/bot/)" www.byte-artist.de
81.144.138.34 - - [09/Apr/2013:05:46:36 +0200] "GET /projekte/in-planung HTTP/1.1" 200 9975 "-" "Wotbox/2.01 (+http://www.wotbox.com/bot/)" www.byte-artist.de
81.144.138.34 - - [09/Apr/2013:05:46:41 +0200] "GET /social-media HTTP/1.1" 200 8989 "-" "Wotbox/2.01 (+http://www.wotbox.com/bot/)" www.byte-artist.de
81.144.138.34 - - [09/Apr/2013:05:46:50 +0200] "GET /projekte/agh-manager HTTP/1.1" 200 15775 "-" "Wotbox/2.01 (+http://www.wotbox.com/bot/)" www.byte-artist.de
81.144.138.34 - - [09/Apr/2013:05:46:57 +0200] "GET /projekte/show/id/21 HTTP/1.1" 200 15126 "-" "Wotbox/2.01 (+http://www.wotbox.com/bot/)" www.byte-artist.de
81.144.138.34 - - [09/Apr/2013:05:47:07 +0200] "GET /projekte/da-dg-de HTTP/1.1" 200 15171 "-" "Wotbox/2.01 (+http://www.wotbox.com/bot/)" www.byte-artist.de
81.144.138.34 - - [09/Apr/2013:05:47:14 +0200] "GET /projekte/show/id/19 HTTP/1.1" 200 15240 "-" "Wotbox/2.01 (+http://www.wotbox.com/bot/)" www.byte-artist.de
109.233.152.56 - - [09/Apr/2013:05:50:56 +0200] "GET /feed-rss/blog HTTP/1.1" 200 525 "-" "Mozilla/5.0" www.byte-artist.de
66.249.75.107 - - [09/Apr/2013:05:54:36 +0200] "GET /items_uebersicht.php?pos=5250&schritte=30&sort=t&ri=d HTTP/1.1" 200 39982 "-" "Mozilla/5.0 (compatible; Googlebot/2.1; +http://www.google.com/bot.html)" rom.byte-artist.de
66.249.75.107 - - [09/Apr/2013:06:09:53 +0200] "GET /items_uebersicht.php?sort=mv&ri=a&pos=11570&schritte=30 HTTP/1.1" 200 39605 "-" "Mozilla/5.0 (compatible; Googlebot/2.1; +http://www.google.com/bot.html)" rom.byte-artist.de
66.249.75.107 - - [09/Apr/2013:06:10:48 +0200] "GET /items_uebersicht.php?sort=as&ri=d&pos=7040&schritte=30 HTTP/1.1" 200 39430 "-" "Mozilla/5.0 (compatible; Googlebot/2.1; +http://www.google.com/bot.html)" rom.byte-artist.de
66.249.75.107 - - [09/Apr/2013:06:12:01 +0200] "GET /items_uebersicht.php?pos=11010&schritte=30&sort=as&ri=d HTTP/1.1" 200 39473 "-" "Mozilla/5.0 (compatible; Googlebot/2.1; +http://www.google.com/bot.html)" rom.byte-artist.de
66.249.75.107 - - [09/Apr/2013:06:13:40 +0200] "GET /items_uebersicht.php?sort=q&ri=d&pos=810&schritte=30 HTTP/1.1" 200 39120 "-" "Mozilla/5.0 (compatible; Googlebot/2.1; +http://www.google.com/bot.html)" rom.byte-artist.de
66.249.75.107 - - [09/Apr/2013:06:14:10 +0200] "GET /items_uebersicht.php?pos=14460&schritte=30&sort=t&ri=a HTTP/1.1" 200 40639 "-" "Mozilla/5.0 (compatible; Googlebot/2.1; +http://www.google.com/bot.html)" rom.byte-artist.de
66.249.75.124 - - [09/Apr/2013:06:14:47 +0200] "GET /index.php?seite=projekte&gr=beendet HTTP/1.1" 302 326 "-" "Mozilla/5.0 (compatible; Googlebot/2.1; +http://www.google.com/bot.html)" projekte.byte-artist.de
66.249.75.91 - - [09/Apr/2013:06:14:57 +0200] "GET /projekteindex.php?seite=projekte&gr=beendet HTTP/1.1" 301 345 "-" "Mozilla/5.0 (compatible; Googlebot/2.1; +http://www.google.com/bot.html)" byte-artist.de
66.249.75.107 - - [09/Apr/2013:06:15:23 +0200] "GET /items_uebersicht.php?sort=l&ri=a&pos=12540&schritte=30 HTTP/1.1" 200 39951 "-" "Mozilla/5.0 (compatible; Googlebot/2.1; +http://www.google.com/bot.html)" rom.byte-artist.de
66.249.75.205 - - [09/Apr/2013:06:15:27 +0200] "GET /projekteindex.php?seite=projekte&gr=beendet HTTP/1.1" 301 325 "-" "Mozilla/5.0 (compatible; Googlebot/2.1; +http://www.google.com/bot.html)" www.byte-artist.de
66.249.75.205 - - [09/Apr/2013:06:15:52 +0200] "GET /projekte&gr=beendet HTTP/1.1" 200 9070 "-" "Mozilla/5.0 (compatible; Googlebot/2.1; +http://www.google.com/bot.html)" www.byte-artist.de
66.249.75.107 - - [09/Apr/2013:06:16:03 +0200] "GET /items_uebersicht.php?pos=6030&schritte=30&sort=ma&ri=d HTTP/1.1" 200 39472 "-" "Mozilla/5.0 (compatible; Googlebot/2.1; +http://www.google.com/bot.html)" rom.byte-artist.de
157.56.92.162 - - [09/Apr/2013:06:18:08 +0200] "GET /robots.txt HTTP/1.1" 301 308 "-" "Mozilla/5.0 (compatible; bingbot/2.0; +http://www.bing.com/bingbot.htm)" byte-artist.de
157.56.92.162 - - [09/Apr/2013:06:18:10 +0200] "GET /robots.txt HTTP/1.1" 200 9070 "-" "Mozilla/5.0 (compatible; bingbot/2.0; +http://www.bing.com/bingbot.htm)" www.byte-artist.de
157.56.92.162 - - [09/Apr/2013:06:19:39 +0200] "GET /projektehannelore/pages/kontakt.php HTTP/1.1" 301 333 "-" "Mozilla/5.0 (compatible; bingbot/2.0; +http://www.bing.com/bingbot.htm)" byte-artist.de
66.249.75.107 - - [09/Apr/2013:06:19:58 +0200] "GET /items_uebersicht.php?sort=pa&ri=d&pos=2390&schritte=30 HTTP/1.1" 200 38591 "-" "Mozilla/5.0 (compatible; Googlebot/2.1; +http://www.google.com/bot.html)" rom.byte-artist.de
66.249.75.107 - - [09/Apr/2013:06:28:23 +0200] "GET /items_uebersicht.php?pos=10250&schritte=30&sort=q&ri=a HTTP/1.1" 200 38447 "-" "Mozilla/5.0 (compatible; Googlebot/2.1; +http://www.google.com/bot.html)" rom.byte-artist.de
66.249.75.107 - - [09/Apr/2013:06:31:17 +0200] "GET /items_uebersicht.php?sort=s&ri=d&pos=11430&schritte=30 HTTP/1.1" 200 39663 "-" "Mozilla/5.0 (compatible; Googlebot/2.1; +http://www.google.com/bot.html)" rom.byte-artist.de
208.115.113.85 - - [09/Apr/2013:06:32:05 +0200] "GET /games/allgemeines/ HTTP/1.1" 200 7609 "-" "Mozilla/5.0 (compatible; Ezooms/1.0; ezooms.bot@gmail.com)" forum.byte-artist.de
208.115.113.85 - - [09/Apr/2013:06:32:08 +0200] "GET /software/allgemeines/ HTTP/1.1" 404 7618 "-" "Mozilla/5.0 (compatible; Ezooms/1.0; ezooms.bot@gmail.com)" forum.byte-artist.de
208.115.113.85 - - [09/Apr/2013:06:34:32 +0200] "GET /item_info.php?id=12592 HTTP/1.1" 200 1442 "-" "Mozilla/5.0 (compatible; Ezooms/1.0; ezooms.bot@gmail.com)" rom.byte-artist.de
208.115.113.85 - - [09/Apr/2013:06:34:33 +0200] "GET /item_info.php?id=13545 HTTP/1.1" 200 1442 "-" "Mozilla/5.0 (compatible; Ezooms/1.0; ezooms.bot@gmail.com)" rom.byte-artist.de
208.115.113.85 - - [09/Apr/2013:06:34:34 +0200] "GET /item_info.php?id=13728 HTTP/1.1" 200 1442 "-" "Mozilla/5.0 (compatible; Ezooms/1.0; ezooms.bot@gmail.com)" rom.byte-artist.de
208.115.113.85 - - [09/Apr/2013:06:34:35 +0200] "GET /item_info.php?id=14760 HTTP/1.1" 200 1442 "-" "Mozilla/5.0 (compatible; Ezooms/1.0; ezooms.bot@gmail.com)" rom.byte-artist.de
208.115.113.85 - - [09/Apr/2013:06:34:36 +0200] "GET /item_info.php?id=1736 HTTP/1.1" 200 1442 "-" "Mozilla/5.0 (compatible; Ezooms/1.0; ezooms.bot@gmail.com)" rom.byte-artist.de
208.115.113.85 - - [09/Apr/2013:06:34:37 +0200] "GET /item_info.php?id=176 HTTP/1.1" 200 1442 "-" "Mozilla/5.0 (compatible; Ezooms/1.0; ezooms.bot@gmail.com)" rom.byte-artist.de
208.115.113.85 - - [09/Apr/2013:06:34:38 +0200] "GET /item_info.php?id=2722 HTTP/1.1" 200 1442 "-" "Mozilla/5.0 (compatible; Ezooms/1.0; ezooms.bot@gmail.com)" rom.byte-artist.de
208.115.113.85 - - [09/Apr/2013:06:34:39 +0200] "GET /item_info.php?id=277 HTTP/1.1" 200 1442 "-" "Mozilla/5.0 (compatible; Ezooms/1.0; ezooms.bot@gmail.com)" rom.byte-artist.de
208.115.113.85 - - [09/Apr/2013:06:34:40 +0200] "GET /item_info.php?id=2975 HTTP/1.1" 200 1442 "-" "Mozilla/5.0 (compatible; Ezooms/1.0; ezooms.bot@gmail.com)" rom.byte-artist.de
208.115.113.85 - - [09/Apr/2013:06:34:41 +0200] "GET /item_info.php?id=3651 HTTP/1.1" 200 1442 "-" "Mozilla/5.0 (compatible; Ezooms/1.0; ezooms.bot@gmail.com)" rom.byte-artist.de
208.115.113.85 - - [09/Apr/2013:06:34:42 +0200] "GET /item_info.php?id=439 HTTP/1.1" 200 1442 "-" "Mozilla/5.0 (compatible; Ezooms/1.0; ezooms.bot@gmail.com)" rom.byte-artist.de
208.115.113.85 - - [09/Apr/2013:06:34:42 +0200] "GET /item_info.php?id=5397 HTTP/1.1" 200 1442 "-" "Mozilla/5.0 (compatible; Ezooms/1.0; ezooms.bot@gmail.com)" rom.byte-artist.de
208.115.113.85 - - [09/Apr/2013:06:34:43 +0200] "GET /item_info.php?id=6081 HTTP/1.1" 200 1442 "-" "Mozilla/5.0 (compatible; Ezooms/1.0; ezooms.bot@gmail.com)" rom.byte-artist.de
208.115.113.85 - - [09/Apr/2013:06:34:44 +0200] "GET /item_info.php?id=67 HTTP/1.1" 200 1442 "-" "Mozilla/5.0 (compatible; Ezooms/1.0; ezooms.bot@gmail.com)" rom.byte-artist.de
208.115.113.85 - - [09/Apr/2013:06:34:45 +0200] "GET /item_info.php?id=7140 HTTP/1.1" 200 1442 "-" "Mozilla/5.0 (compatible; Ezooms/1.0; ezooms.bot@gmail.com)" rom.byte-artist.de
208.115.113.85 - - [09/Apr/2013:06:34:53 +0200] "GET /item_info.php?id=7721 HTTP/1.1" 200 1442 "-" "Mozilla/5.0 (compatible; Ezooms/1.0; ezooms.bot@gmail.com)" rom.byte-artist.de
208.115.113.85 - - [09/Apr/2013:06:34:53 +0200] "GET /items_uebersicht.php?sort=pv&ri=a&pos=150&schritte=30 HTTP/1.1" 200 39648 "-" "Mozilla/5.0 (compatible; Ezooms/1.0; ezooms.bot@gmail.com)" rom.byte-artist.de
208.115.111.69 - - [09/Apr/2013:06:36:04 +0200] "GET /robots.txt HTTP/1.1" 404 276 "-" "Mozilla/5.0 (compatible; Ezooms/1.0; ezooms.bot@gmail.com)" rom.byte-artist.de
109.233.156.56 - - [09/Apr/2013:06:36:15 +0200] "GET /feed-rss/blog HTTP/1.1" 200 525 "-" "Mozilla/5.0" www.byte-artist.de
66.249.75.107 - - [09/Apr/2013:06:36:55 +0200] "GET /items_uebersicht.php?pos=13130&schritte=30&sort=k&ri=d HTTP/1.1" 200 39590 "-" "Mozilla/5.0 (compatible; Googlebot/2.1; +http://www.google.com/bot.html)" rom.byte-artist.de
66.249.75.107 - - [09/Apr/2013:06:39:00 +0200] "GET /items_uebersicht.php?pos=7370&schritte=30&sort=k&ri=a HTTP/1.1" 200 39552 "-" "Mozilla/5.0 (compatible; Googlebot/2.1; +http://www.google.com/bot.html)" rom.byte-artist.de
141.8.147.22 - - [09/Apr/2013:06:40:51 +0200] "GET /projekte/show/id/27 HTTP/1.1" 200 15121 "-" "Mozilla/5.0 (compatible; YandexBot/3.0; +http://yandex.com/bots)" www.byte-artist.de
66.249.75.107 - - [09/Apr/2013:06:41:30 +0200] "GET /items_uebersicht.php?pos=2970&schritte=30&sort=&ri= HTTP/1.1" 200 39377 "-" "Mozilla/5.0 (compatible; Googlebot/2.1; +http://www.google.com/bot.html)" rom.byte-artist.de
66.249.75.107 - - [09/Apr/2013:06:43:50 +0200] "GET /items_uebersicht.php?pos=0&schritte=30&sort=n&ri=d HTTP/1.1" 200 39231 "-" "Mozilla/5.0 (compatible; Googlebot/2.1; +http://www.google.com/bot.html)" rom.byte-artist.de
66.249.75.107 - - [09/Apr/2013:06:48:47 +0200] "GET /items_uebersicht.php?sort=t&ri=a&pos=8330&schritte=30 HTTP/1.1" 200 39625 "-" "Mozilla/5.0 (compatible; Googlebot/2.1; +http://www.google.com/bot.html)" rom.byte-artist.de
66.249.75.205 - - [09/Apr/2013:06:49:18 +0200] "GET /?tip_id=62 HTTP/1.1" 200 12723 "-" "Mozilla/5.0 (compatible; Googlebot/2.1; +http://www.google.com/bot.html)" www.byte-artist.de
66.249.75.107 - - [09/Apr/2013:06:52:09 +0200] "GET /items_uebersicht.php?sort=q&ri=a&pos=10730&schritte=30 HTTP/1.1" 200 40478 "-" "Mozilla/5.0 (compatible; Googlebot/2.1; +http://www.google.com/bot.html)" rom.byte-artist.de
66.249.75.107 - - [09/Apr/2013:06:56:11 +0200] "GET /items_uebersicht.php?sort=mv&ri=d&pos=7040&schritte=30 HTTP/1.1" 200 39361 "-" "Mozilla/5.0 (compatible; Googlebot/2.1; +http://www.google.com/bot.html)" rom.byte-artist.de
66.249.75.107 - - [09/Apr/2013:06:57:38 +0200] "GET /items_uebersicht.php?sort=n&ri=a&pos=7200&schritte=30 HTTP/1.1" 200 39634 "-" "Mozilla/5.0 (compatible; Googlebot/2.1; +http://www.google.com/bot.html)" rom.byte-artist.de
66.249.75.107 - - [09/Apr/2013:06:59:28 +0200] "GET /items_uebersicht.php?pos=3770&schritte=30&sort=ma&ri=d HTTP/1.1" 200 38948 "-" "Mozilla/5.0 (compatible; Googlebot/2.1; +http://www.google.com/bot.html)" rom.byte-artist.de
66.249.75.107 - - [09/Apr/2013:07:00:01 +0200] "GET /items_uebersicht.php?pos=3110&schritte=30&sort=ma&ri=d HTTP/1.1" 200 39062 "-" "Mozilla/5.0 (compatible; Googlebot/2.1; +http://www.google.com/bot.html)" rom.byte-artist.de
141.8.147.22 - - [09/Apr/2013:07:00:03 +0200] "GET /robots.txt HTTP/1.1" 301 308 "-" "Mozilla/5.0 (compatible; YandexBot/3.0; +http://yandex.com/bots)" byte-artist.de
141.8.147.22 - - [09/Apr/2013:07:00:05 +0200] "GET / HTTP/1.1" 301 298 "-" "Mozilla/5.0 (compatible; YandexBot/3.0; MirrorDetector; +http://yandex.com/bots)" byte-artist.de
141.8.147.22 - - [09/Apr/2013:07:00:13 +0200] "GET / HTTP/1.1" 200 12723 "-" "Mozilla/5.0 (compatible; YandexBot/3.0; MirrorDetector; +http://yandex.com/bots)" www.byte-artist.de
141.8.147.22 - - [09/Apr/2013:07:00:19 +0200] "GET / HTTP/1.1" 200 12723 "-" "Mozilla/5.0 (compatible; YandexBot/3.0; MirrorDetector; +http://yandex.com/bots)" www.byte-artist.de
95.108.216.252 - - [09/Apr/2013:07:02:11 +0200] "GET /hannelore/ HTTP/1.1" 302 297 "-" "Mozilla/5.0 (compatible; YandexBot/3.0; +http://yandex.com/bots)" projekte.byte-artist.de
66.249.75.107 - - [09/Apr/2013:07:02:44 +0200] "GET /items_uebersicht.php?sort=s&ri=d&pos=2300&schritte=30 HTTP/1.1" 200 40134 "-" "Mozilla/5.0 (compatible; Googlebot/2.1; +http://www.google.com/bot.html)" rom.byte-artist.de
66.249.75.107 - - [09/Apr/2013:07:02:46 +0200] "GET /items_uebersicht.php?pos=9620&schritte=30&sort=g&ri=d HTTP/1.1" 200 38877 "-" "Mozilla/5.0 (compatible; Googlebot/2.1; +http://www.google.com/bot.html)" rom.byte-artist.de
66.249.75.107 - - [09/Apr/2013:07:04:04 +0200] "GET /items_uebersicht.php?sort=sn&ri=d&pos=740&schritte=30 HTTP/1.1" 200 40119 "-" "Mozilla/5.0 (compatible; Googlebot/2.1; +http://www.google.com/bot.html)" rom.byte-artist.de
66.249.75.107 - - [09/Apr/2013:07:04:51 +0200] "GET /items_uebersicht.php?pos=1950&schritte=30&sort=n&ri=d HTTP/1.1" 200 38812 "-" "Mozilla/5.0 (compatible; Googlebot/2.1; +http://www.google.com/bot.html)" rom.byte-artist.de
66.249.75.107 - - [09/Apr/2013:07:06:08 +0200] "GET /items_uebersicht.php?pos=1490&schritte=30&sort=k&ri=a HTTP/1.1" 200 39395 "-" "Mozilla/5.0 (compatible; Googlebot/2.1; +http://www.google.com/bot.html)" rom.byte-artist.de
66.249.75.107 - - [09/Apr/2013:07:06:57 +0200] "GET /items_uebersicht.php?sort=ma&ri=a&pos=3000&schritte=30 HTTP/1.1" 200 39368 "-" "Mozilla/5.0 (compatible; Googlebot/2.1; +http://www.google.com/bot.html)" rom.byte-artist.de
66.249.75.107 - - [09/Apr/2013:07:07:03 +0200] "GET /items_uebersicht.php?pos=12840&schritte=30&sort=k&ri=d HTTP/1.1" 200 39457 "-" "Mozilla/5.0 (compatible; Googlebot/2.1; +http://www.google.com/bot.html)" rom.byte-artist.de
66.249.75.107 - - [09/Apr/2013:07:07:09 +0200] "GET /items_uebersicht.php?sort=sn&ri=d&pos=13490&schritte=30 HTTP/1.1" 200 39622 "-" "Mozilla/5.0 (compatible; Googlebot/2.1; +http://www.google.com/bot.html)" rom.byte-artist.de
66.249.75.107 - - [09/Apr/2013:07:08:54 +0200] "GET /items_uebersicht.php?sort=t&ri=d&pos=4200&schritte=30 HTTP/1.1" 200 40058 "-" "Mozilla/5.0 (compatible; Googlebot/2.1; +http://www.google.com/bot.html)" rom.byte-artist.de
66.249.75.107 - - [09/Apr/2013:07:09:00 +0200] "GET /items_uebersicht.php?pos=10520&schritte=30&sort=t&ri=d HTTP/1.1" 200 39247 "-" "Mozilla/5.0 (compatible; Googlebot/2.1; +http://www.google.com/bot.html)" rom.byte-artist.de
66.249.75.107 - - [09/Apr/2013:07:12:04 +0200] "GET /items_uebersicht.php?pos=14270&schritte=30&sort=q&ri=a HTTP/1.1" 200 39561 "-" "Mozilla/5.0 (compatible; Googlebot/2.1; +http://www.google.com/bot.html)" rom.byte-artist.de
66.249.75.107 - - [09/Apr/2013:07:12:05 +0200] "GET /items_uebersicht.php?pos=570&schritte=30&sort=sn&ri=d HTTP/1.1" 200 40543 "-" "Mozilla/5.0 (compatible; Googlebot/2.1; +http://www.google.com/bot.html)" rom.byte-artist.de
5.9.39.69 - - [09/Apr/2013:07:12:31 +0200] "GET /robots.txt HTTP/1.1" 301 308 "-" "Mozilla/5.0 (compatible; Infohelfer/1.3.3; +http://www.infohelfer.de/crawler.php)" byte-artist.de
5.9.39.69 - - [09/Apr/2013:07:12:31 +0200] "GET /robots.txt HTTP/1.1" 200 9070 "-" "Mozilla/5.0 (compatible; Infohelfer/1.3.3; +http://www.infohelfer.de/crawler.php)" www.byte-artist.de
5.9.39.69 - - [09/Apr/2013:07:12:31 +0200] "GET / HTTP/1.1" 301 298 "-" "Mozilla/5.0 (compatible; Infohelfer/1.3.3; +http://www.infohelfer.de/crawler.php)" byte-artist.de
66.249.75.92 - - [09/Apr/2013:07:12:41 +0200] "GET /robots.txt HTTP/1.1" 404 6655 "-" "Mozilla/5.0 (compatible; Googlebot/2.1; +http://www.google.com/bot.html)" forum.byte-artist.de
66.249.75.92 - - [09/Apr/2013:07:12:41 +0200] "GET /games/cabal/uebersicht-der-dungeon-eingaenge-in-cabal.html HTTP/1.1" 200 30918 "-" "Mozilla/5.0 (iPhone; U; CPU iPhone OS 4_1 like Mac OS X; en-us) AppleWebKit/532.9 (KHTML, like Gecko) Version/4.0.5 Mobile/8B117 Safari/6531.22.7 (compatible; Googlebot-Mobile/2.1; +http://www.google.com/bot.html)" forum.byte-artist.de
66.249.75.107 - - [09/Apr/2013:07:13:02 +0200] "GET /items_uebersicht.php?sort=mv&ri=d&pos=11730&schritte=30 HTTP/1.1" 200 39253 "-" "Mozilla/5.0 (compatible; Googlebot/2.1; +http://www.google.com/bot.html)" rom.byte-artist.de
66.249.75.107 - - [09/Apr/2013:07:13:08 +0200] "GET /item_info.php?id=9 HTTP/1.1" 200 1442 "-" "Mozilla/5.0 (iPhone; U; CPU iPhone OS 4_1 like Mac OS X; en-us) AppleWebKit/532.9 (KHTML, like Gecko) Version/4.0.5 Mobile/8B117 Safari/6531.22.7 (compatible; Googlebot-Mobile/2.1; +http://www.google.com/bot.html)" rom.byte-artist.de
66.249.75.205 - - [09/Apr/2013:07:13:18 +0200] "GET /tips HTTP/1.1" 200 101874 "-" "Mozilla/5.0 (iPhone; U; CPU iPhone OS 4_1 like Mac OS X; en-us) AppleWebKit/532.9 (KHTML, like Gecko) Version/4.0.5 Mobile/8B117 Safari/6531.22.7 (compatible; Googlebot-Mobile/2.1; +http://www.google.com/bot.html)" www.byte-artist.de
66.249.75.107 - - [09/Apr/2013:07:17:59 +0200] "GET /items_uebersicht.php?sort=sn&ri=a&pos=4710&schritte=30 HTTP/1.1" 200 39590 "-" "Mozilla/5.0 (compatible; Googlebot/2.1; +http://www.google.com/bot.html)" rom.byte-artist.de
141.8.147.22 - - [09/Apr/2013:07:19:19 +0200] "GET /off-topic/kummerkasten/bugs-und-wuensche-zum-forum-seite-1.html HTTP/1.1" 200 12088 "-" "Mozilla/5.0 (compatible; YandexBot/3.0; +http://yandex.com/bots)" forum.byte-artist.de
66.249.75.107 - - [09/Apr/2013:07:20:33 +0200] "GET /items_uebersicht.php?pos=12990&schritte=30&sort=n&ri=a HTTP/1.1" 200 39355 "-" "Mozilla/5.0 (compatible; Googlebot/2.1; +http://www.google.com/bot.html)" rom.byte-artist.de
109.233.152.56 - - [09/Apr/2013:07:20:57 +0200] "GET /feed-rss/blog HTTP/1.1" 200 525 "-" "Mozilla/5.0" www.byte-artist.de
66.249.75.107 - - [09/Apr/2013:07:22:41 +0200] "GET /items_uebersicht.php?sort=s&ri=a&pos=14000&schritte=30 HTTP/1.1" 200 39783 "-" "Mozilla/5.0 (compatible; Googlebot/2.1; +http://www.google.com/bot.html)" rom.byte-artist.de
199.30.20.63 - - [09/Apr/2013:07:23:44 +0200] "GET /robots.txt HTTP/1.1" 302 297 "-" "msnbot-media/1.1 (+http://search.msn.com/msnbot.htm)" projekte.byte-artist.de
199.30.20.63 - - [09/Apr/2013:07:23:44 +0200] "GET /projekterobots.txt HTTP/1.1" 301 316 "-" "msnbot-media/1.1 (+http://search.msn.com/msnbot.htm)" byte-artist.de
199.30.20.63 - - [09/Apr/2013:07:23:45 +0200] "GET /projekterobots.txt HTTP/1.1" 200 9070 "-" "msnbot-media/1.1 (+http://search.msn.com/msnbot.htm)" www.byte-artist.de
199.30.20.63 - - [09/Apr/2013:07:23:45 +0200] "GET /hannelore/images/layout/arbeiten_rundung_oben_links.gif HTTP/1.1" 302 342 "-" "msnbot-media/1.1 (+http://search.msn.com/msnbot.htm)" projekte.byte-artist.de
199.30.20.63 - - [09/Apr/2013:07:23:45 +0200] "GET /robots.txt HTTP/1.1" 301 308 "-" "msnbot-media/1.1 (+http://search.msn.com/msnbot.htm)" byte-artist.de
199.30.20.63 - - [09/Apr/2013:07:23:45 +0200] "GET /robots.txt HTTP/1.1" 200 9070 "-" "msnbot-media/1.1 (+http://search.msn.com/msnbot.htm)" www.byte-artist.de
199.30.20.63 - - [09/Apr/2013:07:23:46 +0200] "GET /projektehannelore/images/layout/arbeiten_rundung_oben_links.gif HTTP/1.1" 301 361 "-" "msnbot-media/1.1 (+http://search.msn.com/msnbot.htm)" byte-artist.de
199.30.20.63 - - [09/Apr/2013:07:23:46 +0200] "GET /robots.txt HTTP/1.1" 200 9070 "-" "msnbot-media/1.1 (+http://search.msn.com/msnbot.htm)" www.byte-artist.de
199.30.20.63 - - [09/Apr/2013:07:23:46 +0200] "GET /projektehannelore/images/layout/arbeiten_rundung_oben_links.gif HTTP/1.1" 200 9070 "-" "msnbot-media/1.1 (+http://search.msn.com/msnbot.htm)" www.byte-artist.de
66.249.75.107 - - [09/Apr/2013:07:24:57 +0200] "GET /items_uebersicht.php?pos=14540&schritte=30&sort=mv&ri=a HTTP/1.1" 200 39850 "-" "Mozilla/5.0 (compatible; Googlebot/2.1; +http://www.google.com/bot.html)" rom.byte-artist.de
66.249.75.107 - - [09/Apr/2013:07:26:37 +0200] "GET /items_uebersicht.php?sort=k&ri=d&pos=4650&schritte=30 HTTP/1.1" 200 39536 "-" "Mozilla/5.0 (compatible; Googlebot/2.1; +http://www.google.com/bot.html)" rom.byte-artist.de
66.249.75.107 - - [09/Apr/2013:07:26:50 +0200] "GET /items_uebersicht.php?sort=ma&ri=d&pos=15110&schritte=30 HTTP/1.1" 200 40001 "-" "Mozilla/5.0 (compatible; Googlebot/2.1; +http://www.google.com/bot.html)" rom.byte-artist.de
66.249.75.107 - - [09/Apr/2013:07:28:40 +0200] "GET /items_uebersicht.php?pos=240&schritte=30&sort=g&ri=d HTTP/1.1" 200 39669 "-" "Mozilla/5.0 (compatible; Googlebot/2.1; +http://www.google.com/bot.html)" rom.byte-artist.de
66.249.75.107 - - [09/Apr/2013:07:29:41 +0200] "GET /items_uebersicht.php?pos=740&schritte=30&sort=as&ri=d HTTP/1.1" 200 39500 "-" "Mozilla/5.0 (compatible; Googlebot/2.1; +http://www.google.com/bot.html)" rom.byte-artist.de
66.249.75.107 - - [09/Apr/2013:07:30:51 +0200] "GET /items_uebersicht.php?sort=as&ri=d&pos=950&schritte=30 HTTP/1.1" 200 39610 "-" "Mozilla/5.0 (compatible; Googlebot/2.1; +http://www.google.com/bot.html)" rom.byte-artist.de
66.249.75.107 - - [09/Apr/2013:07:33:47 +0200] "GET /items_uebersicht.php?sort=s&ri=d&pos=3150&schritte=30 HTTP/1.1" 200 39578 "-" "Mozilla/5.0 (compatible; Googlebot/2.1; +http://www.google.com/bot.html)" rom.byte-artist.de
66.249.75.107 - - [09/Apr/2013:07:34:36 +0200] "GET /items_uebersicht.php?sort=as&ri=d&pos=750&schritte=30 HTTP/1.1" 200 39573 "-" "Mozilla/5.0 (compatible; Googlebot/2.1; +http://www.google.com/bot.html)" rom.byte-artist.de
66.249.75.107 - - [09/Apr/2013:07:34:53 +0200] "GET /items_uebersicht.php?pos=710&schritte=30&sort=n&ri=a HTTP/1.1" 200 39341 "-" "Mozilla/5.0 (compatible; Googlebot/2.1; +http://www.google.com/bot.html)" rom.byte-artist.de
66.249.75.107 - - [09/Apr/2013:07:37:46 +0200] "GET /items_uebersicht.php?sort=mv&ri=a&pos=12270&schritte=30 HTTP/1.1" 200 39516 "-" "Mozilla/5.0 (compatible; Googlebot/2.1; +http://www.google.com/bot.html)" rom.byte-artist.de
66.249.75.107 - - [09/Apr/2013:07:38:20 +0200] "GET /items_uebersicht.php?pos=1490&schritte=30&sort=s&ri=d HTTP/1.1" 200 39266 "-" "Mozilla/5.0 (compatible; Googlebot/2.1; +http://www.google.com/bot.html)" rom.byte-artist.de
141.8.147.22 - - [09/Apr/2013:07:38:37 +0200] "GET /feed-rss/projekte/kommentare/8 HTTP/1.1" 200 3874 "-" "Mozilla/5.0 (compatible; YandexBot/3.0; +http://yandex.com/bots)" www.byte-artist.de
66.249.75.107 - - [09/Apr/2013:07:38:45 +0200] "GET /items_uebersicht.php?pos=4500&schritte=30&sort=pa&ri=d HTTP/1.1" 200 39496 "-" "Mozilla/5.0 (compatible; Googlebot/2.1; +http://www.google.com/bot.html)" rom.byte-artist.de
66.249.75.107 - - [09/Apr/2013:07:39:36 +0200] "GET /items_uebersicht.php?sort=n&ri=d&pos=9630&schritte=30 HTTP/1.1" 200 40443 "-" "Mozilla/5.0 (compatible; Googlebot/2.1; +http://www.google.com/bot.html)" rom.byte-artist.de
66.249.75.91 - - [09/Apr/2013:07:42:46 +0200] "GET / HTTP/1.1" 301 298 "-" "Mozilla/5.0 (compatible; Googlebot/2.1; +http://www.google.com/bot.html)" byte-artist.de
66.249.75.205 - - [09/Apr/2013:07:43:05 +0200] "GET / HTTP/1.1" 200 12723 "-" "Mozilla/5.0 (compatible; Googlebot/2.1; +http://www.google.com/bot.html)" www.byte-artist.de
66.249.75.107 - - [09/Apr/2013:07:45:52 +0200] "GET /items_uebersicht.php?sort=q&ri=a&pos=7230&schritte=30 HTTP/1.1" 200 39329 "-" "Mozilla/5.0 (compatible; Googlebot/2.1; +http://www.google.com/bot.html)" rom.byte-artist.de
66.249.75.107 - - [09/Apr/2013:07:46:01 +0200] "GET /items_uebersicht.php?sort=g&ri=d&pos=540&schritte=30 HTTP/1.1" 200 39691 "-" "Mozilla/5.0 (compatible; Googlebot/2.1; +http://www.google.com/bot.html)" rom.byte-artist.de
